ThreadScheduler[0_0_0]_breakdown_etc: 936
ThreadScheduler[0_0_0]_breakdown_run: 36517
ThreadScheduler[0_0_0]_breakdown_dma: 842
Logic[0_0_0]_active_tasklets_3: 526
Logic[0_0_0]_active_tasklets_4: 493
Logic[0_0_0]_active_tasklets_0: 19239
Logic[0_0_0]_active_tasklets_8: 122
Logic[0_0_0]_active_tasklets_10: 133
Logic[0_0_0]_active_tasklets_12: 124
Logic[0_0_0]_logic_cycle: 57519
Logic[0_0_0]_num_instructions: 36517
Logic[0_0_0]_active_tasklets_5: 550
Logic[0_0_0]_active_tasklets_6: 476
Logic[0_0_0]_active_tasklets_7: 145
Logic[0_0_0]_active_tasklets_9: 240
Logic[0_0_0]_active_tasklets_11: 87
Logic[0_0_0]_active_tasklets_13: 117
Logic[0_0_0]_backpressure: 19224
Logic[0_0_0]_active_tasklets_14: 946
Logic[0_0_0]_active_tasklets_15: 1415
Logic[0_0_0]_active_tasklets_1: 245
Logic[0_0_0]_active_tasklets_2: 392
Logic[0_0_0]_active_tasklets_16: 32269
CycleRule[0_0_0]_cycle_rule: 13420
MemoryController[0_0_0]_memory_cycle: 1118442
MemoryScheduler[0_0_0]_num_fcfs: 1724
MemoryScheduler[0_0_0]_num_fr: 57
RowBuffer[0_0_0]_read_bytes: 7168
RowBuffer[0_0_0]_num_writes: 899
RowBuffer[0_0_0]_write_bytes: 7168
RowBuffer[0_0_0]_num_activations: 21
RowBuffer[0_0_0]_num_precharges: 19
RowBuffer[0_0_0]_num_reads: 903
ThreadScheduler[0_0_1]_breakdown_etc: 936
ThreadScheduler[0_0_1]_breakdown_run: 36517
ThreadScheduler[0_0_1]_breakdown_dma: 842
Logic[0_0_1]_active_tasklets_6: 476
Logic[0_0_1]_active_tasklets_0: 19239
Logic[0_0_1]_active_tasklets_13: 117
Logic[0_0_1]_active_tasklets_14: 946
Logic[0_0_1]_active_tasklets_3: 526
Logic[0_0_1]_backpressure: 19224
Logic[0_0_1]_active_tasklets_8: 122
Logic[0_0_1]_active_tasklets_10: 133
Logic[0_0_1]_active_tasklets_15: 1415
Logic[0_0_1]_logic_cycle: 57519
Logic[0_0_1]_active_tasklets_2: 392
Logic[0_0_1]_active_tasklets_4: 493
Logic[0_0_1]_active_tasklets_7: 145
Logic[0_0_1]_active_tasklets_9: 240
Logic[0_0_1]_active_tasklets_12: 124
Logic[0_0_1]_active_tasklets_1: 245
Logic[0_0_1]_active_tasklets_5: 550
Logic[0_0_1]_active_tasklets_11: 87
Logic[0_0_1]_active_tasklets_16: 32269
Logic[0_0_1]_num_instructions: 36517
CycleRule[0_0_1]_cycle_rule: 13420
MemoryController[0_0_1]_memory_cycle: 1118442
MemoryScheduler[0_0_1]_num_fcfs: 1724
MemoryScheduler[0_0_1]_num_fr: 57
RowBuffer[0_0_1]_num_activations: 21
RowBuffer[0_0_1]_num_precharges: 19
RowBuffer[0_0_1]_num_reads: 903
RowBuffer[0_0_1]_read_bytes: 7168
RowBuffer[0_0_1]_num_writes: 899
RowBuffer[0_0_1]_write_bytes: 7168
ThreadScheduler[0_0_2]_breakdown_etc: 936
ThreadScheduler[0_0_2]_breakdown_run: 36517
ThreadScheduler[0_0_2]_breakdown_dma: 842
Logic[0_0_2]_active_tasklets_0: 19239
Logic[0_0_2]_active_tasklets_7: 145
Logic[0_0_2]_active_tasklets_8: 122
Logic[0_0_2]_active_tasklets_9: 240
Logic[0_0_2]_active_tasklets_13: 117
Logic[0_0_2]_active_tasklets_14: 946
Logic[0_0_2]_num_instructions: 36517
Logic[0_0_2]_active_tasklets_3: 526
Logic[0_0_2]_active_tasklets_11: 87
Logic[0_0_2]_active_tasklets_12: 124
Logic[0_0_2]_active_tasklets_15: 1415
Logic[0_0_2]_active_tasklets_16: 32269
Logic[0_0_2]_active_tasklets_1: 245
Logic[0_0_2]_active_tasklets_10: 133
Logic[0_0_2]_logic_cycle: 57519
Logic[0_0_2]_active_tasklets_2: 392
Logic[0_0_2]_active_tasklets_5: 550
Logic[0_0_2]_backpressure: 19224
Logic[0_0_2]_active_tasklets_4: 493
Logic[0_0_2]_active_tasklets_6: 476
CycleRule[0_0_2]_cycle_rule: 13420
MemoryController[0_0_2]_memory_cycle: 1118442
MemoryScheduler[0_0_2]_num_fr: 57
MemoryScheduler[0_0_2]_num_fcfs: 1724
RowBuffer[0_0_2]_num_reads: 903
RowBuffer[0_0_2]_read_bytes: 7168
RowBuffer[0_0_2]_num_writes: 899
RowBuffer[0_0_2]_write_bytes: 7168
RowBuffer[0_0_2]_num_activations: 21
RowBuffer[0_0_2]_num_precharges: 19
ThreadScheduler[0_0_3]_breakdown_etc: 936
ThreadScheduler[0_0_3]_breakdown_run: 36517
ThreadScheduler[0_0_3]_breakdown_dma: 842
Logic[0_0_3]_active_tasklets_10: 133
Logic[0_0_3]_logic_cycle: 57519
Logic[0_0_3]_active_tasklets_3: 526
Logic[0_0_3]_backpressure: 19224
Logic[0_0_3]_active_tasklets_14: 946
Logic[0_0_3]_active_tasklets_15: 1415
Logic[0_0_3]_active_tasklets_6: 476
Logic[0_0_3]_active_tasklets_0: 19239
Logic[0_0_3]_active_tasklets_13: 117
Logic[0_0_3]_active_tasklets_16: 32269
Logic[0_0_3]_active_tasklets_9: 240
Logic[0_0_3]_active_tasklets_1: 245
Logic[0_0_3]_num_instructions: 36517
Logic[0_0_3]_active_tasklets_4: 493
Logic[0_0_3]_active_tasklets_5: 550
Logic[0_0_3]_active_tasklets_7: 145
Logic[0_0_3]_active_tasklets_11: 87
Logic[0_0_3]_active_tasklets_12: 124
Logic[0_0_3]_active_tasklets_2: 392
Logic[0_0_3]_active_tasklets_8: 122
CycleRule[0_0_3]_cycle_rule: 13420
MemoryController[0_0_3]_memory_cycle: 1118442
MemoryScheduler[0_0_3]_num_fcfs: 1724
MemoryScheduler[0_0_3]_num_fr: 57
RowBuffer[0_0_3]_num_writes: 899
RowBuffer[0_0_3]_write_bytes: 7168
RowBuffer[0_0_3]_num_activations: 21
RowBuffer[0_0_3]_num_precharges: 19
RowBuffer[0_0_3]_num_reads: 903
RowBuffer[0_0_3]_read_bytes: 7168
ThreadScheduler[0_0_4]_breakdown_etc: 936
ThreadScheduler[0_0_4]_breakdown_run: 36517
ThreadScheduler[0_0_4]_breakdown_dma: 842
Logic[0_0_4]_logic_cycle: 57519
Logic[0_0_4]_active_tasklets_12: 124
Logic[0_0_4]_active_tasklets_13: 117
Logic[0_0_4]_active_tasklets_1: 245
Logic[0_0_4]_active_tasklets_4: 493
Logic[0_0_4]_active_tasklets_5: 550
Logic[0_0_4]_active_tasklets_7: 145
Logic[0_0_4]_active_tasklets_8: 122
Logic[0_0_4]_active_tasklets_16: 32269
Logic[0_0_4]_active_tasklets_3: 526
Logic[0_0_4]_active_tasklets_6: 476
Logic[0_0_4]_backpressure: 19224
Logic[0_0_4]_active_tasklets_9: 240
Logic[0_0_4]_active_tasklets_11: 87
Logic[0_0_4]_active_tasklets_14: 946
Logic[0_0_4]_active_tasklets_15: 1415
Logic[0_0_4]_active_tasklets_10: 133
Logic[0_0_4]_num_instructions: 36517
Logic[0_0_4]_active_tasklets_2: 392
Logic[0_0_4]_active_tasklets_0: 19239
CycleRule[0_0_4]_cycle_rule: 13420
MemoryController[0_0_4]_memory_cycle: 1118442
MemoryScheduler[0_0_4]_num_fcfs: 1724
MemoryScheduler[0_0_4]_num_fr: 57
RowBuffer[0_0_4]_read_bytes: 7168
RowBuffer[0_0_4]_num_writes: 899
RowBuffer[0_0_4]_write_bytes: 7168
RowBuffer[0_0_4]_num_activations: 21
RowBuffer[0_0_4]_num_precharges: 19
RowBuffer[0_0_4]_num_reads: 903
ThreadScheduler[0_0_5]_breakdown_dma: 842
ThreadScheduler[0_0_5]_breakdown_etc: 936
ThreadScheduler[0_0_5]_breakdown_run: 36517
Logic[0_0_5]_num_instructions: 36517
Logic[0_0_5]_active_tasklets_6: 476
Logic[0_0_5]_active_tasklets_13: 117
Logic[0_0_5]_active_tasklets_14: 946
Logic[0_0_5]_active_tasklets_10: 133
Logic[0_0_5]_active_tasklets_2: 392
Logic[0_0_5]_active_tasklets_3: 526
Logic[0_0_5]_active_tasklets_5: 550
Logic[0_0_5]_backpressure: 19224
Logic[0_0_5]_active_tasklets_0: 19239
Logic[0_0_5]_active_tasklets_8: 122
Logic[0_0_5]_active_tasklets_9: 240
Logic[0_0_5]_active_tasklets_1: 245
Logic[0_0_5]_logic_cycle: 57519
Logic[0_0_5]_active_tasklets_4: 493
Logic[0_0_5]_active_tasklets_11: 87
Logic[0_0_5]_active_tasklets_12: 124
Logic[0_0_5]_active_tasklets_15: 1415
Logic[0_0_5]_active_tasklets_16: 32269
Logic[0_0_5]_active_tasklets_7: 145
CycleRule[0_0_5]_cycle_rule: 13420
MemoryController[0_0_5]_memory_cycle: 1118442
MemoryScheduler[0_0_5]_num_fcfs: 1724
MemoryScheduler[0_0_5]_num_fr: 57
RowBuffer[0_0_5]_read_bytes: 7168
RowBuffer[0_0_5]_num_writes: 899
RowBuffer[0_0_5]_write_bytes: 7168
RowBuffer[0_0_5]_num_activations: 21
RowBuffer[0_0_5]_num_precharges: 19
RowBuffer[0_0_5]_num_reads: 903
ThreadScheduler[0_0_6]_breakdown_etc: 936
ThreadScheduler[0_0_6]_breakdown_run: 36517
ThreadScheduler[0_0_6]_breakdown_dma: 842
Logic[0_0_6]_active_tasklets_16: 32269
Logic[0_0_6]_active_tasklets_8: 122
Logic[0_0_6]_active_tasklets_10: 133
Logic[0_0_6]_active_tasklets_1: 245
Logic[0_0_6]_active_tasklets_2: 392
Logic[0_0_6]_active_tasklets_3: 526
Logic[0_0_6]_active_tasklets_5: 550
Logic[0_0_6]_active_tasklets_0: 19239
Logic[0_0_6]_active_tasklets_15: 1415
Logic[0_0_6]_num_instructions: 36517
Logic[0_0_6]_active_tasklets_7: 145
Logic[0_0_6]_active_tasklets_11: 87
Logic[0_0_6]_logic_cycle: 57519
Logic[0_0_6]_active_tasklets_6: 476
Logic[0_0_6]_backpressure: 19224
Logic[0_0_6]_active_tasklets_13: 117
Logic[0_0_6]_active_tasklets_4: 493
Logic[0_0_6]_active_tasklets_9: 240
Logic[0_0_6]_active_tasklets_12: 124
Logic[0_0_6]_active_tasklets_14: 946
CycleRule[0_0_6]_cycle_rule: 13420
MemoryController[0_0_6]_memory_cycle: 1118442
MemoryScheduler[0_0_6]_num_fcfs: 1724
MemoryScheduler[0_0_6]_num_fr: 57
RowBuffer[0_0_6]_num_writes: 899
RowBuffer[0_0_6]_write_bytes: 7168
RowBuffer[0_0_6]_num_activations: 21
RowBuffer[0_0_6]_num_precharges: 19
RowBuffer[0_0_6]_num_reads: 903
RowBuffer[0_0_6]_read_bytes: 7168
ThreadScheduler[0_0_7]_breakdown_run: 36517
ThreadScheduler[0_0_7]_breakdown_dma: 842
ThreadScheduler[0_0_7]_breakdown_etc: 936
Logic[0_0_7]_active_tasklets_6: 476
Logic[0_0_7]_active_tasklets_13: 117
Logic[0_0_7]_active_tasklets_4: 493
Logic[0_0_7]_backpressure: 19224
Logic[0_0_7]_active_tasklets_14: 946
Logic[0_0_7]_active_tasklets_16: 32269
Logic[0_0_7]_active_tasklets_2: 392
Logic[0_0_7]_active_tasklets_8: 122
Logic[0_0_7]_active_tasklets_15: 1415
Logic[0_0_7]_active_tasklets_0: 19239
Logic[0_0_7]_active_tasklets_7: 145
Logic[0_0_7]_active_tasklets_9: 240
Logic[0_0_7]_active_tasklets_11: 87
Logic[0_0_7]_active_tasklets_12: 124
Logic[0_0_7]_active_tasklets_10: 133
Logic[0_0_7]_active_tasklets_1: 245
Logic[0_0_7]_logic_cycle: 57519
Logic[0_0_7]_num_instructions: 36517
Logic[0_0_7]_active_tasklets_3: 526
Logic[0_0_7]_active_tasklets_5: 550
CycleRule[0_0_7]_cycle_rule: 13420
MemoryController[0_0_7]_memory_cycle: 1118442
MemoryScheduler[0_0_7]_num_fcfs: 1724
MemoryScheduler[0_0_7]_num_fr: 57
RowBuffer[0_0_7]_write_bytes: 7168
RowBuffer[0_0_7]_num_activations: 21
RowBuffer[0_0_7]_num_precharges: 19
RowBuffer[0_0_7]_num_reads: 903
RowBuffer[0_0_7]_read_bytes: 7168
RowBuffer[0_0_7]_num_writes: 899
HostTransfer_h2d_bytes: 49152
HostTransfer_num_h2d: 16
HostTransfer_d2h_cycle: 18492
HostTransfer_d2h_bytes: 8192
HostTransfer_num_d2h: 8
HostTransfer_transfer_cycle: 128888
HostTransfer_xfer_model_trace_cycle: 3
HostTransfer_h2d_cycle: 110396
MemoryScheduler_num_fr: 3065
MemoryScheduler_num_fcfs: 3997
VmBank[0_0_0]_vm_memory_cycle: 128888
VmRowBuffer[0_0_0]_num_reads: 3088
VmRowBuffer[0_0_0]_read_bytes: 24576
VmRowBuffer[0_0_0]_num_activations: 65
VmRowBuffer[0_0_0]_num_precharges: 63
VmRowBuffer[0_0_0]_num_writes: 520
VmRowBuffer[0_0_0]_write_bytes: 4096
VmBank[0_0_1]_vm_memory_cycle: 128888
VmRowBuffer[0_0_1]_num_writes: 512
VmRowBuffer[0_0_1]_write_bytes: 4096
VmRowBuffer[0_0_1]_num_reads: 3072
VmRowBuffer[0_0_1]_read_bytes: 24576
VmRowBuffer[0_0_1]_num_activations: 65
VmRowBuffer[0_0_1]_num_precharges: 63
VmBank[0_0_2]_vm_memory_cycle: 128888
VmBank[0_0_3]_vm_memory_cycle: 128888
VmBank[0_0_4]_vm_memory_cycle: 128888
VmBank[0_0_5]_vm_memory_cycle: 128888
VmBank[0_0_6]_vm_memory_cycle: 128888
VmBank[0_0_7]_vm_memory_cycle: 128888
VmBank[0_0_8]_vm_memory_cycle: 128888
VmBank[0_0_9]_vm_memory_cycle: 128888
VmBank[0_0_10]_vm_memory_cycle: 128888
VmBank[0_0_11]_vm_memory_cycle: 128888
VmBank[0_0_12]_vm_memory_cycle: 128888
VmBank[0_0_13]_vm_memory_cycle: 128888
VmBank[0_0_14]_vm_memory_cycle: 128888
VmBank[0_0_15]_vm_memory_cycle: 128888
