ThreadScheduler[0_0_0]_breakdown_etc: 1025
ThreadScheduler[0_0_0]_breakdown_run: 20060
ThreadScheduler[0_0_0]_breakdown_dma: 228
Logic[0_0_0]_active_tasklets_2: 296
Logic[0_0_0]_active_tasklets_6: 222
Logic[0_0_0]_active_tasklets_9: 396
Logic[0_0_0]_active_tasklets_11: 406
Logic[0_0_0]_active_tasklets_13: 99
Logic[0_0_0]_active_tasklets_16: 16347
Logic[0_0_0]_active_tasklets_1: 265
Logic[0_0_0]_active_tasklets_4: 251
Logic[0_0_0]_active_tasklets_5: 256
Logic[0_0_0]_backpressure: 9525
Logic[0_0_0]_active_tasklets_0: 9540
Logic[0_0_0]_active_tasklets_10: 331
Logic[0_0_0]_logic_cycle: 30838
Logic[0_0_0]_num_instructions: 20060
Logic[0_0_0]_active_tasklets_8: 319
Logic[0_0_0]_active_tasklets_12: 214
Logic[0_0_0]_active_tasklets_15: 583
Logic[0_0_0]_active_tasklets_3: 238
Logic[0_0_0]_active_tasklets_7: 328
Logic[0_0_0]_active_tasklets_14: 747
CycleRule[0_0_0]_cycle_rule: 6988
MemoryController[0_0_0]_memory_cycle: 623970
MemoryScheduler[0_0_0]_num_fcfs: 1012
RowBuffer[0_0_0]_num_precharges: 17
RowBuffer[0_0_0]_num_reads: 516
RowBuffer[0_0_0]_read_bytes: 4096
RowBuffer[0_0_0]_num_writes: 515
RowBuffer[0_0_0]_write_bytes: 4096
RowBuffer[0_0_0]_num_activations: 19
ThreadScheduler[0_0_1]_breakdown_etc: 1025
ThreadScheduler[0_0_1]_breakdown_run: 20060
ThreadScheduler[0_0_1]_breakdown_dma: 228
Logic[0_0_1]_active_tasklets_6: 222
Logic[0_0_1]_active_tasklets_0: 9540
Logic[0_0_1]_active_tasklets_12: 214
Logic[0_0_1]_num_instructions: 20060
Logic[0_0_1]_active_tasklets_2: 296
Logic[0_0_1]_active_tasklets_7: 328
Logic[0_0_1]_active_tasklets_8: 319
Logic[0_0_1]_active_tasklets_9: 396
Logic[0_0_1]_active_tasklets_14: 747
Logic[0_0_1]_active_tasklets_16: 16347
Logic[0_0_1]_active_tasklets_1: 265
Logic[0_0_1]_active_tasklets_3: 238
Logic[0_0_1]_active_tasklets_4: 251
Logic[0_0_1]_active_tasklets_5: 256
Logic[0_0_1]_active_tasklets_10: 331
Logic[0_0_1]_active_tasklets_11: 406
Logic[0_0_1]_logic_cycle: 30838
Logic[0_0_1]_backpressure: 9525
Logic[0_0_1]_active_tasklets_13: 99
Logic[0_0_1]_active_tasklets_15: 583
CycleRule[0_0_1]_cycle_rule: 6988
MemoryController[0_0_1]_memory_cycle: 623970
MemoryScheduler[0_0_1]_num_fcfs: 1012
RowBuffer[0_0_1]_read_bytes: 4096
RowBuffer[0_0_1]_num_writes: 515
RowBuffer[0_0_1]_write_bytes: 4096
RowBuffer[0_0_1]_num_activations: 19
RowBuffer[0_0_1]_num_precharges: 17
RowBuffer[0_0_1]_num_reads: 516
ThreadScheduler[0_0_2]_breakdown_etc: 1025
ThreadScheduler[0_0_2]_breakdown_run: 20060
ThreadScheduler[0_0_2]_breakdown_dma: 228
Logic[0_0_2]_active_tasklets_6: 222
Logic[0_0_2]_active_tasklets_0: 9540
Logic[0_0_2]_active_tasklets_11: 406
Logic[0_0_2]_active_tasklets_15: 583
Logic[0_0_2]_active_tasklets_16: 16347
Logic[0_0_2]_logic_cycle: 30838
Logic[0_0_2]_num_instructions: 20060
Logic[0_0_2]_active_tasklets_8: 319
Logic[0_0_2]_active_tasklets_9: 396
Logic[0_0_2]_active_tasklets_1: 265
Logic[0_0_2]_active_tasklets_3: 238
Logic[0_0_2]_active_tasklets_4: 251
Logic[0_0_2]_backpressure: 9525
Logic[0_0_2]_active_tasklets_13: 99
Logic[0_0_2]_active_tasklets_14: 747
Logic[0_0_2]_active_tasklets_10: 331
Logic[0_0_2]_active_tasklets_12: 214
Logic[0_0_2]_active_tasklets_7: 328
Logic[0_0_2]_active_tasklets_2: 296
Logic[0_0_2]_active_tasklets_5: 256
CycleRule[0_0_2]_cycle_rule: 6988
MemoryController[0_0_2]_memory_cycle: 623970
MemoryScheduler[0_0_2]_num_fcfs: 1012
RowBuffer[0_0_2]_num_activations: 19
RowBuffer[0_0_2]_num_precharges: 17
RowBuffer[0_0_2]_num_reads: 516
RowBuffer[0_0_2]_read_bytes: 4096
RowBuffer[0_0_2]_num_writes: 515
RowBuffer[0_0_2]_write_bytes: 4096
ThreadScheduler[0_0_3]_breakdown_etc: 1025
ThreadScheduler[0_0_3]_breakdown_run: 20060
ThreadScheduler[0_0_3]_breakdown_dma: 228
Logic[0_0_3]_active_tasklets_11: 406
Logic[0_0_3]_active_tasklets_13: 99
Logic[0_0_3]_logic_cycle: 30838
Logic[0_0_3]_active_tasklets_3: 238
Logic[0_0_3]_active_tasklets_4: 251
Logic[0_0_3]_backpressure: 9525
Logic[0_0_3]_active_tasklets_10: 331
Logic[0_0_3]_active_tasklets_16: 16347
Logic[0_0_3]_active_tasklets_1: 265
Logic[0_0_3]_active_tasklets_2: 296
Logic[0_0_3]_active_tasklets_6: 222
Logic[0_0_3]_active_tasklets_14: 747
Logic[0_0_3]_active_tasklets_15: 583
Logic[0_0_3]_num_instructions: 20060
Logic[0_0_3]_active_tasklets_8: 319
Logic[0_0_3]_active_tasklets_9: 396
Logic[0_0_3]_active_tasklets_12: 214
Logic[0_0_3]_active_tasklets_5: 256
Logic[0_0_3]_active_tasklets_0: 9540
Logic[0_0_3]_active_tasklets_7: 328
CycleRule[0_0_3]_cycle_rule: 6988
MemoryController[0_0_3]_memory_cycle: 623970
MemoryScheduler[0_0_3]_num_fcfs: 1012
RowBuffer[0_0_3]_num_reads: 516
RowBuffer[0_0_3]_read_bytes: 4096
RowBuffer[0_0_3]_num_writes: 515
RowBuffer[0_0_3]_write_bytes: 4096
RowBuffer[0_0_3]_num_activations: 19
RowBuffer[0_0_3]_num_precharges: 17
ThreadScheduler[0_0_4]_breakdown_etc: 1025
ThreadScheduler[0_0_4]_breakdown_run: 20060
ThreadScheduler[0_0_4]_breakdown_dma: 228
Logic[0_0_4]_active_tasklets_14: 747
Logic[0_0_4]_active_tasklets_16: 16347
Logic[0_0_4]_active_tasklets_3: 238
Logic[0_0_4]_active_tasklets_5: 256
Logic[0_0_4]_active_tasklets_6: 222
Logic[0_0_4]_active_tasklets_0: 9540
Logic[0_0_4]_active_tasklets_8: 319
Logic[0_0_4]_active_tasklets_9: 396
Logic[0_0_4]_active_tasklets_15: 583
Logic[0_0_4]_logic_cycle: 30838
Logic[0_0_4]_active_tasklets_7: 328
Logic[0_0_4]_active_tasklets_10: 331
Logic[0_0_4]_active_tasklets_11: 406
Logic[0_0_4]_active_tasklets_13: 99
Logic[0_0_4]_active_tasklets_1: 265
Logic[0_0_4]_num_instructions: 20060
Logic[0_0_4]_active_tasklets_2: 296
Logic[0_0_4]_active_tasklets_4: 251
Logic[0_0_4]_backpressure: 9525
Logic[0_0_4]_active_tasklets_12: 214
CycleRule[0_0_4]_cycle_rule: 6988
MemoryController[0_0_4]_memory_cycle: 623970
MemoryScheduler[0_0_4]_num_fcfs: 1012
RowBuffer[0_0_4]_write_bytes: 4096
RowBuffer[0_0_4]_num_activations: 19
RowBuffer[0_0_4]_num_precharges: 17
RowBuffer[0_0_4]_num_reads: 516
RowBuffer[0_0_4]_read_bytes: 4096
RowBuffer[0_0_4]_num_writes: 515
ThreadScheduler[0_0_5]_breakdown_dma: 228
ThreadScheduler[0_0_5]_breakdown_etc: 1025
ThreadScheduler[0_0_5]_breakdown_run: 20060
Logic[0_0_5]_active_tasklets_3: 238
Logic[0_0_5]_active_tasklets_8: 319
Logic[0_0_5]_active_tasklets_12: 214
Logic[0_0_5]_active_tasklets_13: 99
Logic[0_0_5]_active_tasklets_14: 747
Logic[0_0_5]_active_tasklets_5: 256
Logic[0_0_5]_active_tasklets_0: 9540
Logic[0_0_5]_active_tasklets_7: 328
Logic[0_0_5]_active_tasklets_10: 331
Logic[0_0_5]_active_tasklets_11: 406
Logic[0_0_5]_active_tasklets_1: 265
Logic[0_0_5]_logic_cycle: 30838
Logic[0_0_5]_num_instructions: 20060
Logic[0_0_5]_active_tasklets_2: 296
Logic[0_0_5]_active_tasklets_6: 222
Logic[0_0_5]_active_tasklets_16: 16347
Logic[0_0_5]_active_tasklets_4: 251
Logic[0_0_5]_backpressure: 9525
Logic[0_0_5]_active_tasklets_9: 396
Logic[0_0_5]_active_tasklets_15: 583
CycleRule[0_0_5]_cycle_rule: 6988
MemoryController[0_0_5]_memory_cycle: 623970
MemoryScheduler[0_0_5]_num_fcfs: 1012
RowBuffer[0_0_5]_num_reads: 516
RowBuffer[0_0_5]_read_bytes: 4096
RowBuffer[0_0_5]_num_writes: 515
RowBuffer[0_0_5]_write_bytes: 4096
RowBuffer[0_0_5]_num_activations: 19
RowBuffer[0_0_5]_num_precharges: 17
ThreadScheduler[0_0_6]_breakdown_dma: 228
ThreadScheduler[0_0_6]_breakdown_etc: 1025
ThreadScheduler[0_0_6]_breakdown_run: 20060
Logic[0_0_6]_active_tasklets_1: 265
Logic[0_0_6]_active_tasklets_10: 331
Logic[0_0_6]_active_tasklets_13: 99
Logic[0_0_6]_logic_cycle: 30838
Logic[0_0_6]_active_tasklets_2: 296
Logic[0_0_6]_active_tasklets_4: 251
Logic[0_0_6]_active_tasklets_5: 256
Logic[0_0_6]_active_tasklets_8: 319
Logic[0_0_6]_active_tasklets_16: 16347
Logic[0_0_6]_num_instructions: 20060
Logic[0_0_6]_active_tasklets_3: 238
Logic[0_0_6]_active_tasklets_6: 222
Logic[0_0_6]_active_tasklets_0: 9540
Logic[0_0_6]_active_tasklets_7: 328
Logic[0_0_6]_active_tasklets_15: 583
Logic[0_0_6]_backpressure: 9525
Logic[0_0_6]_active_tasklets_9: 396
Logic[0_0_6]_active_tasklets_11: 406
Logic[0_0_6]_active_tasklets_12: 214
Logic[0_0_6]_active_tasklets_14: 747
CycleRule[0_0_6]_cycle_rule: 6988
MemoryController[0_0_6]_memory_cycle: 623970
MemoryScheduler[0_0_6]_num_fcfs: 1012
RowBuffer[0_0_6]_num_reads: 516
RowBuffer[0_0_6]_read_bytes: 4096
RowBuffer[0_0_6]_num_writes: 515
RowBuffer[0_0_6]_write_bytes: 4096
RowBuffer[0_0_6]_num_activations: 19
RowBuffer[0_0_6]_num_precharges: 17
ThreadScheduler[0_0_7]_breakdown_dma: 228
ThreadScheduler[0_0_7]_breakdown_etc: 1025
ThreadScheduler[0_0_7]_breakdown_run: 20060
Logic[0_0_7]_active_tasklets_11: 406
Logic[0_0_7]_active_tasklets_12: 214
Logic[0_0_7]_active_tasklets_2: 296
Logic[0_0_7]_active_tasklets_5: 256
Logic[0_0_7]_active_tasklets_9: 396
Logic[0_0_7]_active_tasklets_14: 747
Logic[0_0_7]_active_tasklets_15: 583
Logic[0_0_7]_num_instructions: 20060
Logic[0_0_7]_active_tasklets_4: 251
Logic[0_0_7]_active_tasklets_0: 9540
Logic[0_0_7]_active_tasklets_13: 99
Logic[0_0_7]_active_tasklets_16: 16347
Logic[0_0_7]_active_tasklets_1: 265
Logic[0_0_7]_backpressure: 9525
Logic[0_0_7]_active_tasklets_7: 328
Logic[0_0_7]_active_tasklets_10: 331
Logic[0_0_7]_logic_cycle: 30838
Logic[0_0_7]_active_tasklets_3: 238
Logic[0_0_7]_active_tasklets_6: 222
Logic[0_0_7]_active_tasklets_8: 319
CycleRule[0_0_7]_cycle_rule: 6988
MemoryController[0_0_7]_memory_cycle: 623970
MemoryScheduler[0_0_7]_num_fcfs: 1012
RowBuffer[0_0_7]_num_activations: 19
RowBuffer[0_0_7]_num_precharges: 17
RowBuffer[0_0_7]_num_reads: 516
RowBuffer[0_0_7]_read_bytes: 4096
RowBuffer[0_0_7]_num_writes: 515
RowBuffer[0_0_7]_write_bytes: 4096
HostTransfer_d2h_bytes: 8192
HostTransfer_num_d2h: 8
HostTransfer_transfer_cycle: 73157
HostTransfer_xfer_model_trace_cycle: 3
HostTransfer_h2d_cycle: 54599
HostTransfer_h2d_bytes: 24576
HostTransfer_num_h2d: 16
HostTransfer_d2h_cycle: 18558
MemoryScheduler_num_fcfs: 1699
MemoryScheduler_num_fr: 2369
VmBank[0_0_0]_vm_memory_cycle: 73157
VmRowBuffer[0_0_0]_num_precharges: 24
VmRowBuffer[0_0_0]_num_writes: 520
VmRowBuffer[0_0_0]_write_bytes: 4096
VmRowBuffer[0_0_0]_num_reads: 1552
VmRowBuffer[0_0_0]_read_bytes: 12288
VmRowBuffer[0_0_0]_num_activations: 26
VmBank[0_0_1]_vm_memory_cycle: 73157
VmRowBuffer[0_0_1]_write_bytes: 4096
VmRowBuffer[0_0_1]_num_reads: 1536
VmRowBuffer[0_0_1]_read_bytes: 12288
VmRowBuffer[0_0_1]_num_activations: 26
VmRowBuffer[0_0_1]_num_precharges: 24
VmRowBuffer[0_0_1]_num_writes: 512
VmBank[0_0_2]_vm_memory_cycle: 73157
VmBank[0_0_3]_vm_memory_cycle: 73157
VmBank[0_0_4]_vm_memory_cycle: 73157
VmBank[0_0_5]_vm_memory_cycle: 73157
VmBank[0_0_6]_vm_memory_cycle: 73157
VmBank[0_0_7]_vm_memory_cycle: 73157
VmBank[0_0_8]_vm_memory_cycle: 73157
VmBank[0_0_9]_vm_memory_cycle: 73157
VmBank[0_0_10]_vm_memory_cycle: 73157
VmBank[0_0_11]_vm_memory_cycle: 73157
VmBank[0_0_12]_vm_memory_cycle: 73157
VmBank[0_0_13]_vm_memory_cycle: 73157
VmBank[0_0_14]_vm_memory_cycle: 73157
VmBank[0_0_15]_vm_memory_cycle: 73157
