ThreadScheduler[0_0_0]_breakdown_etc: 624
ThreadScheduler[0_0_0]_breakdown_run: 65756
ThreadScheduler[0_0_0]_breakdown_dma: 1663
Logic[0_0_0]_active_tasklets_9: 98
Logic[0_0_0]_active_tasklets_1: 820
Logic[0_0_0]_active_tasklets_2: 1481
Logic[0_0_0]_active_tasklets_4: 116
Logic[0_0_0]_active_tasklets_5: 114
Logic[0_0_0]_active_tasklets_6: 145
Logic[0_0_0]_backpressure: 32872
Logic[0_0_0]_active_tasklets_0: 32887
Logic[0_0_0]_active_tasklets_13: 103
Logic[0_0_0]_logic_cycle: 100915
Logic[0_0_0]_active_tasklets_3: 176
Logic[0_0_0]_active_tasklets_7: 125
Logic[0_0_0]_active_tasklets_8: 116
Logic[0_0_0]_active_tasklets_10: 228
Logic[0_0_0]_active_tasklets_11: 140
Logic[0_0_0]_active_tasklets_12: 94
Logic[0_0_0]_active_tasklets_15: 3675
Logic[0_0_0]_active_tasklets_14: 1194
Logic[0_0_0]_active_tasklets_16: 59403
Logic[0_0_0]_num_instructions: 65756
CycleRule[0_0_0]_cycle_rule: 25276
MemoryController[0_0_0]_memory_cycle: 1481406
MemoryScheduler[0_0_0]_num_fcfs: 2547
RowBuffer[0_0_0]_num_precharges: 26
RowBuffer[0_0_0]_num_reads: 1546
RowBuffer[0_0_0]_read_bytes: 12288
RowBuffer[0_0_0]_num_writes: 1029
RowBuffer[0_0_0]_write_bytes: 8192
RowBuffer[0_0_0]_num_activations: 28
ThreadScheduler[0_0_1]_breakdown_etc: 624
ThreadScheduler[0_0_1]_breakdown_run: 65756
ThreadScheduler[0_0_1]_breakdown_dma: 1663
Logic[0_0_1]_active_tasklets_9: 98
Logic[0_0_1]_active_tasklets_2: 1481
Logic[0_0_1]_active_tasklets_10: 228
Logic[0_0_1]_active_tasklets_11: 140
Logic[0_0_1]_active_tasklets_13: 103
Logic[0_0_1]_active_tasklets_14: 1194
Logic[0_0_1]_active_tasklets_15: 3675
Logic[0_0_1]_active_tasklets_3: 176
Logic[0_0_1]_active_tasklets_6: 145
Logic[0_0_1]_active_tasklets_0: 32887
Logic[0_0_1]_active_tasklets_16: 59403
Logic[0_0_1]_active_tasklets_1: 820
Logic[0_0_1]_active_tasklets_12: 94
Logic[0_0_1]_logic_cycle: 100915
Logic[0_0_1]_num_instructions: 65756
Logic[0_0_1]_active_tasklets_4: 116
Logic[0_0_1]_active_tasklets_5: 114
Logic[0_0_1]_backpressure: 32872
Logic[0_0_1]_active_tasklets_7: 125
Logic[0_0_1]_active_tasklets_8: 116
CycleRule[0_0_1]_cycle_rule: 25276
MemoryController[0_0_1]_memory_cycle: 1481406
MemoryScheduler[0_0_1]_num_fcfs: 2547
RowBuffer[0_0_1]_write_bytes: 8192
RowBuffer[0_0_1]_num_activations: 28
RowBuffer[0_0_1]_num_precharges: 26
RowBuffer[0_0_1]_num_reads: 1546
RowBuffer[0_0_1]_read_bytes: 12288
RowBuffer[0_0_1]_num_writes: 1029
ThreadScheduler[0_0_2]_breakdown_dma: 1663
ThreadScheduler[0_0_2]_breakdown_etc: 624
ThreadScheduler[0_0_2]_breakdown_run: 65756
Logic[0_0_2]_active_tasklets_2: 1481
Logic[0_0_2]_active_tasklets_3: 176
Logic[0_0_2]_active_tasklets_10: 228
Logic[0_0_2]_active_tasklets_11: 140
Logic[0_0_2]_active_tasklets_12: 94
Logic[0_0_2]_num_instructions: 65756
Logic[0_0_2]_active_tasklets_4: 116
Logic[0_0_2]_active_tasklets_5: 114
Logic[0_0_2]_active_tasklets_6: 145
Logic[0_0_2]_active_tasklets_0: 32887
Logic[0_0_2]_active_tasklets_8: 116
Logic[0_0_2]_active_tasklets_14: 1194
Logic[0_0_2]_active_tasklets_15: 3675
Logic[0_0_2]_active_tasklets_1: 820
Logic[0_0_2]_logic_cycle: 100915
Logic[0_0_2]_backpressure: 32872
Logic[0_0_2]_active_tasklets_9: 98
Logic[0_0_2]_active_tasklets_13: 103
Logic[0_0_2]_active_tasklets_16: 59403
Logic[0_0_2]_active_tasklets_7: 125
CycleRule[0_0_2]_cycle_rule: 25276
MemoryController[0_0_2]_memory_cycle: 1481406
MemoryScheduler[0_0_2]_num_fcfs: 2547
RowBuffer[0_0_2]_num_precharges: 26
RowBuffer[0_0_2]_num_reads: 1546
RowBuffer[0_0_2]_read_bytes: 12288
RowBuffer[0_0_2]_num_writes: 1029
RowBuffer[0_0_2]_write_bytes: 8192
RowBuffer[0_0_2]_num_activations: 28
ThreadScheduler[0_0_3]_breakdown_etc: 624
ThreadScheduler[0_0_3]_breakdown_run: 65756
ThreadScheduler[0_0_3]_breakdown_dma: 1663
Logic[0_0_3]_logic_cycle: 100915
Logic[0_0_3]_active_tasklets_6: 145
Logic[0_0_3]_active_tasklets_8: 116
Logic[0_0_3]_active_tasklets_9: 98
Logic[0_0_3]_active_tasklets_11: 140
Logic[0_0_3]_active_tasklets_14: 1194
Logic[0_0_3]_active_tasklets_15: 3675
Logic[0_0_3]_active_tasklets_2: 1481
Logic[0_0_3]_active_tasklets_3: 176
Logic[0_0_3]_active_tasklets_4: 116
Logic[0_0_3]_active_tasklets_5: 114
Logic[0_0_3]_active_tasklets_12: 94
Logic[0_0_3]_active_tasklets_16: 59403
Logic[0_0_3]_active_tasklets_1: 820
Logic[0_0_3]_num_instructions: 65756
Logic[0_0_3]_active_tasklets_13: 103
Logic[0_0_3]_backpressure: 32872
Logic[0_0_3]_active_tasklets_0: 32887
Logic[0_0_3]_active_tasklets_7: 125
Logic[0_0_3]_active_tasklets_10: 228
CycleRule[0_0_3]_cycle_rule: 25276
MemoryController[0_0_3]_memory_cycle: 1481406
MemoryScheduler[0_0_3]_num_fcfs: 2547
RowBuffer[0_0_3]_num_writes: 1029
RowBuffer[0_0_3]_write_bytes: 8192
RowBuffer[0_0_3]_num_activations: 28
RowBuffer[0_0_3]_num_precharges: 26
RowBuffer[0_0_3]_num_reads: 1546
RowBuffer[0_0_3]_read_bytes: 12288
ThreadScheduler[0_0_4]_breakdown_etc: 624
ThreadScheduler[0_0_4]_breakdown_run: 65756
ThreadScheduler[0_0_4]_breakdown_dma: 1663
Logic[0_0_4]_active_tasklets_4: 116
Logic[0_0_4]_active_tasklets_0: 32887
Logic[0_0_4]_active_tasklets_7: 125
Logic[0_0_4]_active_tasklets_8: 116
Logic[0_0_4]_active_tasklets_16: 59403
Logic[0_0_4]_num_instructions: 65756
Logic[0_0_4]_active_tasklets_2: 1481
Logic[0_0_4]_backpressure: 32872
Logic[0_0_4]_active_tasklets_13: 103
Logic[0_0_4]_active_tasklets_15: 3675
Logic[0_0_4]_active_tasklets_1: 820
Logic[0_0_4]_logic_cycle: 100915
Logic[0_0_4]_active_tasklets_3: 176
Logic[0_0_4]_active_tasklets_6: 145
Logic[0_0_4]_active_tasklets_14: 1194
Logic[0_0_4]_active_tasklets_5: 114
Logic[0_0_4]_active_tasklets_9: 98
Logic[0_0_4]_active_tasklets_10: 228
Logic[0_0_4]_active_tasklets_11: 140
Logic[0_0_4]_active_tasklets_12: 94
CycleRule[0_0_4]_cycle_rule: 25276
MemoryController[0_0_4]_memory_cycle: 1481406
MemoryScheduler[0_0_4]_num_fcfs: 2547
RowBuffer[0_0_4]_num_precharges: 26
RowBuffer[0_0_4]_num_reads: 1546
RowBuffer[0_0_4]_read_bytes: 12288
RowBuffer[0_0_4]_num_writes: 1029
RowBuffer[0_0_4]_write_bytes: 8192
RowBuffer[0_0_4]_num_activations: 28
ThreadScheduler[0_0_5]_breakdown_dma: 1663
ThreadScheduler[0_0_5]_breakdown_etc: 624
ThreadScheduler[0_0_5]_breakdown_run: 65756
Logic[0_0_5]_active_tasklets_4: 116
Logic[0_0_5]_active_tasklets_5: 114
Logic[0_0_5]_active_tasklets_13: 103
Logic[0_0_5]_active_tasklets_0: 32887
Logic[0_0_5]_active_tasklets_12: 94
Logic[0_0_5]_active_tasklets_15: 3675
Logic[0_0_5]_active_tasklets_16: 59403
Logic[0_0_5]_active_tasklets_7: 125
Logic[0_0_5]_active_tasklets_8: 116
Logic[0_0_5]_active_tasklets_10: 228
Logic[0_0_5]_num_instructions: 65756
Logic[0_0_5]_active_tasklets_2: 1481
Logic[0_0_5]_active_tasklets_6: 145
Logic[0_0_5]_active_tasklets_11: 140
Logic[0_0_5]_active_tasklets_9: 98
Logic[0_0_5]_active_tasklets_14: 1194
Logic[0_0_5]_backpressure: 32872
Logic[0_0_5]_active_tasklets_1: 820
Logic[0_0_5]_logic_cycle: 100915
Logic[0_0_5]_active_tasklets_3: 176
CycleRule[0_0_5]_cycle_rule: 25276
MemoryController[0_0_5]_memory_cycle: 1481406
MemoryScheduler[0_0_5]_num_fcfs: 2547
RowBuffer[0_0_5]_write_bytes: 8192
RowBuffer[0_0_5]_num_activations: 28
RowBuffer[0_0_5]_num_precharges: 26
RowBuffer[0_0_5]_num_reads: 1546
RowBuffer[0_0_5]_read_bytes: 12288
RowBuffer[0_0_5]_num_writes: 1029
ThreadScheduler[0_0_6]_breakdown_etc: 624
ThreadScheduler[0_0_6]_breakdown_run: 65756
ThreadScheduler[0_0_6]_breakdown_dma: 1663
Logic[0_0_6]_num_instructions: 65756
Logic[0_0_6]_active_tasklets_2: 1481
Logic[0_0_6]_active_tasklets_3: 176
Logic[0_0_6]_active_tasklets_14: 1194
Logic[0_0_6]_logic_cycle: 100915
Logic[0_0_6]_active_tasklets_5: 114
Logic[0_0_6]_active_tasklets_6: 145
Logic[0_0_6]_active_tasklets_8: 116
Logic[0_0_6]_active_tasklets_10: 228
Logic[0_0_6]_active_tasklets_12: 94
Logic[0_0_6]_active_tasklets_1: 820
Logic[0_0_6]_active_tasklets_4: 116
Logic[0_0_6]_active_tasklets_9: 98
Logic[0_0_6]_active_tasklets_15: 3675
Logic[0_0_6]_backpressure: 32872
Logic[0_0_6]_active_tasklets_0: 32887
Logic[0_0_6]_active_tasklets_7: 125
Logic[0_0_6]_active_tasklets_11: 140
Logic[0_0_6]_active_tasklets_13: 103
Logic[0_0_6]_active_tasklets_16: 59403
CycleRule[0_0_6]_cycle_rule: 25276
MemoryController[0_0_6]_memory_cycle: 1481406
MemoryScheduler[0_0_6]_num_fcfs: 2547
RowBuffer[0_0_6]_num_writes: 1029
RowBuffer[0_0_6]_write_bytes: 8192
RowBuffer[0_0_6]_num_activations: 28
RowBuffer[0_0_6]_num_precharges: 26
RowBuffer[0_0_6]_num_reads: 1546
RowBuffer[0_0_6]_read_bytes: 12288
ThreadScheduler[0_0_7]_breakdown_etc: 624
ThreadScheduler[0_0_7]_breakdown_run: 65756
ThreadScheduler[0_0_7]_breakdown_dma: 1663
Logic[0_0_7]_active_tasklets_7: 125
Logic[0_0_7]_active_tasklets_10: 228
Logic[0_0_7]_active_tasklets_2: 1481
Logic[0_0_7]_active_tasklets_5: 114
Logic[0_0_7]_backpressure: 32872
Logic[0_0_7]_active_tasklets_0: 32887
Logic[0_0_7]_active_tasklets_8: 116
Logic[0_0_7]_active_tasklets_15: 3675
Logic[0_0_7]_active_tasklets_16: 59403
Logic[0_0_7]_logic_cycle: 100915
Logic[0_0_7]_num_instructions: 65756
Logic[0_0_7]_active_tasklets_3: 176
Logic[0_0_7]_active_tasklets_11: 140
Logic[0_0_7]_active_tasklets_12: 94
Logic[0_0_7]_active_tasklets_13: 103
Logic[0_0_7]_active_tasklets_14: 1194
Logic[0_0_7]_active_tasklets_9: 98
Logic[0_0_7]_active_tasklets_1: 820
Logic[0_0_7]_active_tasklets_4: 116
Logic[0_0_7]_active_tasklets_6: 145
CycleRule[0_0_7]_cycle_rule: 25276
MemoryController[0_0_7]_memory_cycle: 1481406
MemoryScheduler[0_0_7]_num_fcfs: 2547
RowBuffer[0_0_7]_num_writes: 1029
RowBuffer[0_0_7]_write_bytes: 8192
RowBuffer[0_0_7]_num_activations: 28
RowBuffer[0_0_7]_num_precharges: 26
RowBuffer[0_0_7]_num_reads: 1546
RowBuffer[0_0_7]_read_bytes: 12288
HostTransfer_d2h_bytes: 24576
HostTransfer_num_d2h: 8
HostTransfer_transfer_cycle: 145986
HostTransfer_xfer_model_trace_cycle: 3
HostTransfer_h2d_cycle: 91008
HostTransfer_h2d_bytes: 40960
HostTransfer_num_h2d: 16
HostTransfer_d2h_cycle: 54978
MemoryScheduler_num_fcfs: 3939
MemoryScheduler_num_fr: 4161
VmBank[0_0_0]_vm_memory_cycle: 145986
VmRowBuffer[0_0_0]_num_reads: 2576
VmRowBuffer[0_0_0]_read_bytes: 20480
VmRowBuffer[0_0_0]_num_activations: 58
VmRowBuffer[0_0_0]_num_precharges: 56
VmRowBuffer[0_0_0]_num_writes: 1544
VmRowBuffer[0_0_0]_write_bytes: 12288
VmBank[0_0_1]_vm_memory_cycle: 145986
VmRowBuffer[0_0_1]_num_reads: 2560
VmRowBuffer[0_0_1]_read_bytes: 20480
VmRowBuffer[0_0_1]_num_activations: 58
VmRowBuffer[0_0_1]_num_precharges: 56
VmRowBuffer[0_0_1]_num_writes: 1536
VmRowBuffer[0_0_1]_write_bytes: 12288
VmBank[0_0_2]_vm_memory_cycle: 145986
VmBank[0_0_3]_vm_memory_cycle: 145986
VmBank[0_0_4]_vm_memory_cycle: 145986
VmBank[0_0_5]_vm_memory_cycle: 145986
VmBank[0_0_6]_vm_memory_cycle: 145986
VmBank[0_0_7]_vm_memory_cycle: 145986
VmBank[0_0_8]_vm_memory_cycle: 145986
VmBank[0_0_9]_vm_memory_cycle: 145986
VmBank[0_0_10]_vm_memory_cycle: 145986
VmBank[0_0_11]_vm_memory_cycle: 145986
VmBank[0_0_12]_vm_memory_cycle: 145986
VmBank[0_0_13]_vm_memory_cycle: 145986
VmBank[0_0_14]_vm_memory_cycle: 145986
VmBank[0_0_15]_vm_memory_cycle: 145986
