ThreadScheduler[0_0_0]_breakdown_dma: 1247
ThreadScheduler[0_0_0]_breakdown_etc: 945
ThreadScheduler[0_0_0]_breakdown_run: 30483
Logic[0_0_0]_active_tasklets_11: 117
Logic[0_0_0]_logic_cycle: 48710
Logic[0_0_0]_active_tasklets_2: 298
Logic[0_0_0]_active_tasklets_6: 494
Logic[0_0_0]_active_tasklets_0: 16071
Logic[0_0_0]_backpressure: 16035
Logic[0_0_0]_active_tasklets_7: 183
Logic[0_0_0]_active_tasklets_8: 102
Logic[0_0_0]_active_tasklets_13: 110
Logic[0_0_0]_active_tasklets_14: 574
Logic[0_0_0]_active_tasklets_15: 817
Logic[0_0_0]_active_tasklets_16: 27200
Logic[0_0_0]_active_tasklets_1: 751
Logic[0_0_0]_num_instructions: 30483
Logic[0_0_0]_active_tasklets_3: 509
Logic[0_0_0]_active_tasklets_5: 503
Logic[0_0_0]_active_tasklets_9: 184
Logic[0_0_0]_active_tasklets_10: 160
Logic[0_0_0]_active_tasklets_12: 92
Logic[0_0_0]_active_tasklets_4: 545
CycleRule[0_0_0]_cycle_rule: 11996
MemoryController[0_0_0]_memory_cycle: 949656
MemoryScheduler[0_0_0]_num_fcfs: 1393
MemoryScheduler[0_0_0]_num_fr: 128
RowBuffer[0_0_0]_num_activations: 24
RowBuffer[0_0_0]_num_precharges: 22
RowBuffer[0_0_0]_num_reads: 773
RowBuffer[0_0_0]_read_bytes: 6144
RowBuffer[0_0_0]_num_writes: 772
RowBuffer[0_0_0]_write_bytes: 6144
ThreadScheduler[0_0_1]_breakdown_run: 30483
ThreadScheduler[0_0_1]_breakdown_dma: 1247
ThreadScheduler[0_0_1]_breakdown_etc: 945
Logic[0_0_1]_active_tasklets_1: 751
Logic[0_0_1]_active_tasklets_3: 509
Logic[0_0_1]_active_tasklets_6: 494
Logic[0_0_1]_backpressure: 16035
Logic[0_0_1]_active_tasklets_7: 183
Logic[0_0_1]_active_tasklets_10: 160
Logic[0_0_1]_active_tasklets_12: 92
Logic[0_0_1]_num_instructions: 30483
Logic[0_0_1]_active_tasklets_2: 298
Logic[0_0_1]_active_tasklets_5: 503
Logic[0_0_1]_active_tasklets_8: 102
Logic[0_0_1]_logic_cycle: 48710
Logic[0_0_1]_active_tasklets_4: 545
Logic[0_0_1]_active_tasklets_0: 16071
Logic[0_0_1]_active_tasklets_9: 184
Logic[0_0_1]_active_tasklets_13: 110
Logic[0_0_1]_active_tasklets_14: 574
Logic[0_0_1]_active_tasklets_15: 817
Logic[0_0_1]_active_tasklets_16: 27200
Logic[0_0_1]_active_tasklets_11: 117
CycleRule[0_0_1]_cycle_rule: 11996
MemoryController[0_0_1]_memory_cycle: 949656
MemoryScheduler[0_0_1]_num_fcfs: 1393
MemoryScheduler[0_0_1]_num_fr: 128
RowBuffer[0_0_1]_num_writes: 772
RowBuffer[0_0_1]_write_bytes: 6144
RowBuffer[0_0_1]_num_activations: 24
RowBuffer[0_0_1]_num_precharges: 22
RowBuffer[0_0_1]_num_reads: 773
RowBuffer[0_0_1]_read_bytes: 6144
ThreadScheduler[0_0_2]_breakdown_dma: 1247
ThreadScheduler[0_0_2]_breakdown_etc: 945
ThreadScheduler[0_0_2]_breakdown_run: 30483
Logic[0_0_2]_active_tasklets_15: 817
Logic[0_0_2]_active_tasklets_16: 27200
Logic[0_0_2]_active_tasklets_1: 751
Logic[0_0_2]_num_instructions: 30483
Logic[0_0_2]_active_tasklets_2: 298
Logic[0_0_2]_backpressure: 16035
Logic[0_0_2]_active_tasklets_0: 16071
Logic[0_0_2]_active_tasklets_10: 160
Logic[0_0_2]_active_tasklets_13: 110
Logic[0_0_2]_active_tasklets_14: 574
Logic[0_0_2]_active_tasklets_4: 545
Logic[0_0_2]_active_tasklets_8: 102
Logic[0_0_2]_active_tasklets_9: 184
Logic[0_0_2]_active_tasklets_11: 117
Logic[0_0_2]_logic_cycle: 48710
Logic[0_0_2]_active_tasklets_6: 494
Logic[0_0_2]_active_tasklets_3: 509
Logic[0_0_2]_active_tasklets_5: 503
Logic[0_0_2]_active_tasklets_7: 183
Logic[0_0_2]_active_tasklets_12: 92
CycleRule[0_0_2]_cycle_rule: 11996
MemoryController[0_0_2]_memory_cycle: 949656
MemoryScheduler[0_0_2]_num_fcfs: 1393
MemoryScheduler[0_0_2]_num_fr: 128
RowBuffer[0_0_2]_write_bytes: 6144
RowBuffer[0_0_2]_num_activations: 24
RowBuffer[0_0_2]_num_precharges: 22
RowBuffer[0_0_2]_num_reads: 773
RowBuffer[0_0_2]_read_bytes: 6144
RowBuffer[0_0_2]_num_writes: 772
ThreadScheduler[0_0_3]_breakdown_etc: 945
ThreadScheduler[0_0_3]_breakdown_run: 30483
ThreadScheduler[0_0_3]_breakdown_dma: 1247
Logic[0_0_3]_active_tasklets_9: 184
Logic[0_0_3]_active_tasklets_14: 574
Logic[0_0_3]_active_tasklets_15: 817
Logic[0_0_3]_active_tasklets_16: 27200
Logic[0_0_3]_active_tasklets_5: 503
Logic[0_0_3]_backpressure: 16035
Logic[0_0_3]_active_tasklets_8: 102
Logic[0_0_3]_active_tasklets_13: 110
Logic[0_0_3]_active_tasklets_1: 751
Logic[0_0_3]_active_tasklets_2: 298
Logic[0_0_3]_active_tasklets_3: 509
Logic[0_0_3]_active_tasklets_0: 16071
Logic[0_0_3]_active_tasklets_7: 183
Logic[0_0_3]_active_tasklets_12: 92
Logic[0_0_3]_active_tasklets_4: 545
Logic[0_0_3]_active_tasklets_10: 160
Logic[0_0_3]_active_tasklets_11: 117
Logic[0_0_3]_logic_cycle: 48710
Logic[0_0_3]_num_instructions: 30483
Logic[0_0_3]_active_tasklets_6: 494
CycleRule[0_0_3]_cycle_rule: 11996
MemoryController[0_0_3]_memory_cycle: 949656
MemoryScheduler[0_0_3]_num_fcfs: 1393
MemoryScheduler[0_0_3]_num_fr: 128
RowBuffer[0_0_3]_num_reads: 773
RowBuffer[0_0_3]_read_bytes: 6144
RowBuffer[0_0_3]_num_writes: 772
RowBuffer[0_0_3]_write_bytes: 6144
RowBuffer[0_0_3]_num_activations: 24
RowBuffer[0_0_3]_num_precharges: 22
ThreadScheduler[0_0_4]_breakdown_etc: 945
ThreadScheduler[0_0_4]_breakdown_run: 30483
ThreadScheduler[0_0_4]_breakdown_dma: 1247
Logic[0_0_4]_active_tasklets_13: 110
Logic[0_0_4]_active_tasklets_8: 102
Logic[0_0_4]_active_tasklets_4: 545
Logic[0_0_4]_backpressure: 16035
Logic[0_0_4]_active_tasklets_0: 16071
Logic[0_0_4]_active_tasklets_15: 817
Logic[0_0_4]_active_tasklets_1: 751
Logic[0_0_4]_num_instructions: 30483
Logic[0_0_4]_active_tasklets_5: 503
Logic[0_0_4]_active_tasklets_11: 117
Logic[0_0_4]_active_tasklets_12: 92
Logic[0_0_4]_active_tasklets_16: 27200
Logic[0_0_4]_active_tasklets_9: 184
Logic[0_0_4]_active_tasklets_10: 160
Logic[0_0_4]_logic_cycle: 48710
Logic[0_0_4]_active_tasklets_2: 298
Logic[0_0_4]_active_tasklets_3: 509
Logic[0_0_4]_active_tasklets_6: 494
Logic[0_0_4]_active_tasklets_7: 183
Logic[0_0_4]_active_tasklets_14: 574
CycleRule[0_0_4]_cycle_rule: 11996
MemoryController[0_0_4]_memory_cycle: 949656
MemoryScheduler[0_0_4]_num_fcfs: 1393
MemoryScheduler[0_0_4]_num_fr: 128
RowBuffer[0_0_4]_num_writes: 772
RowBuffer[0_0_4]_write_bytes: 6144
RowBuffer[0_0_4]_num_activations: 24
RowBuffer[0_0_4]_num_precharges: 22
RowBuffer[0_0_4]_num_reads: 773
RowBuffer[0_0_4]_read_bytes: 6144
ThreadScheduler[0_0_5]_breakdown_etc: 945
ThreadScheduler[0_0_5]_breakdown_run: 30483
ThreadScheduler[0_0_5]_breakdown_dma: 1247
Logic[0_0_5]_active_tasklets_3: 509
Logic[0_0_5]_active_tasklets_13: 110
Logic[0_0_5]_active_tasklets_15: 817
Logic[0_0_5]_active_tasklets_4: 545
Logic[0_0_5]_active_tasklets_5: 503
Logic[0_0_5]_backpressure: 16035
Logic[0_0_5]_active_tasklets_0: 16071
Logic[0_0_5]_active_tasklets_16: 27200
Logic[0_0_5]_active_tasklets_1: 751
Logic[0_0_5]_logic_cycle: 48710
Logic[0_0_5]_num_instructions: 30483
Logic[0_0_5]_active_tasklets_7: 183
Logic[0_0_5]_active_tasklets_8: 102
Logic[0_0_5]_active_tasklets_14: 574
Logic[0_0_5]_active_tasklets_2: 298
Logic[0_0_5]_active_tasklets_6: 494
Logic[0_0_5]_active_tasklets_9: 184
Logic[0_0_5]_active_tasklets_10: 160
Logic[0_0_5]_active_tasklets_11: 117
Logic[0_0_5]_active_tasklets_12: 92
CycleRule[0_0_5]_cycle_rule: 11996
MemoryController[0_0_5]_memory_cycle: 949656
MemoryScheduler[0_0_5]_num_fcfs: 1393
MemoryScheduler[0_0_5]_num_fr: 128
RowBuffer[0_0_5]_num_activations: 24
RowBuffer[0_0_5]_num_precharges: 22
RowBuffer[0_0_5]_num_reads: 773
RowBuffer[0_0_5]_read_bytes: 6144
RowBuffer[0_0_5]_num_writes: 772
RowBuffer[0_0_5]_write_bytes: 6144
ThreadScheduler[0_0_6]_breakdown_etc: 945
ThreadScheduler[0_0_6]_breakdown_run: 30483
ThreadScheduler[0_0_6]_breakdown_dma: 1247
Logic[0_0_6]_active_tasklets_12: 92
Logic[0_0_6]_active_tasklets_15: 817
Logic[0_0_6]_active_tasklets_5: 503
Logic[0_0_6]_active_tasklets_7: 183
Logic[0_0_6]_active_tasklets_11: 117
Logic[0_0_6]_active_tasklets_13: 110
Logic[0_0_6]_active_tasklets_14: 574
Logic[0_0_6]_active_tasklets_2: 298
Logic[0_0_6]_active_tasklets_3: 509
Logic[0_0_6]_active_tasklets_4: 545
Logic[0_0_6]_active_tasklets_0: 16071
Logic[0_0_6]_active_tasklets_16: 27200
Logic[0_0_6]_active_tasklets_6: 494
Logic[0_0_6]_active_tasklets_10: 160
Logic[0_0_6]_active_tasklets_1: 751
Logic[0_0_6]_logic_cycle: 48710
Logic[0_0_6]_num_instructions: 30483
Logic[0_0_6]_backpressure: 16035
Logic[0_0_6]_active_tasklets_8: 102
Logic[0_0_6]_active_tasklets_9: 184
CycleRule[0_0_6]_cycle_rule: 11996
MemoryController[0_0_6]_memory_cycle: 949656
MemoryScheduler[0_0_6]_num_fcfs: 1393
MemoryScheduler[0_0_6]_num_fr: 128
RowBuffer[0_0_6]_num_writes: 772
RowBuffer[0_0_6]_write_bytes: 6144
RowBuffer[0_0_6]_num_activations: 24
RowBuffer[0_0_6]_num_precharges: 22
RowBuffer[0_0_6]_num_reads: 773
RowBuffer[0_0_6]_read_bytes: 6144
ThreadScheduler[0_0_7]_breakdown_etc: 945
ThreadScheduler[0_0_7]_breakdown_run: 30483
ThreadScheduler[0_0_7]_breakdown_dma: 1247
Logic[0_0_7]_active_tasklets_13: 110
Logic[0_0_7]_active_tasklets_16: 27200
Logic[0_0_7]_num_instructions: 30483
Logic[0_0_7]_active_tasklets_6: 494
Logic[0_0_7]_active_tasklets_11: 117
Logic[0_0_7]_active_tasklets_14: 574
Logic[0_0_7]_active_tasklets_1: 751
Logic[0_0_7]_active_tasklets_2: 298
Logic[0_0_7]_active_tasklets_3: 509
Logic[0_0_7]_active_tasklets_4: 545
Logic[0_0_7]_active_tasklets_8: 102
Logic[0_0_7]_logic_cycle: 48710
Logic[0_0_7]_backpressure: 16035
Logic[0_0_7]_active_tasklets_0: 16071
Logic[0_0_7]_active_tasklets_7: 183
Logic[0_0_7]_active_tasklets_9: 184
Logic[0_0_7]_active_tasklets_10: 160
Logic[0_0_7]_active_tasklets_12: 92
Logic[0_0_7]_active_tasklets_15: 817
Logic[0_0_7]_active_tasklets_5: 503
CycleRule[0_0_7]_cycle_rule: 11996
MemoryController[0_0_7]_memory_cycle: 949656
MemoryScheduler[0_0_7]_num_fcfs: 1393
MemoryScheduler[0_0_7]_num_fr: 128
RowBuffer[0_0_7]_num_precharges: 22
RowBuffer[0_0_7]_num_reads: 773
RowBuffer[0_0_7]_read_bytes: 6144
RowBuffer[0_0_7]_num_writes: 772
RowBuffer[0_0_7]_write_bytes: 6144
RowBuffer[0_0_7]_num_activations: 24
HostTransfer_num_h2d: 16
HostTransfer_d2h_cycle: 36762
HostTransfer_d2h_bytes: 16384
HostTransfer_num_d2h: 8
HostTransfer_transfer_cycle: 109566
HostTransfer_xfer_model_trace_cycle: 3
HostTransfer_h2d_cycle: 72804
HostTransfer_h2d_bytes: 32768
MemoryScheduler_num_fcfs: 2819
MemoryScheduler_num_fr: 3265
VmBank[0_0_0]_vm_memory_cycle: 109566
VmRowBuffer[0_0_0]_num_reads: 2064
VmRowBuffer[0_0_0]_read_bytes: 16384
VmRowBuffer[0_0_0]_num_activations: 42
VmRowBuffer[0_0_0]_num_precharges: 40
VmRowBuffer[0_0_0]_num_writes: 1032
VmRowBuffer[0_0_0]_write_bytes: 8192
VmBank[0_0_1]_vm_memory_cycle: 109566
VmRowBuffer[0_0_1]_num_activations: 42
VmRowBuffer[0_0_1]_num_precharges: 40
VmRowBuffer[0_0_1]_num_writes: 1024
VmRowBuffer[0_0_1]_write_bytes: 8192
VmRowBuffer[0_0_1]_num_reads: 2048
VmRowBuffer[0_0_1]_read_bytes: 16384
VmBank[0_0_2]_vm_memory_cycle: 109566
VmBank[0_0_3]_vm_memory_cycle: 109566
VmBank[0_0_4]_vm_memory_cycle: 109566
VmBank[0_0_5]_vm_memory_cycle: 109566
VmBank[0_0_6]_vm_memory_cycle: 109566
VmBank[0_0_7]_vm_memory_cycle: 109566
VmBank[0_0_8]_vm_memory_cycle: 109566
VmBank[0_0_9]_vm_memory_cycle: 109566
VmBank[0_0_10]_vm_memory_cycle: 109566
VmBank[0_0_11]_vm_memory_cycle: 109566
VmBank[0_0_12]_vm_memory_cycle: 109566
VmBank[0_0_13]_vm_memory_cycle: 109566
VmBank[0_0_14]_vm_memory_cycle: 109566
VmBank[0_0_15]_vm_memory_cycle: 109566
