----------Transformer Params----------
thread num 1
layer num 1
PIM LUT binaries ./build/bin/dpu_bin_qkv ./build/bin/dpu_bin_o ./build/bin/dpu_bin_ffn1 ./build/bin/dpu_bin_ffn2
----------QKV LUT Params----------
index calc params:
num_threads 1
n 512, input feature len 768
num codebook 512, num centroid 16, sub vec len 1
n stile size 512, cb mtile size 128
lut kernel params:
n 512, output feature len 2304, num codebook 512, num centroid 16
scale 0.100000, bias 0.200000
num threads 1, dpu num 8
input parallelism 1, lut parallelism 8, feature stile size 288, n stile size 512
n mtile size 64, feature mtile size 32, cb mtile size 128
lut load type 2, feature load tile size 8, cb load tile size 128
----------O LUT Params----------
index calc params:
num_threads 1
n 512, input feature len 768
num codebook 512, num centroid 16, sub vec len 1
n stile size 512, cb mtile size 128
lut kernel params:
n 512, output feature len 768, num codebook 512, num centroid 16
scale 0.100000, bias 0.200000
num threads 1, dpu num 8
input parallelism 1, lut parallelism 8, feature stile size 96, n stile size 512
n mtile size 64, feature mtile size 32, cb mtile size 128
lut load type 2, feature load tile size 8, cb load tile size 128
----------FFN1 LUT Params----------
index calc params:
num_threads 1
n 512, input feature len 768
num codebook 512, num centroid 16, sub vec len 1
n stile size 512, cb mtile size 128
lut kernel params:
n 512, output feature len 3072, num codebook 512, num centroid 16
scale 0.100000, bias 0.200000
num threads 1, dpu num 8
input parallelism 1, lut parallelism 8, feature stile size 384, n stile size 512
n mtile size 64, feature mtile size 32, cb mtile size 128
lut load type 2, feature load tile size 8, cb load tile size 128
----------FFN2 LUT Params----------
index calc params:
num_threads 1
n 512, input feature len 3072
num codebook 2048, num centroid 16, sub vec len 1
n stile size 512, cb mtile size 128
lut kernel params:
n 512, output feature len 768, num codebook 2048, num centroid 16
scale 0.100000, bias 0.200000
num threads 1, dpu num 8
input parallelism 1, lut parallelism 8, feature stile size 96, n stile size 512
n mtile size 64, feature mtile size 32, cb mtile size 128
lut load type 2, feature load tile size 8, cb load tile size 128
----------Attention Params----------
seq len 512, batch size 1, n 512
query heads 12, kv heads 12, head dim 64, token dim 768
dpu num 8, input parallelism 1, lut parallelism 8
n tile size 512, q tile size 96, kv tile size 96
num threads 1
-----------------------------------
parameter parsing time 0.000393
weight initialization time 0.173825
dpu allocate time 0.000001
--------------------------------------------
input initialization time 0.001287
index calculation time 0.010257
other latency 0.003901, data transfer latency 0.000001, pim kernel latency 0.000000
index calculation time 0.016668
other latency 0.005183, data transfer latency 0.000001, pim kernel latency 0.000000
index calculation time 0.026490
other latency 0.010440, data transfer latency 0.000001, pim kernel latency 0.000000
index calculation time 0.062421
other latency 0.011740, data transfer latency 0.000001, pim kernel latency 0.000000
amm time 0.078523, non amm time 0.031477
attention reorder time 0.001630, attention cpu compute time 0.025123
post o reorder+norm+residual time 0.001311, gelu+ffn1 reorder time 0.002128, post ffn2 reorder+norm+residual time 0.001249
tensor allocation overhead time 0.000006, other non amm time 0.000030
reorder breakdown: qkv_to_attention 0.001630, o 0.000363, ffn1 0.001451, ffn2 0.000377
host breakdown: attention 0.025123, reorder 0.003821, other 0.002533
iteration 0, inference time 0.110014
--------------------------------------------
input initialization time 0.000948
index calculation time 0.072621
other latency 0.014714, data transfer latency 0.000001, pim kernel latency 0.000000
index calculation time 0.078665
other latency 0.015702, data transfer latency 0.000002, pim kernel latency 0.000000
index calculation time 0.088481
other latency 0.019678, data transfer latency 0.000002, pim kernel latency 0.000000
index calculation time 0.124025
other latency 0.020682, data transfer latency 0.000002, pim kernel latency 0.000000
amm time 0.072889, non amm time 0.027855
attention reorder time 0.000872, attention cpu compute time 0.024595
post o reorder+norm+residual time 0.000624, gelu+ffn1 reorder time 0.001131, post ffn2 reorder+norm+residual time 0.000625
tensor allocation overhead time 0.000001, other non amm time 0.000007
reorder breakdown: qkv_to_attention 0.000872, o 0.000100, ffn1 0.000414, ffn2 0.000095
host breakdown: attention 0.024595, reorder 0.001482, other 0.001779
iteration 1, inference time 0.100748
--------------------------------------------
input initialization time 0.000955
index calculation time 0.134244
other latency 0.023648, data transfer latency 0.000002, pim kernel latency 0.000000
index calculation time 0.139721
other latency 0.024635, data transfer latency 0.000002, pim kernel latency 0.000001
index calculation time 0.149556
other latency 0.028612, data transfer latency 0.000002, pim kernel latency 0.000001
index calculation time 0.184947
other latency 0.029599, data transfer latency 0.000003, pim kernel latency 0.000001
amm time 0.071586, non amm time 0.027909
attention reorder time 0.000871, attention cpu compute time 0.024599
post o reorder+norm+residual time 0.000628, gelu+ffn1 reorder time 0.001155, post ffn2 reorder+norm+residual time 0.000644
tensor allocation overhead time 0.000003, other non amm time 0.000009
reorder breakdown: qkv_to_attention 0.000871, o 0.000095, ffn1 0.000430, ffn2 0.000096
host breakdown: attention 0.024599, reorder 0.001492, other 0.001818
iteration 2, inference time 0.099500
--------------------------------------------
input initialization time 0.000954
index calculation time 0.195215
other latency 0.032559, data transfer latency 0.000003, pim kernel latency 0.000001
index calculation time 0.200773
other latency 0.033547, data transfer latency 0.000004, pim kernel latency 0.000001
index calculation time 0.210569
other latency 0.037511, data transfer latency 0.000004, pim kernel latency 0.000001
index calculation time 0.246056
other latency 0.038500, data transfer latency 0.000004, pim kernel latency 0.000001
amm time 0.071834, non amm time 0.027949
attention reorder time 0.000873, attention cpu compute time 0.024653
post o reorder+norm+residual time 0.000638, gelu+ffn1 reorder time 0.001139, post ffn2 reorder+norm+residual time 0.000638
tensor allocation overhead time 0.000003, other non amm time 0.000005
reorder breakdown: qkv_to_attention 0.000873, o 0.000097, ffn1 0.000417, ffn2 0.000103
host breakdown: attention 0.024653, reorder 0.001490, other 0.001806
iteration 3, inference time 0.099788
--------------------------------------------
input initialization time 0.000946
index calculation time 0.256224
other latency 0.041461, data transfer latency 0.000005, pim kernel latency 0.000001
index calculation time 0.261536
other latency 0.042429, data transfer latency 0.000005, pim kernel latency 0.000001
index calculation time 0.271134
other latency 0.046353, data transfer latency 0.000005, pim kernel latency 0.000001
index calculation time 0.306247
other latency 0.047336, data transfer latency 0.000005, pim kernel latency 0.000001
amm time 0.070641, non amm time 0.027910
attention reorder time 0.000878, attention cpu compute time 0.024620
post o reorder+norm+residual time 0.000643, gelu+ffn1 reorder time 0.001137, post ffn2 reorder+norm+residual time 0.000623
tensor allocation overhead time 0.000002, other non amm time 0.000007
reorder breakdown: qkv_to_attention 0.000878, o 0.000098, ffn1 0.000428, ffn2 0.000098
host breakdown: attention 0.024620, reorder 0.001502, other 0.001788
iteration 4, inference time 0.098557
--------------------------------------------
input initialization time 0.000928
index calculation time 0.316193
other latency 0.050294, data transfer latency 0.000005, pim kernel latency 0.000001
index calculation time 0.321946
other latency 0.051275, data transfer latency 0.000006, pim kernel latency 0.000001
index calculation time 0.331547
other latency 0.055171, data transfer latency 0.000006, pim kernel latency 0.000001
index calculation time 0.366265
other latency 0.056138, data transfer latency 0.000006, pim kernel latency 0.000002
amm time 0.070518, non amm time 0.027767
attention reorder time 0.000867, attention cpu compute time 0.024542
post o reorder+norm+residual time 0.000605, gelu+ffn1 reorder time 0.001127, post ffn2 reorder+norm+residual time 0.000617
tensor allocation overhead time 0.000001, other non amm time 0.000008
reorder breakdown: qkv_to_attention 0.000867, o 0.000092, ffn1 0.000416, ffn2 0.000096
host breakdown: attention 0.024542, reorder 0.001471, other 0.001754
iteration 5, inference time 0.098290
--------------------------------------------
input initialization time 0.000930
index calculation time 0.376184
other latency 0.059042, data transfer latency 0.000006, pim kernel latency 0.000003
index calculation time 0.381637
other latency 0.060040, data transfer latency 0.000007, pim kernel latency 0.000003
index calculation time 0.391288
other latency 0.064021, data transfer latency 0.000007, pim kernel latency 0.000003
index calculation time 0.426147
other latency 0.065001, data transfer latency 0.000008, pim kernel latency 0.000003
amm time 0.070437, non amm time 0.028207
attention reorder time 0.000891, attention cpu compute time 0.024932
post o reorder+norm+residual time 0.000605, gelu+ffn1 reorder time 0.001147, post ffn2 reorder+norm+residual time 0.000623
tensor allocation overhead time 0.000001, other non amm time 0.000008
reorder breakdown: qkv_to_attention 0.000891, o 0.000096, ffn1 0.000415, ffn2 0.000097
host breakdown: attention 0.024932, reorder 0.001499, other 0.001776
iteration 6, inference time 0.098649
--------------------------------------------
input initialization time 0.000928
index calculation time 0.436088
other latency 0.067908, data transfer latency 0.000008, pim kernel latency 0.000003
index calculation time 0.441557
other latency 0.068876, data transfer latency 0.000009, pim kernel latency 0.000003
index calculation time 0.451099
other latency 0.072743, data transfer latency 0.000009, pim kernel latency 0.000003
index calculation time 0.486086
other latency 0.073739, data transfer latency 0.000009, pim kernel latency 0.000003
amm time 0.070374, non amm time 0.027851
attention reorder time 0.000869, attention cpu compute time 0.024581
post o reorder+norm+residual time 0.000627, gelu+ffn1 reorder time 0.001135, post ffn2 reorder+norm+residual time 0.000629
tensor allocation overhead time 0.000003, other non amm time 0.000007
reorder breakdown: qkv_to_attention 0.000869, o 0.000108, ffn1 0.000422, ffn2 0.000096
host breakdown: attention 0.024581, reorder 0.001495, other 0.001775
iteration 7, inference time 0.098228
--------------------------------------------
input initialization time 0.000931
index calculation time 0.496008
other latency 0.076644, data transfer latency 0.000009, pim kernel latency 0.000003
index calculation time 0.501574
other latency 0.077625, data transfer latency 0.000009, pim kernel latency 0.000003
index calculation time 0.511218
other latency 0.081492, data transfer latency 0.000009, pim kernel latency 0.000004
index calculation time 0.546121
other latency 0.082468, data transfer latency 0.000009, pim kernel latency 0.000004
amm time 0.070370, non amm time 0.027697
attention reorder time 0.000859, attention cpu compute time 0.024440
post o reorder+norm+residual time 0.000614, gelu+ffn1 reorder time 0.001142, post ffn2 reorder+norm+residual time 0.000635
tensor allocation overhead time 0.000001, other non amm time 0.000006
reorder breakdown: qkv_to_attention 0.000859, o 0.000097, ffn1 0.000426, ffn2 0.000105
host breakdown: attention 0.024440, reorder 0.001487, other 0.001770
iteration 8, inference time 0.098072
--------------------------------------------
input initialization time 0.000928
index calculation time 0.556050
other latency 0.085368, data transfer latency 0.000009, pim kernel latency 0.000004
index calculation time 0.562018
other latency 0.086365, data transfer latency 0.000010, pim kernel latency 0.000004
index calculation time 0.571834
other latency 0.090321, data transfer latency 0.000011, pim kernel latency 0.000004
index calculation time 0.611250
other latency 0.091308, data transfer latency 0.000012, pim kernel latency 0.000004
amm time 0.075786, non amm time 0.028486
attention reorder time 0.000866, attention cpu compute time 0.025185
post o reorder+norm+residual time 0.000627, gelu+ffn1 reorder time 0.001179, post ffn2 reorder+norm+residual time 0.000620
tensor allocation overhead time 0.000001, other non amm time 0.000008
reorder breakdown: qkv_to_attention 0.000866, o 0.000102, ffn1 0.000466, ffn2 0.000096
host breakdown: attention 0.025185, reorder 0.001530, other 0.001771
iteration 9, inference time 0.104279
--------------------------------------------
input initialization time 0.000930
index calculation time 0.621275
other latency 0.094212, data transfer latency 0.000012, pim kernel latency 0.000004
index calculation time 0.626651
other latency 0.095188, data transfer latency 0.000013, pim kernel latency 0.000004
index calculation time 0.636276
other latency 0.099057, data transfer latency 0.000013, pim kernel latency 0.000004
index calculation time 0.671896
other latency 0.100031, data transfer latency 0.000013, pim kernel latency 0.000005
amm time 0.070988, non amm time 0.027919
attention reorder time 0.000861, attention cpu compute time 0.024676
post o reorder+norm+residual time 0.000609, gelu+ffn1 reorder time 0.001142, post ffn2 reorder+norm+residual time 0.000623
tensor allocation overhead time 0.000000, other non amm time 0.000008
reorder breakdown: qkv_to_attention 0.000861, o 0.000100, ffn1 0.000429, ffn2 0.000100
host breakdown: attention 0.024676, reorder 0.001490, other 0.001753
iteration 10, inference time 0.098913
--------------------------------------------
input initialization time 0.000933
index calculation time 0.681864
other latency 0.102934, data transfer latency 0.000013, pim kernel latency 0.000005
index calculation time 0.687321
other latency 0.103900, data transfer latency 0.000013, pim kernel latency 0.000005
index calculation time 0.696977
other latency 0.107767, data transfer latency 0.000013, pim kernel latency 0.000005
index calculation time 0.731788
other latency 0.108754, data transfer latency 0.000013, pim kernel latency 0.000005
amm time 0.070210, non amm time 0.027848
attention reorder time 0.000864, attention cpu compute time 0.024582
post o reorder+norm+residual time 0.000610, gelu+ffn1 reorder time 0.001130, post ffn2 reorder+norm+residual time 0.000654
tensor allocation overhead time 0.000003, other non amm time 0.000005
reorder breakdown: qkv_to_attention 0.000864, o 0.000097, ffn1 0.000416, ffn2 0.000105
host breakdown: attention 0.024582, reorder 0.001482, other 0.001784
iteration 11, inference time 0.098064
--------------------------------------------
input initialization time 0.000938
index calculation time 0.741757
other latency 0.111664, data transfer latency 0.000014, pim kernel latency 0.000005
index calculation time 0.747511
other latency 0.112668, data transfer latency 0.000014, pim kernel latency 0.000005
index calculation time 0.757170
other latency 0.116537, data transfer latency 0.000014, pim kernel latency 0.000005
index calculation time 0.791961
other latency 0.117504, data transfer latency 0.000014, pim kernel latency 0.000005
amm time 0.070578, non amm time 0.027839
attention reorder time 0.000859, attention cpu compute time 0.024617
post o reorder+norm+residual time 0.000604, gelu+ffn1 reorder time 0.001129, post ffn2 reorder+norm+residual time 0.000623
tensor allocation overhead time 0.000001, other non amm time 0.000006
reorder breakdown: qkv_to_attention 0.000859, o 0.000099, ffn1 0.000426, ffn2 0.000098
host breakdown: attention 0.024617, reorder 0.001482, other 0.001740
iteration 12, inference time 0.098421
--------------------------------------------
input initialization time 0.000958
index calculation time 0.801967
other latency 0.120501, data transfer latency 0.000014, pim kernel latency 0.000005
index calculation time 0.807345
other latency 0.121478, data transfer latency 0.000014, pim kernel latency 0.000005
index calculation time 0.817004
other latency 0.125348, data transfer latency 0.000014, pim kernel latency 0.000005
index calculation time 0.851833
other latency 0.126329, data transfer latency 0.000014, pim kernel latency 0.000005
amm time 0.070415, non amm time 0.027981
attention reorder time 0.000898, attention cpu compute time 0.024676
post o reorder+norm+residual time 0.000621, gelu+ffn1 reorder time 0.001124, post ffn2 reorder+norm+residual time 0.000655
tensor allocation overhead time 0.000002, other non amm time 0.000005
reorder breakdown: qkv_to_attention 0.000898, o 0.000102, ffn1 0.000411, ffn2 0.000096
host breakdown: attention 0.024676, reorder 0.001507, other 0.001798
iteration 13, inference time 0.098400
--------------------------------------------
input initialization time 0.000928
index calculation time 0.861802
other latency 0.129234, data transfer latency 0.000014, pim kernel latency 0.000005
index calculation time 0.867370
other latency 0.130218, data transfer latency 0.000014, pim kernel latency 0.000005
index calculation time 0.876955
other latency 0.134114, data transfer latency 0.000014, pim kernel latency 0.000005
index calculation time 0.911736
other latency 0.135098, data transfer latency 0.000014, pim kernel latency 0.000005
amm time 0.070325, non amm time 0.027864
attention reorder time 0.000868, attention cpu compute time 0.024602
post o reorder+norm+residual time 0.000611, gelu+ffn1 reorder time 0.001134, post ffn2 reorder+norm+residual time 0.000642
tensor allocation overhead time 0.000000, other non amm time 0.000007
reorder breakdown: qkv_to_attention 0.000868, o 0.000097, ffn1 0.000430, ffn2 0.000107
host breakdown: attention 0.024602, reorder 0.001502, other 0.001760
iteration 14, inference time 0.098194
--------------------------------------------
10 rounds' average inference time 0.098951

----------Transformer Params----------
thread num 1
layer num 1
PIM LUT binaries ./build/bin/dpu_bin_qkv ./build/bin/dpu_bin_o ./build/bin/dpu_bin_ffn1 ./build/bin/dpu_bin_ffn2
----------QKV LUT Params----------
index calc params:
num_threads 1
n 512, input feature len 768
num codebook 512, num centroid 16, sub vec len 1
n stile size 512, cb mtile size 128
lut kernel params:
n 512, output feature len 2304, num codebook 512, num centroid 16
scale 0.100000, bias 0.200000
num threads 1, dpu num 8
input parallelism 1, lut parallelism 8, feature stile size 288, n stile size 512
n mtile size 64, feature mtile size 32, cb mtile size 128
lut load type 2, feature load tile size 8, cb load tile size 128
----------O LUT Params----------
index calc params:
num_threads 1
n 512, input feature len 768
num codebook 512, num centroid 16, sub vec len 1
n stile size 512, cb mtile size 128
lut kernel params:
n 512, output feature len 768, num codebook 512, num centroid 16
scale 0.100000, bias 0.200000
num threads 1, dpu num 8
input parallelism 1, lut parallelism 8, feature stile size 96, n stile size 512
n mtile size 64, feature mtile size 32, cb mtile size 128
lut load type 2, feature load tile size 8, cb load tile size 128
----------FFN1 LUT Params----------
index calc params:
num_threads 1
n 512, input feature len 768
num codebook 512, num centroid 16, sub vec len 1
n stile size 512, cb mtile size 128
lut kernel params:
n 512, output feature len 3072, num codebook 512, num centroid 16
scale 0.100000, bias 0.200000
num threads 1, dpu num 8
input parallelism 1, lut parallelism 8, feature stile size 384, n stile size 512
n mtile size 64, feature mtile size 32, cb mtile size 128
lut load type 2, feature load tile size 8, cb load tile size 128
----------FFN2 LUT Params----------
index calc params:
num_threads 1
n 512, input feature len 3072
num codebook 2048, num centroid 16, sub vec len 1
n stile size 512, cb mtile size 128
lut kernel params:
n 512, output feature len 768, num codebook 2048, num centroid 16
scale 0.100000, bias 0.200000
num threads 1, dpu num 8
input parallelism 1, lut parallelism 8, feature stile size 96, n stile size 512
n mtile size 64, feature mtile size 32, cb mtile size 128
lut load type 2, feature load tile size 8, cb load tile size 128
----------Attention Params----------
seq len 512, batch size 1, n 512
query heads 12, kv heads 12, head dim 64, token dim 768
dpu num 8, input parallelism 1, lut parallelism 8
n tile size 512, q tile size 96, kv tile size 96
num threads 1
-----------------------------------
parameter parsing time 0.000388
weight initialization time 0.169827
dpu allocate time 0.000001
--------------------------------------------
input initialization time 0.001230
index calculation time 0.010048
other latency 0.003760, data transfer latency 0.000000, pim kernel latency 0.000000
index calculation time 0.015888
other latency 0.005010, data transfer latency 0.000000, pim kernel latency 0.000000
index calculation time 0.025496
other latency 0.010023, data transfer latency 0.000001, pim kernel latency 0.000000
index calculation time 0.061763
other latency 0.011290, data transfer latency 0.000001, pim kernel latency 0.000000
amm time 0.076850, non amm time 0.031021
attention reorder time 0.001490, attention cpu compute time 0.025214
post o reorder+norm+residual time 0.001147, gelu+ffn1 reorder time 0.001981, post ffn2 reorder+norm+residual time 0.001156
tensor allocation overhead time 0.000009, other non amm time 0.000024
reorder breakdown: qkv_to_attention 0.001490, o 0.000342, ffn1 0.001286, ffn2 0.000341
host breakdown: attention 0.025214, reorder 0.003459, other 0.002348
iteration 0, inference time 0.107882
--------------------------------------------
input initialization time 0.000928
index calculation time 0.071673
other latency 0.014198, data transfer latency 0.000001, pim kernel latency 0.000000
index calculation time 0.076968
other latency 0.015181, data transfer latency 0.000002, pim kernel latency 0.000000
index calculation time 0.086567
other latency 0.019051, data transfer latency 0.000002, pim kernel latency 0.000000
index calculation time 0.121956
other latency 0.020033, data transfer latency 0.000002, pim kernel latency 0.000000
amm time 0.071053, non amm time 0.027883
attention reorder time 0.000858, attention cpu compute time 0.024644
post o reorder+norm+residual time 0.000626, gelu+ffn1 reorder time 0.001120, post ffn2 reorder+norm+residual time 0.000626
tensor allocation overhead time 0.000001, other non amm time 0.000008
reorder breakdown: qkv_to_attention 0.000858, o 0.000112, ffn1 0.000462, ffn2 0.000095
host breakdown: attention 0.024644, reorder 0.001527, other 0.001712
iteration 1, inference time 0.098941
--------------------------------------------
input initialization time 0.000933
index calculation time 0.131941
other latency 0.022941, data transfer latency 0.000002, pim kernel latency 0.000000
index calculation time 0.137220
other latency 0.023934, data transfer latency 0.000002, pim kernel latency 0.000000
index calculation time 0.146829
other latency 0.027804, data transfer latency 0.000002, pim kernel latency 0.000000
index calculation time 0.181700
other latency 0.028778, data transfer latency 0.000002, pim kernel latency 0.000000
amm time 0.070076, non amm time 0.027896
attention reorder time 0.000864, attention cpu compute time 0.024587
post o reorder+norm+residual time 0.000647, gelu+ffn1 reorder time 0.001170, post ffn2 reorder+norm+residual time 0.000620
tensor allocation overhead time 0.000001, other non amm time 0.000007
reorder breakdown: qkv_to_attention 0.000864, o 0.000105, ffn1 0.000456, ffn2 0.000097
host breakdown: attention 0.024587, reorder 0.001522, other 0.001787
iteration 2, inference time 0.097975
--------------------------------------------
input initialization time 0.000928
index calculation time 0.191653
other latency 0.031683, data transfer latency 0.000003, pim kernel latency 0.000000
index calculation time 0.197732
other latency 0.032671, data transfer latency 0.000004, pim kernel latency 0.000000
index calculation time 0.207307
other latency 0.036537, data transfer latency 0.000004, pim kernel latency 0.000000
index calculation time 0.242331
other latency 0.037537, data transfer latency 0.000004, pim kernel latency 0.000000
amm time 0.070986, non amm time 0.027731
attention reorder time 0.000854, attention cpu compute time 0.024512
post o reorder+norm+residual time 0.000612, gelu+ffn1 reorder time 0.001092, post ffn2 reorder+norm+residual time 0.000653
tensor allocation overhead time 0.000001, other non amm time 0.000007
reorder breakdown: qkv_to_attention 0.000854, o 0.000102, ffn1 0.000461, ffn2 0.000107
host breakdown: attention 0.024512, reorder 0.001524, other 0.001695
iteration 3, inference time 0.098721
--------------------------------------------
input initialization time 0.000951
index calculation time 0.252475
other latency 0.040444, data transfer latency 0.000005, pim kernel latency 0.000000
index calculation time 0.257988
other latency 0.041415, data transfer latency 0.000005, pim kernel latency 0.000000
index calculation time 0.267598
other latency 0.045310, data transfer latency 0.000005, pim kernel latency 0.000000
index calculation time 0.302400
other latency 0.046276, data transfer latency 0.000005, pim kernel latency 0.000000
amm time 0.070427, non amm time 0.027757
attention reorder time 0.000842, attention cpu compute time 0.024486
post o reorder+norm+residual time 0.000634, gelu+ffn1 reorder time 0.001166, post ffn2 reorder+norm+residual time 0.000622
tensor allocation overhead time 0.000001, other non amm time 0.000007
reorder breakdown: qkv_to_attention 0.000842, o 0.000111, ffn1 0.000457, ffn2 0.000096
host breakdown: attention 0.024486, reorder 0.001506, other 0.001766
iteration 4, inference time 0.098188
--------------------------------------------
input initialization time 0.000944
index calculation time 0.312318
other latency 0.049180, data transfer latency 0.000005, pim kernel latency 0.000000
index calculation time 0.317602
other latency 0.050166, data transfer latency 0.000005, pim kernel latency 0.000000
index calculation time 0.327274
other latency 0.054034, data transfer latency 0.000005, pim kernel latency 0.000000
index calculation time 0.362123
other latency 0.055017, data transfer latency 0.000005, pim kernel latency 0.000000
amm time 0.070074, non amm time 0.027811
attention reorder time 0.000858, attention cpu compute time 0.024517
post o reorder+norm+residual time 0.000604, gelu+ffn1 reorder time 0.001208, post ffn2 reorder+norm+residual time 0.000617
tensor allocation overhead time 0.000003, other non amm time 0.000004
reorder breakdown: qkv_to_attention 0.000858, o 0.000094, ffn1 0.000475, ffn2 0.000096
host breakdown: attention 0.024517, reorder 0.001523, other 0.001771
iteration 5, inference time 0.097889
--------------------------------------------
input initialization time 0.000954
index calculation time 0.372066
other latency 0.057917, data transfer latency 0.000006, pim kernel latency 0.000000
index calculation time 0.377450
other latency 0.058888, data transfer latency 0.000006, pim kernel latency 0.000000
index calculation time 0.387045
other latency 0.062754, data transfer latency 0.000006, pim kernel latency 0.000000
index calculation time 0.421797
other latency 0.063741, data transfer latency 0.000007, pim kernel latency 0.000000
amm time 0.070031, non amm time 0.027763
attention reorder time 0.000870, attention cpu compute time 0.024484
post o reorder+norm+residual time 0.000614, gelu+ffn1 reorder time 0.001171, post ffn2 reorder+norm+residual time 0.000617
tensor allocation overhead time 0.000000, other non amm time 0.000007
reorder breakdown: qkv_to_attention 0.000870, o 0.000106, ffn1 0.000456, ffn2 0.000095
host breakdown: attention 0.024484, reorder 0.001527, other 0.001752
iteration 6, inference time 0.097797
--------------------------------------------
input initialization time 0.000928
index calculation time 0.431812
other latency 0.066642, data transfer latency 0.000007, pim kernel latency 0.000000
index calculation time 0.437755
other latency 0.067618, data transfer latency 0.000009, pim kernel latency 0.000000
index calculation time 0.447366
other latency 0.071519, data transfer latency 0.000009, pim kernel latency 0.000000
index calculation time 0.482216
other latency 0.072500, data transfer latency 0.000009, pim kernel latency 0.000000
amm time 0.070956, non amm time 0.027811
attention reorder time 0.000851, attention cpu compute time 0.024588
post o reorder+norm+residual time 0.000611, gelu+ffn1 reorder time 0.001129, post ffn2 reorder+norm+residual time 0.000625
tensor allocation overhead time 0.000000, other non amm time 0.000007
reorder breakdown: qkv_to_attention 0.000851, o 0.000095, ffn1 0.000455, ffn2 0.000096
host breakdown: attention 0.024588, reorder 0.001497, other 0.001726
iteration 7, inference time 0.098771
--------------------------------------------
input initialization time 0.000931
index calculation time 0.492167
other latency 0.075434, data transfer latency 0.000009, pim kernel latency 0.000000
index calculation time 0.498144
other latency 0.076399, data transfer latency 0.000010, pim kernel latency 0.000000
index calculation time 0.507755
other latency 0.080266, data transfer latency 0.000010, pim kernel latency 0.000000
index calculation time 0.542992
other latency 0.081248, data transfer latency 0.000010, pim kernel latency 0.000000
amm time 0.071374, non amm time 0.027775
attention reorder time 0.000862, attention cpu compute time 0.024507
post o reorder+norm+residual time 0.000608, gelu+ffn1 reorder time 0.001166, post ffn2 reorder+norm+residual time 0.000623
tensor allocation overhead time 0.000001, other non amm time 0.000008
reorder breakdown: qkv_to_attention 0.000862, o 0.000094, ffn1 0.000455, ffn2 0.000096
host breakdown: attention 0.024507, reorder 0.001507, other 0.001762
iteration 8, inference time 0.099152
--------------------------------------------
input initialization time 0.000929
index calculation time 0.552927
other latency 0.084149, data transfer latency 0.000010, pim kernel latency 0.000000
index calculation time 0.558393
other latency 0.085126, data transfer latency 0.000010, pim kernel latency 0.000000
index calculation time 0.568052
other latency 0.089003, data transfer latency 0.000010, pim kernel latency 0.000000
index calculation time 0.603196
other latency 0.089986, data transfer latency 0.000010, pim kernel latency 0.000000
amm time 0.070597, non amm time 0.027878
attention reorder time 0.000869, attention cpu compute time 0.024595
post o reorder+norm+residual time 0.000608, gelu+ffn1 reorder time 0.001184, post ffn2 reorder+norm+residual time 0.000614
tensor allocation overhead time 0.000000, other non amm time 0.000008
reorder breakdown: qkv_to_attention 0.000869, o 0.000096, ffn1 0.000464, ffn2 0.000094
host breakdown: attention 0.024595, reorder 0.001523, other 0.001760
iteration 9, inference time 0.098479
--------------------------------------------
input initialization time 0.000929
index calculation time 0.613154
other latency 0.092895, data transfer latency 0.000010, pim kernel latency 0.000000
index calculation time 0.618542
other latency 0.093878, data transfer latency 0.000010, pim kernel latency 0.000000
index calculation time 0.628186
other latency 0.097744, data transfer latency 0.000010, pim kernel latency 0.000000
index calculation time 0.663100
other latency 0.098710, data transfer latency 0.000010, pim kernel latency 0.000000
amm time 0.070266, non amm time 0.027764
attention reorder time 0.000869, attention cpu compute time 0.024501
post o reorder+norm+residual time 0.000606, gelu+ffn1 reorder time 0.001162, post ffn2 reorder+norm+residual time 0.000618
tensor allocation overhead time 0.000000, other non amm time 0.000008
reorder breakdown: qkv_to_attention 0.000869, o 0.000095, ffn1 0.000462, ffn2 0.000097
host breakdown: attention 0.024501, reorder 0.001523, other 0.001740
iteration 10, inference time 0.098033
--------------------------------------------
input initialization time 0.000927
index calculation time 0.673023
other latency 0.101616, data transfer latency 0.000010, pim kernel latency 0.000000
index calculation time 0.679260
other latency 0.102587, data transfer latency 0.000010, pim kernel latency 0.000000
index calculation time 0.688870
other latency 0.106452, data transfer latency 0.000010, pim kernel latency 0.000000
index calculation time 0.723631
other latency 0.107425, data transfer latency 0.000010, pim kernel latency 0.000000
amm time 0.071091, non amm time 0.027742
attention reorder time 0.000875, attention cpu compute time 0.024471
post o reorder+norm+residual time 0.000612, gelu+ffn1 reorder time 0.001164, post ffn2 reorder+norm+residual time 0.000613
tensor allocation overhead time 0.000003, other non amm time 0.000004
reorder breakdown: qkv_to_attention 0.000875, o 0.000099, ffn1 0.000463, ffn2 0.000092
host breakdown: attention 0.024471, reorder 0.001529, other 0.001742
iteration 11, inference time 0.098838
--------------------------------------------
input initialization time 0.000928
index calculation time 0.733602
other latency 0.110338, data transfer latency 0.000010, pim kernel latency 0.000000
index calculation time 0.739046
other latency 0.111316, data transfer latency 0.000010, pim kernel latency 0.000000
index calculation time 0.748634
other latency 0.115184, data transfer latency 0.000010, pim kernel latency 0.000000
index calculation time 0.783442
other latency 0.116168, data transfer latency 0.000012, pim kernel latency 0.000000
amm time 0.070180, non amm time 0.027782
attention reorder time 0.000851, attention cpu compute time 0.024522
post o reorder+norm+residual time 0.000614, gelu+ffn1 reorder time 0.001168, post ffn2 reorder+norm+residual time 0.000621
tensor allocation overhead time 0.000001, other non amm time 0.000005
reorder breakdown: qkv_to_attention 0.000851, o 0.000099, ffn1 0.000460, ffn2 0.000098
host breakdown: attention 0.024522, reorder 0.001508, other 0.001752
iteration 12, inference time 0.097968
--------------------------------------------
input initialization time 0.000928
index calculation time 0.793379
other latency 0.119070, data transfer latency 0.000012, pim kernel latency 0.000000
index calculation time 0.799448
other latency 0.120035, data transfer latency 0.000012, pim kernel latency 0.000000
index calculation time 0.809044
other latency 0.123901, data transfer latency 0.000012, pim kernel latency 0.000000
index calculation time 0.843790
other latency 0.124882, data transfer latency 0.000012, pim kernel latency 0.000001
amm time 0.070894, non amm time 0.027732
attention reorder time 0.000863, attention cpu compute time 0.024465
post o reorder+norm+residual time 0.000610, gelu+ffn1 reorder time 0.001168, post ffn2 reorder+norm+residual time 0.000619
tensor allocation overhead time 0.000002, other non amm time 0.000005
reorder breakdown: qkv_to_attention 0.000863, o 0.000098, ffn1 0.000458, ffn2 0.000094
host breakdown: attention 0.024465, reorder 0.001513, other 0.001754
iteration 13, inference time 0.098631
--------------------------------------------
input initialization time 0.000927
index calculation time 0.853881
other latency 0.127841, data transfer latency 0.000013, pim kernel latency 0.000001
index calculation time 0.859384
other latency 0.128837, data transfer latency 0.000013, pim kernel latency 0.000001
index calculation time 0.869176
other latency 0.132784, data transfer latency 0.000013, pim kernel latency 0.000001
index calculation time 0.904276
other latency 0.133763, data transfer latency 0.000014, pim kernel latency 0.000001
amm time 0.071088, non amm time 0.027967
attention reorder time 0.000911, attention cpu compute time 0.024638
post o reorder+norm+residual time 0.000618, gelu+ffn1 reorder time 0.001176, post ffn2 reorder+norm+residual time 0.000617
tensor allocation overhead time 0.000001, other non amm time 0.000006
reorder breakdown: qkv_to_attention 0.000911, o 0.000097, ffn1 0.000459, ffn2 0.000092
host breakdown: attention 0.024638, reorder 0.001559, other 0.001770
iteration 14, inference time 0.099059
--------------------------------------------
10 rounds' average inference time 0.098462

----------Transformer Params----------
thread num 1
layer num 1
PIM LUT binaries ./build/bin/dpu_bin_qkv ./build/bin/dpu_bin_o ./build/bin/dpu_bin_ffn1 ./build/bin/dpu_bin_ffn2
----------QKV LUT Params----------
index calc params:
num_threads 1
n 512, input feature len 768
num codebook 512, num centroid 16, sub vec len 1
n stile size 512, cb mtile size 128
lut kernel params:
n 512, output feature len 2304, num codebook 512, num centroid 16
scale 0.100000, bias 0.200000
num threads 1, dpu num 8
input parallelism 1, lut parallelism 8, feature stile size 288, n stile size 512
n mtile size 64, feature mtile size 32, cb mtile size 128
lut load type 2, feature load tile size 8, cb load tile size 128
----------O LUT Params----------
index calc params:
num_threads 1
n 512, input feature len 768
num codebook 512, num centroid 16, sub vec len 1
n stile size 512, cb mtile size 128
lut kernel params:
n 512, output feature len 768, num codebook 512, num centroid 16
scale 0.100000, bias 0.200000
num threads 1, dpu num 8
input parallelism 1, lut parallelism 8, feature stile size 96, n stile size 512
n mtile size 64, feature mtile size 32, cb mtile size 128
lut load type 2, feature load tile size 8, cb load tile size 128
----------FFN1 LUT Params----------
index calc params:
num_threads 1
n 512, input feature len 768
num codebook 512, num centroid 16, sub vec len 1
n stile size 512, cb mtile size 128
lut kernel params:
n 512, output feature len 3072, num codebook 512, num centroid 16
scale 0.100000, bias 0.200000
num threads 1, dpu num 8
input parallelism 1, lut parallelism 8, feature stile size 384, n stile size 512
n mtile size 64, feature mtile size 32, cb mtile size 128
lut load type 2, feature load tile size 8, cb load tile size 128
----------FFN2 LUT Params----------
index calc params:
num_threads 1
n 512, input feature len 3072
num codebook 2048, num centroid 16, sub vec len 1
n stile size 512, cb mtile size 128
lut kernel params:
n 512, output feature len 768, num codebook 2048, num centroid 16
scale 0.100000, bias 0.200000
num threads 1, dpu num 8
input parallelism 1, lut parallelism 8, feature stile size 96, n stile size 512
n mtile size 64, feature mtile size 32, cb mtile size 128
lut load type 2, feature load tile size 8, cb load tile size 128
----------Attention Params----------
seq len 512, batch size 1, n 512
query heads 12, kv heads 12, head dim 64, token dim 768
dpu num 8, input parallelism 1, lut parallelism 8
n tile size 512, q tile size 96, kv tile size 96
num threads 1
-----------------------------------
parameter parsing time 0.000381
weight initialization time 0.173651
dpu allocate time 0.000001
--------------------------------------------
input initialization time 0.001285
index calculation time 0.010196
other latency 0.003811, data transfer latency 0.000000, pim kernel latency 0.000000
index calculation time 0.016228
other latency 0.005075, data transfer latency 0.000000, pim kernel latency 0.000000
index calculation time 0.026205
other latency 0.010180, data transfer latency 0.000000, pim kernel latency 0.000000
index calculation time 0.062830
other latency 0.011448, data transfer latency 0.000000, pim kernel latency 0.000000
amm time 0.078410, non amm time 0.032979
attention reorder time 0.001576, attention cpu compute time 0.026948
post o reorder+norm+residual time 0.001182, gelu+ffn1 reorder time 0.002048, post ffn2 reorder+norm+residual time 0.001185
tensor allocation overhead time 0.000009, other non amm time 0.000031
reorder breakdown: qkv_to_attention 0.001576, o 0.000355, ffn1 0.001315, ffn2 0.000379
host breakdown: attention 0.026948, reorder 0.003625, other 0.002406
iteration 0, inference time 0.111401
--------------------------------------------
input initialization time 0.000933
index calculation time 0.072810
other latency 0.014354, data transfer latency 0.000000, pim kernel latency 0.000000
index calculation time 0.078813
other latency 0.015321, data transfer latency 0.000001, pim kernel latency 0.000000
index calculation time 0.088439
other latency 0.019190, data transfer latency 0.000001, pim kernel latency 0.000000
index calculation time 0.123681
other latency 0.020162, data transfer latency 0.000001, pim kernel latency 0.000000
amm time 0.071653, non amm time 0.025954
attention reorder time 0.000864, attention cpu compute time 0.022678
post o reorder+norm+residual time 0.000611, gelu+ffn1 reorder time 0.001168, post ffn2 reorder+norm+residual time 0.000624
tensor allocation overhead time 0.000000, other non amm time 0.000009
reorder breakdown: qkv_to_attention 0.000864, o 0.000098, ffn1 0.000461, ffn2 0.000093
host breakdown: attention 0.022678, reorder 0.001516, other 0.001760
iteration 1, inference time 0.097611
--------------------------------------------
input initialization time 0.000934
index calculation time 0.133697
other latency 0.023072, data transfer latency 0.000001, pim kernel latency 0.000001
index calculation time 0.139014
other latency 0.024038, data transfer latency 0.000001, pim kernel latency 0.000001
index calculation time 0.148593
other latency 0.027907, data transfer latency 0.000001, pim kernel latency 0.000001
index calculation time 0.183381
other latency 0.028875, data transfer latency 0.000001, pim kernel latency 0.000001
amm time 0.069997, non amm time 0.026250
attention reorder time 0.000861, attention cpu compute time 0.022993
post o reorder+norm+residual time 0.000610, gelu+ffn1 reorder time 0.001145, post ffn2 reorder+norm+residual time 0.000633
tensor allocation overhead time 0.000002, other non amm time 0.000006
reorder breakdown: qkv_to_attention 0.000861, o 0.000098, ffn1 0.000443, ffn2 0.000106
host breakdown: attention 0.022993, reorder 0.001508, other 0.001749
iteration 2, inference time 0.096251
--------------------------------------------
input initialization time 0.000929
index calculation time 0.193326
other latency 0.031777, data transfer latency 0.000001, pim kernel latency 0.000001
index calculation time 0.198730
other latency 0.032743, data transfer latency 0.000002, pim kernel latency 0.000001
index calculation time 0.208363
other latency 0.036611, data transfer latency 0.000002, pim kernel latency 0.000001
index calculation time 0.243180
other latency 0.037578, data transfer latency 0.000002, pim kernel latency 0.000001
amm time 0.070090, non amm time 0.026014
attention reorder time 0.000883, attention cpu compute time 0.022730
post o reorder+norm+residual time 0.000607, gelu+ffn1 reorder time 0.001163, post ffn2 reorder+norm+residual time 0.000622
tensor allocation overhead time 0.000001, other non amm time 0.000008
reorder breakdown: qkv_to_attention 0.000883, o 0.000096, ffn1 0.000451, ffn2 0.000097
host breakdown: attention 0.022730, reorder 0.001527, other 0.001757
iteration 3, inference time 0.096110
--------------------------------------------
input initialization time 0.000929
index calculation time 0.253132
other latency 0.040483, data transfer latency 0.000002, pim kernel latency 0.000001
index calculation time 0.258445
other latency 0.041471, data transfer latency 0.000002, pim kernel latency 0.000001
index calculation time 0.268018
other latency 0.045336, data transfer latency 0.000002, pim kernel latency 0.000001
index calculation time 0.302796
other latency 0.046327, data transfer latency 0.000003, pim kernel latency 0.000001
amm time 0.069971, non amm time 0.026037
attention reorder time 0.000854, attention cpu compute time 0.022725
post o reorder+norm+residual time 0.000628, gelu+ffn1 reorder time 0.001155, post ffn2 reorder+norm+residual time 0.000668
tensor allocation overhead time 0.000001, other non amm time 0.000006
reorder breakdown: qkv_to_attention 0.000854, o 0.000110, ffn1 0.000443, ffn2 0.000139
host breakdown: attention 0.022725, reorder 0.001546, other 0.001766
iteration 4, inference time 0.096012
--------------------------------------------
input initialization time 0.000931
index calculation time 0.312767
other latency 0.049227, data transfer latency 0.000004, pim kernel latency 0.000001
index calculation time 0.318112
other latency 0.050194, data transfer latency 0.000004, pim kernel latency 0.000001
index calculation time 0.327764
other latency 0.054060, data transfer latency 0.000004, pim kernel latency 0.000001
index calculation time 0.363644
other latency 0.055031, data transfer latency 0.000004, pim kernel latency 0.000001
amm time 0.071169, non amm time 0.025938
attention reorder time 0.000861, attention cpu compute time 0.022684
post o reorder+norm+residual time 0.000614, gelu+ffn1 reorder time 0.001142, post ffn2 reorder+norm+residual time 0.000629
tensor allocation overhead time 0.000002, other non amm time 0.000006
reorder breakdown: qkv_to_attention 0.000861, o 0.000097, ffn1 0.000477, ffn2 0.000095
host breakdown: attention 0.022684, reorder 0.001530, other 0.001724
iteration 5, inference time 0.097112
--------------------------------------------
input initialization time 0.000929
index calculation time 0.373614
other latency 0.057934, data transfer latency 0.000004, pim kernel latency 0.000001
index calculation time 0.378930
other latency 0.058900, data transfer latency 0.000004, pim kernel latency 0.000001
index calculation time 0.388570
other latency 0.062820, data transfer latency 0.000004, pim kernel latency 0.000001
index calculation time 0.423938
other latency 0.063786, data transfer latency 0.000005, pim kernel latency 0.000001
amm time 0.070673, non amm time 0.026048
attention reorder time 0.000862, attention cpu compute time 0.022787
post o reorder+norm+residual time 0.000609, gelu+ffn1 reorder time 0.001149, post ffn2 reorder+norm+residual time 0.000632
tensor allocation overhead time 0.000001, other non amm time 0.000008
reorder breakdown: qkv_to_attention 0.000862, o 0.000099, ffn1 0.000440, ffn2 0.000099
host breakdown: attention 0.022787, reorder 0.001500, other 0.001761
iteration 6, inference time 0.096725
--------------------------------------------
input initialization time 0.000935
index calculation time 0.433877
other latency 0.066713, data transfer latency 0.000005, pim kernel latency 0.000001
index calculation time 0.439840
other latency 0.067679, data transfer latency 0.000006, pim kernel latency 0.000001
index calculation time 0.449468
other latency 0.071543, data transfer latency 0.000006, pim kernel latency 0.000001
index calculation time 0.484381
other latency 0.072512, data transfer latency 0.000006, pim kernel latency 0.000001
amm time 0.070771, non amm time 0.025975
attention reorder time 0.000885, attention cpu compute time 0.022701
post o reorder+norm+residual time 0.000608, gelu+ffn1 reorder time 0.001150, post ffn2 reorder+norm+residual time 0.000623
tensor allocation overhead time 0.000001, other non amm time 0.000007
reorder breakdown: qkv_to_attention 0.000885, o 0.000096, ffn1 0.000442, ffn2 0.000096
host breakdown: attention 0.022701, reorder 0.001519, other 0.001755
iteration 7, inference time 0.096751
--------------------------------------------
input initialization time 0.000927
index calculation time 0.494432
other latency 0.075417, data transfer latency 0.000006, pim kernel latency 0.000001
index calculation time 0.499738
other latency 0.076383, data transfer latency 0.000006, pim kernel latency 0.000001
index calculation time 0.509335
other latency 0.080251, data transfer latency 0.000006, pim kernel latency 0.000001
index calculation time 0.544466
other latency 0.081219, data transfer latency 0.000007, pim kernel latency 0.000001
amm time 0.070433, non amm time 0.025923
attention reorder time 0.000856, attention cpu compute time 0.022686
post o reorder+norm+residual time 0.000616, gelu+ffn1 reorder time 0.001130, post ffn2 reorder+norm+residual time 0.000627
tensor allocation overhead time 0.000002, other non amm time 0.000006
reorder breakdown: qkv_to_attention 0.000856, o 0.000096, ffn1 0.000465, ffn2 0.000096
host breakdown: attention 0.022686, reorder 0.001513, other 0.001724
iteration 8, inference time 0.096361
--------------------------------------------
input initialization time 0.000931
index calculation time 0.554415
other latency 0.084126, data transfer latency 0.000007, pim kernel latency 0.000001
index calculation time 0.559724
other latency 0.085092, data transfer latency 0.000007, pim kernel latency 0.000001
index calculation time 0.569333
other latency 0.088961, data transfer latency 0.000007, pim kernel latency 0.000001
index calculation time 0.604151
other latency 0.089930, data transfer latency 0.000007, pim kernel latency 0.000001
amm time 0.069996, non amm time 0.025926
attention reorder time 0.000863, attention cpu compute time 0.022665
post o reorder+norm+residual time 0.000611, gelu+ffn1 reorder time 0.001159, post ffn2 reorder+norm+residual time 0.000620
tensor allocation overhead time 0.000000, other non amm time 0.000008
reorder breakdown: qkv_to_attention 0.000863, o 0.000097, ffn1 0.000448, ffn2 0.000094
host breakdown: attention 0.022665, reorder 0.001502, other 0.001759
iteration 9, inference time 0.095926
--------------------------------------------
input initialization time 0.000929
index calculation time 0.614134
other latency 0.092832, data transfer latency 0.000007, pim kernel latency 0.000001
index calculation time 0.619430
other latency 0.093802, data transfer latency 0.000007, pim kernel latency 0.000001
index calculation time 0.629047
other latency 0.097697, data transfer latency 0.000008, pim kernel latency 0.000001
index calculation time 0.664030
other latency 0.098665, data transfer latency 0.000008, pim kernel latency 0.000001
amm time 0.070274, non amm time 0.026065
attention reorder time 0.000858, attention cpu compute time 0.022808
post o reorder+norm+residual time 0.000611, gelu+ffn1 reorder time 0.001151, post ffn2 reorder+norm+residual time 0.000630
tensor allocation overhead time 0.000002, other non amm time 0.000005
reorder breakdown: qkv_to_attention 0.000858, o 0.000096, ffn1 0.000442, ffn2 0.000096
host breakdown: attention 0.022808, reorder 0.001492, other 0.001765
iteration 10, inference time 0.096343
--------------------------------------------
input initialization time 0.000928
index calculation time 0.673957
other latency 0.101568, data transfer latency 0.000009, pim kernel latency 0.000001
index calculation time 0.680037
other latency 0.102534, data transfer latency 0.000009, pim kernel latency 0.000001
index calculation time 0.689633
other latency 0.106404, data transfer latency 0.000009, pim kernel latency 0.000001
index calculation time 0.724511
other latency 0.107371, data transfer latency 0.000009, pim kernel latency 0.000001
amm time 0.070817, non amm time 0.025983
attention reorder time 0.000860, attention cpu compute time 0.022708
post o reorder+norm+residual time 0.000616, gelu+ffn1 reorder time 0.001163, post ffn2 reorder+norm+residual time 0.000628
tensor allocation overhead time 0.000000, other non amm time 0.000008
reorder breakdown: qkv_to_attention 0.000860, o 0.000101, ffn1 0.000454, ffn2 0.000098
host breakdown: attention 0.022708, reorder 0.001513, other 0.001762
iteration 11, inference time 0.096805
--------------------------------------------
input initialization time 0.000929
index calculation time 0.734452
other latency 0.110276, data transfer latency 0.000009, pim kernel latency 0.000001
index calculation time 0.739784
other latency 0.111243, data transfer latency 0.000009, pim kernel latency 0.000001
index calculation time 0.749391
other latency 0.115110, data transfer latency 0.000009, pim kernel latency 0.000001
index calculation time 0.784229
other latency 0.116077, data transfer latency 0.000009, pim kernel latency 0.000001
amm time 0.070056, non amm time 0.025945
attention reorder time 0.000862, attention cpu compute time 0.022667
post o reorder+norm+residual time 0.000628, gelu+ffn1 reorder time 0.001157, post ffn2 reorder+norm+residual time 0.000623
tensor allocation overhead time 0.000002, other non amm time 0.000006
reorder breakdown: qkv_to_attention 0.000862, o 0.000096, ffn1 0.000443, ffn2 0.000097
host breakdown: attention 0.022667, reorder 0.001498, other 0.001780
iteration 12, inference time 0.096005
--------------------------------------------
input initialization time 0.000928
index calculation time 0.794194
other latency 0.118987, data transfer latency 0.000009, pim kernel latency 0.000001
index calculation time 0.799991
other latency 0.119955, data transfer latency 0.000009, pim kernel latency 0.000001
index calculation time 0.809592
other latency 0.123821, data transfer latency 0.000009, pim kernel latency 0.000001
index calculation time 0.844561
other latency 0.124809, data transfer latency 0.000009, pim kernel latency 0.000001
amm time 0.070687, non amm time 0.025939
attention reorder time 0.000867, attention cpu compute time 0.022664
post o reorder+norm+residual time 0.000616, gelu+ffn1 reorder time 0.001158, post ffn2 reorder+norm+residual time 0.000626
tensor allocation overhead time 0.000001, other non amm time 0.000007
reorder breakdown: qkv_to_attention 0.000867, o 0.000095, ffn1 0.000443, ffn2 0.000094
host breakdown: attention 0.022664, reorder 0.001499, other 0.001776
iteration 13, inference time 0.096631
--------------------------------------------
input initialization time 0.000948
index calculation time 0.854694
other latency 0.127775, data transfer latency 0.000009, pim kernel latency 0.000002
index calculation time 0.860377
other latency 0.128741, data transfer latency 0.000009, pim kernel latency 0.000002
index calculation time 0.870006
other latency 0.132606, data transfer latency 0.000009, pim kernel latency 0.000002
index calculation time 0.904742
other latency 0.133572, data transfer latency 0.000009, pim kernel latency 0.000002
amm time 0.070634, non amm time 0.026204
attention reorder time 0.000879, attention cpu compute time 0.022960
post o reorder+norm+residual time 0.000610, gelu+ffn1 reorder time 0.001124, post ffn2 reorder+norm+residual time 0.000624
tensor allocation overhead time 0.000001, other non amm time 0.000006
reorder breakdown: qkv_to_attention 0.000879, o 0.000100, ffn1 0.000471, ffn2 0.000098
host breakdown: attention 0.022960, reorder 0.001548, other 0.001696
iteration 14, inference time 0.096843
--------------------------------------------
10 rounds' average inference time 0.096550

----------Transformer Params----------
thread num 1
layer num 1
PIM LUT binaries ./build/bin/dpu_bin_qkv ./build/bin/dpu_bin_o ./build/bin/dpu_bin_ffn1 ./build/bin/dpu_bin_ffn2
----------QKV LUT Params----------
index calc params:
num_threads 1
n 512, input feature len 768
num codebook 512, num centroid 16, sub vec len 1
n stile size 512, cb mtile size 128
lut kernel params:
n 512, output feature len 2304, num codebook 512, num centroid 16
scale 0.100000, bias 0.200000
num threads 1, dpu num 8
input parallelism 1, lut parallelism 8, feature stile size 288, n stile size 512
n mtile size 64, feature mtile size 32, cb mtile size 128
lut load type 2, feature load tile size 8, cb load tile size 128
----------O LUT Params----------
index calc params:
num_threads 1
n 512, input feature len 768
num codebook 512, num centroid 16, sub vec len 1
n stile size 512, cb mtile size 128
lut kernel params:
n 512, output feature len 768, num codebook 512, num centroid 16
scale 0.100000, bias 0.200000
num threads 1, dpu num 8
input parallelism 1, lut parallelism 8, feature stile size 96, n stile size 512
n mtile size 64, feature mtile size 32, cb mtile size 128
lut load type 2, feature load tile size 8, cb load tile size 128
----------FFN1 LUT Params----------
index calc params:
num_threads 1
n 512, input feature len 768
num codebook 512, num centroid 16, sub vec len 1
n stile size 512, cb mtile size 128
lut kernel params:
n 512, output feature len 3072, num codebook 512, num centroid 16
scale 0.100000, bias 0.200000
num threads 1, dpu num 8
input parallelism 1, lut parallelism 8, feature stile size 384, n stile size 512
n mtile size 64, feature mtile size 32, cb mtile size 128
lut load type 2, feature load tile size 8, cb load tile size 128
----------FFN2 LUT Params----------
index calc params:
num_threads 1
n 512, input feature len 3072
num codebook 2048, num centroid 16, sub vec len 1
n stile size 512, cb mtile size 128
lut kernel params:
n 512, output feature len 768, num codebook 2048, num centroid 16
scale 0.100000, bias 0.200000
num threads 1, dpu num 8
input parallelism 1, lut parallelism 8, feature stile size 96, n stile size 512
n mtile size 64, feature mtile size 32, cb mtile size 128
lut load type 2, feature load tile size 8, cb load tile size 128
----------Attention Params----------
seq len 512, batch size 1, n 512
query heads 12, kv heads 12, head dim 64, token dim 768
dpu num 8, input parallelism 1, lut parallelism 8
n tile size 512, q tile size 96, kv tile size 96
num threads 1
-----------------------------------
parameter parsing time 0.000394
weight initialization time 0.173763
dpu allocate time 0.000001
--------------------------------------------
input initialization time 0.001301
index calculation time 0.010324
other latency 0.003901, data transfer latency 0.000000, pim kernel latency 0.000000
index calculation time 0.016196
other latency 0.005212, data transfer latency 0.000001, pim kernel latency 0.000000
index calculation time 0.026237
other latency 0.010395, data transfer latency 0.000002, pim kernel latency 0.000000
index calculation time 0.061953
other latency 0.011691, data transfer latency 0.000003, pim kernel latency 0.000000
amm time 0.077772, non amm time 0.031459
attention reorder time 0.001565, attention cpu compute time 0.025240
post o reorder+norm+residual time 0.001165, gelu+ffn1 reorder time 0.002202, post ffn2 reorder+norm+residual time 0.001247
tensor allocation overhead time 0.000007, other non amm time 0.000033
reorder breakdown: qkv_to_attention 0.001565, o 0.000341, ffn1 0.001467, ffn2 0.000378
host breakdown: attention 0.025240, reorder 0.003751, other 0.002468
iteration 0, inference time 0.109241
--------------------------------------------
input initialization time 0.000949
index calculation time 0.072124
other latency 0.014662, data transfer latency 0.000003, pim kernel latency 0.000000
index calculation time 0.078083
other latency 0.015654, data transfer latency 0.000004, pim kernel latency 0.000000
index calculation time 0.087949
other latency 0.019608, data transfer latency 0.000004, pim kernel latency 0.000000
index calculation time 0.124343
other latency 0.020628, data transfer latency 0.000004, pim kernel latency 0.000000
amm time 0.073588, non amm time 0.028140
attention reorder time 0.000886, attention cpu compute time 0.024832
post o reorder+norm+residual time 0.000624, gelu+ffn1 reorder time 0.001130, post ffn2 reorder+norm+residual time 0.000657
tensor allocation overhead time 0.000002, other non amm time 0.000009
reorder breakdown: qkv_to_attention 0.000886, o 0.000107, ffn1 0.000423, ffn2 0.000108
host breakdown: attention 0.024832, reorder 0.001524, other 0.001784
iteration 1, inference time 0.101733
--------------------------------------------
input initialization time 0.000948
index calculation time 0.134510
other latency 0.023599, data transfer latency 0.000004, pim kernel latency 0.000000
index calculation time 0.139999
other latency 0.024590, data transfer latency 0.000004, pim kernel latency 0.000000
index calculation time 0.149798
other latency 0.028638, data transfer latency 0.000005, pim kernel latency 0.000000
index calculation time 0.185479
other latency 0.029644, data transfer latency 0.000005, pim kernel latency 0.000000
amm time 0.071864, non amm time 0.027931
attention reorder time 0.000882, attention cpu compute time 0.024700
post o reorder+norm+residual time 0.000617, gelu+ffn1 reorder time 0.001092, post ffn2 reorder+norm+residual time 0.000632
tensor allocation overhead time 0.000001, other non amm time 0.000007
reorder breakdown: qkv_to_attention 0.000882, o 0.000101, ffn1 0.000419, ffn2 0.000095
host breakdown: attention 0.024700, reorder 0.001497, other 0.001734
iteration 2, inference time 0.099802
--------------------------------------------
input initialization time 0.000952
index calculation time 0.195642
other latency 0.032616, data transfer latency 0.000005, pim kernel latency 0.000000
index calculation time 0.201430
other latency 0.033610, data transfer latency 0.000005, pim kernel latency 0.000000
index calculation time 0.211307
other latency 0.037662, data transfer latency 0.000006, pim kernel latency 0.000000
index calculation time 0.246866
other latency 0.038700, data transfer latency 0.000006, pim kernel latency 0.000000
amm time 0.072162, non amm time 0.028190
attention reorder time 0.000880, attention cpu compute time 0.024902
post o reorder+norm+residual time 0.000621, gelu+ffn1 reorder time 0.001144, post ffn2 reorder+norm+residual time 0.000636
tensor allocation overhead time 0.000002, other non amm time 0.000005
reorder breakdown: qkv_to_attention 0.000880, o 0.000098, ffn1 0.000442, ffn2 0.000095
host breakdown: attention 0.024902, reorder 0.001515, other 0.001773
iteration 3, inference time 0.100356
--------------------------------------------
input initialization time 0.000967
index calculation time 0.257071
other latency 0.041699, data transfer latency 0.000006, pim kernel latency 0.000000
index calculation time 0.262718
other latency 0.042714, data transfer latency 0.000006, pim kernel latency 0.000000
index calculation time 0.272551
other latency 0.046675, data transfer latency 0.000007, pim kernel latency 0.000000
index calculation time 0.308383
other latency 0.047678, data transfer latency 0.000008, pim kernel latency 0.000000
amm time 0.072231, non amm time 0.028153
attention reorder time 0.000884, attention cpu compute time 0.024813
post o reorder+norm+residual time 0.000634, gelu+ffn1 reorder time 0.001176, post ffn2 reorder+norm+residual time 0.000638
tensor allocation overhead time 0.000001, other non amm time 0.000007
reorder breakdown: qkv_to_attention 0.000884, o 0.000099, ffn1 0.000451, ffn2 0.000104
host breakdown: attention 0.024813, reorder 0.001538, other 0.001802
iteration 4, inference time 0.100388
--------------------------------------------
input initialization time 0.000951
index calculation time 0.318590
other latency 0.050645, data transfer latency 0.000008, pim kernel latency 0.000000
index calculation time 0.324155
other latency 0.051667, data transfer latency 0.000008, pim kernel latency 0.000000
index calculation time 0.333980
other latency 0.055645, data transfer latency 0.000008, pim kernel latency 0.000000
index calculation time 0.369654
other latency 0.056632, data transfer latency 0.000009, pim kernel latency 0.000000
amm time 0.071922, non amm time 0.028038
attention reorder time 0.000878, attention cpu compute time 0.024758
post o reorder+norm+residual time 0.000641, gelu+ffn1 reorder time 0.001110, post ffn2 reorder+norm+residual time 0.000643
tensor allocation overhead time 0.000001, other non amm time 0.000007
reorder breakdown: qkv_to_attention 0.000878, o 0.000098, ffn1 0.000411, ffn2 0.000099
host breakdown: attention 0.024758, reorder 0.001486, other 0.001794
iteration 5, inference time 0.099965
--------------------------------------------
input initialization time 0.000954
index calculation time 0.379852
other latency 0.059595, data transfer latency 0.000009, pim kernel latency 0.000000
index calculation time 0.385564
other latency 0.060596, data transfer latency 0.000010, pim kernel latency 0.000001
index calculation time 0.401347
other latency 0.064559, data transfer latency 0.000010, pim kernel latency 0.000001
index calculation time 0.437540
other latency 0.065572, data transfer latency 0.000010, pim kernel latency 0.000001
amm time 0.078862, non amm time 0.032005
attention reorder time 0.000951, attention cpu compute time 0.028284
post o reorder+norm+residual time 0.000759, gelu+ffn1 reorder time 0.001343, post ffn2 reorder+norm+residual time 0.000658
tensor allocation overhead time 0.000004, other non amm time 0.000006
reorder breakdown: qkv_to_attention 0.000951, o 0.000145, ffn1 0.000522, ffn2 0.000107
host breakdown: attention 0.028284, reorder 0.001725, other 0.001996
iteration 6, inference time 0.110873
--------------------------------------------
input initialization time 0.000971
index calculation time 0.447792
other latency 0.068610, data transfer latency 0.000010, pim kernel latency 0.000001
index calculation time 0.453525
other latency 0.069598, data transfer latency 0.000010, pim kernel latency 0.000001
index calculation time 0.463334
other latency 0.073628, data transfer latency 0.000010, pim kernel latency 0.000001
index calculation time 0.499281
other latency 0.074623, data transfer latency 0.000010, pim kernel latency 0.000001
amm time 0.072595, non amm time 0.028113
attention reorder time 0.000939, attention cpu compute time 0.024767
post o reorder+norm+residual time 0.000639, gelu+ffn1 reorder time 0.001120, post ffn2 reorder+norm+residual time 0.000637
tensor allocation overhead time 0.000001, other non amm time 0.000010
reorder breakdown: qkv_to_attention 0.000939, o 0.000099, ffn1 0.000419, ffn2 0.000099
host breakdown: attention 0.024767, reorder 0.001556, other 0.001790
iteration 7, inference time 0.100713
--------------------------------------------
input initialization time 0.000949
index calculation time 0.509418
other latency 0.077630, data transfer latency 0.000010, pim kernel latency 0.000001
index calculation time 0.515219
other latency 0.078630, data transfer latency 0.000010, pim kernel latency 0.000001
index calculation time 0.525129
other latency 0.082596, data transfer latency 0.000010, pim kernel latency 0.000001
index calculation time 0.560955
other latency 0.083622, data transfer latency 0.000011, pim kernel latency 0.000001
amm time 0.072414, non amm time 0.027983
attention reorder time 0.000869, attention cpu compute time 0.024720
post o reorder+norm+residual time 0.000620, gelu+ffn1 reorder time 0.001119, post ffn2 reorder+norm+residual time 0.000647
tensor allocation overhead time 0.000004, other non amm time 0.000004
reorder breakdown: qkv_to_attention 0.000869, o 0.000103, ffn1 0.000408, ffn2 0.000110
host breakdown: attention 0.024720, reorder 0.001490, other 0.001773
iteration 8, inference time 0.100401
--------------------------------------------
input initialization time 0.000950
index calculation time 0.571169
other latency 0.086643, data transfer latency 0.000012, pim kernel latency 0.000001
index calculation time 0.576775
other latency 0.087636, data transfer latency 0.000012, pim kernel latency 0.000001
index calculation time 0.586591
other latency 0.091634, data transfer latency 0.000012, pim kernel latency 0.000002
index calculation time 0.622528
other latency 0.092640, data transfer latency 0.000012, pim kernel latency 0.000002
amm time 0.072323, non amm time 0.028204
attention reorder time 0.000886, attention cpu compute time 0.024880
post o reorder+norm+residual time 0.000617, gelu+ffn1 reorder time 0.001183, post ffn2 reorder+norm+residual time 0.000630
tensor allocation overhead time 0.000001, other non amm time 0.000007
reorder breakdown: qkv_to_attention 0.000886, o 0.000098, ffn1 0.000436, ffn2 0.000097
host breakdown: attention 0.024880, reorder 0.001517, other 0.001807
iteration 9, inference time 0.100531
--------------------------------------------
input initialization time 0.000956
index calculation time 0.632725
other latency 0.095617, data transfer latency 0.000013, pim kernel latency 0.000002
index calculation time 0.638263
other latency 0.096616, data transfer latency 0.000013, pim kernel latency 0.000002
index calculation time 0.648069
other latency 0.100600, data transfer latency 0.000013, pim kernel latency 0.000002
index calculation time 0.684297
other latency 0.101593, data transfer latency 0.000014, pim kernel latency 0.000002
amm time 0.072463, non amm time 0.028090
attention reorder time 0.000883, attention cpu compute time 0.024756
post o reorder+norm+residual time 0.000625, gelu+ffn1 reorder time 0.001163, post ffn2 reorder+norm+residual time 0.000655
tensor allocation overhead time 0.000002, other non amm time 0.000006
reorder breakdown: qkv_to_attention 0.000883, o 0.000096, ffn1 0.000437, ffn2 0.000108
host breakdown: attention 0.024756, reorder 0.001524, other 0.001810
iteration 10, inference time 0.100558
--------------------------------------------
input initialization time 0.000951
index calculation time 0.694488
other latency 0.104555, data transfer latency 0.000014, pim kernel latency 0.000002
index calculation time 0.700518
other latency 0.105552, data transfer latency 0.000015, pim kernel latency 0.000002
index calculation time 0.710382
other latency 0.109522, data transfer latency 0.000015, pim kernel latency 0.000002
index calculation time 0.746357
other latency 0.110519, data transfer latency 0.000015, pim kernel latency 0.000002
amm time 0.072697, non amm time 0.028050
attention reorder time 0.000869, attention cpu compute time 0.024753
post o reorder+norm+residual time 0.000639, gelu+ffn1 reorder time 0.001133, post ffn2 reorder+norm+residual time 0.000649
tensor allocation overhead time 0.000001, other non amm time 0.000006
reorder breakdown: qkv_to_attention 0.000869, o 0.000096, ffn1 0.000411, ffn2 0.000104
host breakdown: attention 0.024753, reorder 0.001480, other 0.001817
iteration 11, inference time 0.100752
--------------------------------------------
input initialization time 0.000951
index calculation time 0.756596
other latency 0.113501, data transfer latency 0.000015, pim kernel latency 0.000002
index calculation time 0.762230
other latency 0.114488, data transfer latency 0.000015, pim kernel latency 0.000002
index calculation time 0.772130
other latency 0.118504, data transfer latency 0.000015, pim kernel latency 0.000002
index calculation time 0.807958
other latency 0.119492, data transfer latency 0.000016, pim kernel latency 0.000002
amm time 0.072342, non amm time 0.028127
attention reorder time 0.000917, attention cpu compute time 0.024730
post o reorder+norm+residual time 0.000673, gelu+ffn1 reorder time 0.001145, post ffn2 reorder+norm+residual time 0.000653
tensor allocation overhead time 0.000003, other non amm time 0.000006
reorder breakdown: qkv_to_attention 0.000917, o 0.000096, ffn1 0.000421, ffn2 0.000111
host breakdown: attention 0.024730, reorder 0.001545, other 0.001852
iteration 12, inference time 0.100473
--------------------------------------------
input initialization time 0.000950
index calculation time 0.818319
other latency 0.122468, data transfer latency 0.000016, pim kernel latency 0.000002
index calculation time 0.823788
other latency 0.123471, data transfer latency 0.000017, pim kernel latency 0.000002
index calculation time 0.833683
other latency 0.127503, data transfer latency 0.000017, pim kernel latency 0.000002
index calculation time 0.869555
other latency 0.128500, data transfer latency 0.000017, pim kernel latency 0.000002
amm time 0.072387, non amm time 0.028789
attention reorder time 0.000950, attention cpu compute time 0.025112
post o reorder+norm+residual time 0.000688, gelu+ffn1 reorder time 0.001403, post ffn2 reorder+norm+residual time 0.000628
tensor allocation overhead time 0.000001, other non amm time 0.000007
reorder breakdown: qkv_to_attention 0.000950, o 0.000132, ffn1 0.000644, ffn2 0.000097
host breakdown: attention 0.025112, reorder 0.001823, other 0.001854
iteration 13, inference time 0.101180
--------------------------------------------
input initialization time 0.000950
index calculation time 0.879752
other latency 0.131471, data transfer latency 0.000018, pim kernel latency 0.000002
index calculation time 0.885833
other latency 0.132500, data transfer latency 0.000018, pim kernel latency 0.000002
index calculation time 0.895771
other latency 0.136546, data transfer latency 0.000018, pim kernel latency 0.000002
index calculation time 0.932066
other latency 0.137556, data transfer latency 0.000019, pim kernel latency 0.000002
amm time 0.073543, non amm time 0.029613
attention reorder time 0.000918, attention cpu compute time 0.025907
post o reorder+norm+residual time 0.000711, gelu+ffn1 reorder time 0.001416, post ffn2 reorder+norm+residual time 0.000653
tensor allocation overhead time 0.000001, other non amm time 0.000007
reorder breakdown: qkv_to_attention 0.000918, o 0.000137, ffn1 0.000668, ffn2 0.000106
host breakdown: attention 0.025907, reorder 0.001829, other 0.001877
iteration 14, inference time 0.103161
--------------------------------------------
10 rounds' average inference time 0.101861

----------Transformer Params----------
thread num 1
layer num 1
PIM LUT binaries ./build/bin/dpu_bin_qkv ./build/bin/dpu_bin_o ./build/bin/dpu_bin_ffn1 ./build/bin/dpu_bin_ffn2
----------QKV LUT Params----------
index calc params:
num_threads 1
n 512, input feature len 768
num codebook 512, num centroid 16, sub vec len 1
n stile size 512, cb mtile size 128
lut kernel params:
n 512, output feature len 2304, num codebook 512, num centroid 16
scale 0.100000, bias 0.200000
num threads 1, dpu num 8
input parallelism 1, lut parallelism 8, feature stile size 288, n stile size 512
n mtile size 64, feature mtile size 32, cb mtile size 128
lut load type 2, feature load tile size 8, cb load tile size 128
----------O LUT Params----------
index calc params:
num_threads 1
n 512, input feature len 768
num codebook 512, num centroid 16, sub vec len 1
n stile size 512, cb mtile size 128
lut kernel params:
n 512, output feature len 768, num codebook 512, num centroid 16
scale 0.100000, bias 0.200000
num threads 1, dpu num 8
input parallelism 1, lut parallelism 8, feature stile size 96, n stile size 512
n mtile size 64, feature mtile size 32, cb mtile size 128
lut load type 2, feature load tile size 8, cb load tile size 128
----------FFN1 LUT Params----------
index calc params:
num_threads 1
n 512, input feature len 768
num codebook 512, num centroid 16, sub vec len 1
n stile size 512, cb mtile size 128
lut kernel params:
n 512, output feature len 3072, num codebook 512, num centroid 16
scale 0.100000, bias 0.200000
num threads 1, dpu num 8
input parallelism 1, lut parallelism 8, feature stile size 384, n stile size 512
n mtile size 64, feature mtile size 32, cb mtile size 128
lut load type 2, feature load tile size 8, cb load tile size 128
----------FFN2 LUT Params----------
index calc params:
num_threads 1
n 512, input feature len 3072
num codebook 2048, num centroid 16, sub vec len 1
n stile size 512, cb mtile size 128
lut kernel params:
n 512, output feature len 768, num codebook 2048, num centroid 16
scale 0.100000, bias 0.200000
num threads 1, dpu num 8
input parallelism 1, lut parallelism 8, feature stile size 96, n stile size 512
n mtile size 64, feature mtile size 32, cb mtile size 128
lut load type 2, feature load tile size 8, cb load tile size 128
----------Attention Params----------
seq len 512, batch size 1, n 512
query heads 12, kv heads 12, head dim 64, token dim 768
dpu num 8, input parallelism 1, lut parallelism 8
n tile size 512, q tile size 96, kv tile size 96
num threads 1
-----------------------------------
parameter parsing time 0.000398
weight initialization time 0.173290
dpu allocate time 0.000001
--------------------------------------------
input initialization time 0.001260
index calculation time 0.010287
other latency 0.003866, data transfer latency 0.000000, pim kernel latency 0.000000
index calculation time 0.016061
other latency 0.005152, data transfer latency 0.000000, pim kernel latency 0.000000
index calculation time 0.025877
other latency 0.010320, data transfer latency 0.000000, pim kernel latency 0.000000
index calculation time 0.061775
other latency 0.011597, data transfer latency 0.000000, pim kernel latency 0.000000
amm time 0.077328, non amm time 0.031489
attention reorder time 0.001647, attention cpu compute time 0.025217
post o reorder+norm+residual time 0.001211, gelu+ffn1 reorder time 0.002176, post ffn2 reorder+norm+residual time 0.001194
tensor allocation overhead time 0.000008, other non amm time 0.000036
reorder breakdown: qkv_to_attention 0.001647, o 0.000349, ffn1 0.001487, ffn2 0.000362
host breakdown: attention 0.025217, reorder 0.003845, other 0.002427
iteration 0, inference time 0.108827
--------------------------------------------
input initialization time 0.000949
index calculation time 0.071932
other latency 0.014566, data transfer latency 0.000001, pim kernel latency 0.000000
index calculation time 0.077898
other latency 0.015560, data transfer latency 0.000001, pim kernel latency 0.000000
index calculation time 0.087722
other latency 0.019511, data transfer latency 0.000001, pim kernel latency 0.000000
index calculation time 0.123773
other latency 0.020501, data transfer latency 0.000001, pim kernel latency 0.000000
amm time 0.073094, non amm time 0.028005
attention reorder time 0.000877, attention cpu compute time 0.024721
post o reorder+norm+residual time 0.000616, gelu+ffn1 reorder time 0.001148, post ffn2 reorder+norm+residual time 0.000634
tensor allocation overhead time 0.000003, other non amm time 0.000006
reorder breakdown: qkv_to_attention 0.000877, o 0.000094, ffn1 0.000423, ffn2 0.000100
host breakdown: attention 0.024721, reorder 0.001494, other 0.001790
iteration 1, inference time 0.101103
--------------------------------------------
input initialization time 0.000947
index calculation time 0.133933
other latency 0.023470, data transfer latency 0.000001, pim kernel latency 0.000000
index calculation time 0.139438
other latency 0.024456, data transfer latency 0.000002, pim kernel latency 0.000000
index calculation time 0.149264
other latency 0.028423, data transfer latency 0.000003, pim kernel latency 0.000000
index calculation time 0.184824
other latency 0.029415, data transfer latency 0.000003, pim kernel latency 0.000000
amm time 0.071690, non amm time 0.027900
attention reorder time 0.000873, attention cpu compute time 0.024617
post o reorder+norm+residual time 0.000617, gelu+ffn1 reorder time 0.001138, post ffn2 reorder+norm+residual time 0.000646
tensor allocation overhead time 0.000003, other non amm time 0.000006
reorder breakdown: qkv_to_attention 0.000873, o 0.000099, ffn1 0.000421, ffn2 0.000103
host breakdown: attention 0.024617, reorder 0.001496, other 0.001787
iteration 2, inference time 0.099596
--------------------------------------------
input initialization time 0.000948
index calculation time 0.195041
other latency 0.032380, data transfer latency 0.000004, pim kernel latency 0.000000
index calculation time 0.200853
other latency 0.033398, data transfer latency 0.000004, pim kernel latency 0.000000
index calculation time 0.210711
other latency 0.037401, data transfer latency 0.000004, pim kernel latency 0.000000
index calculation time 0.246439
other latency 0.038400, data transfer latency 0.000004, pim kernel latency 0.000000
amm time 0.072475, non amm time 0.028169
attention reorder time 0.000886, attention cpu compute time 0.024774
post o reorder+norm+residual time 0.000705, gelu+ffn1 reorder time 0.001166, post ffn2 reorder+norm+residual time 0.000629
tensor allocation overhead time 0.000002, other non amm time 0.000007
reorder breakdown: qkv_to_attention 0.000886, o 0.000141, ffn1 0.000441, ffn2 0.000095
host breakdown: attention 0.024774, reorder 0.001563, other 0.001832
iteration 3, inference time 0.100650
--------------------------------------------
input initialization time 0.000955
index calculation time 0.256593
other latency 0.041378, data transfer latency 0.000004, pim kernel latency 0.000000
index calculation time 0.262703
other latency 0.042368, data transfer latency 0.000005, pim kernel latency 0.000000
index calculation time 0.272519
other latency 0.046382, data transfer latency 0.000005, pim kernel latency 0.000000
index calculation time 0.308662
other latency 0.047398, data transfer latency 0.000005, pim kernel latency 0.000000
amm time 0.073040, non amm time 0.028014
attention reorder time 0.000882, attention cpu compute time 0.024677
post o reorder+norm+residual time 0.000609, gelu+ffn1 reorder time 0.001170, post ffn2 reorder+norm+residual time 0.000667
tensor allocation overhead time 0.000005, other non amm time 0.000004
reorder breakdown: qkv_to_attention 0.000882, o 0.000095, ffn1 0.000423, ffn2 0.000117
host breakdown: attention 0.024677, reorder 0.001517, other 0.001820
iteration 4, inference time 0.101059
--------------------------------------------
input initialization time 0.000951
index calculation time 0.318883
other latency 0.050388, data transfer latency 0.000006, pim kernel latency 0.000000
index calculation time 0.324946
other latency 0.051374, data transfer latency 0.000006, pim kernel latency 0.000001
index calculation time 0.334826
other latency 0.055322, data transfer latency 0.000007, pim kernel latency 0.000001
index calculation time 0.370452
other latency 0.056332, data transfer latency 0.000007, pim kernel latency 0.000001
amm time 0.072567, non amm time 0.027902
attention reorder time 0.000880, attention cpu compute time 0.024601
post o reorder+norm+residual time 0.000610, gelu+ffn1 reorder time 0.001150, post ffn2 reorder+norm+residual time 0.000651
tensor allocation overhead time 0.000002, other non amm time 0.000008
reorder breakdown: qkv_to_attention 0.000880, o 0.000095, ffn1 0.000425, ffn2 0.000100
host breakdown: attention 0.024601, reorder 0.001500, other 0.001801
iteration 5, inference time 0.100474
--------------------------------------------
input initialization time 0.000956
index calculation time 0.380624
other latency 0.059301, data transfer latency 0.000007, pim kernel latency 0.000001
index calculation time 0.386128
other latency 0.060304, data transfer latency 0.000007, pim kernel latency 0.000001
index calculation time 0.395985
other latency 0.064252, data transfer latency 0.000007, pim kernel latency 0.000001
index calculation time 0.431802
other latency 0.065240, data transfer latency 0.000008, pim kernel latency 0.000001
amm time 0.072017, non amm time 0.028049
attention reorder time 0.000910, attention cpu compute time 0.024698
post o reorder+norm+residual time 0.000636, gelu+ffn1 reorder time 0.001148, post ffn2 reorder+norm+residual time 0.000648
tensor allocation overhead time 0.000001, other non amm time 0.000008
reorder breakdown: qkv_to_attention 0.000910, o 0.000102, ffn1 0.000421, ffn2 0.000098
host breakdown: attention 0.024698, reorder 0.001531, other 0.001820
iteration 6, inference time 0.100070
--------------------------------------------
input initialization time 0.000951
index calculation time 0.442000
other latency 0.068209, data transfer latency 0.000008, pim kernel latency 0.000001
index calculation time 0.447407
other latency 0.069212, data transfer latency 0.000009, pim kernel latency 0.000001
index calculation time 0.457201
other latency 0.073188, data transfer latency 0.000009, pim kernel latency 0.000001
index calculation time 0.493325
other latency 0.074190, data transfer latency 0.000010, pim kernel latency 0.000001
amm time 0.072251, non amm time 0.027998
attention reorder time 0.000932, attention cpu compute time 0.024644
post o reorder+norm+residual time 0.000639, gelu+ffn1 reorder time 0.001112, post ffn2 reorder+norm+residual time 0.000662
tensor allocation overhead time 0.000001, other non amm time 0.000008
reorder breakdown: qkv_to_attention 0.000932, o 0.000113, ffn1 0.000438, ffn2 0.000111
host breakdown: attention 0.024644, reorder 0.001594, other 0.001760
iteration 7, inference time 0.100256
--------------------------------------------
input initialization time 0.000951
index calculation time 0.503493
other latency 0.077156, data transfer latency 0.000010, pim kernel latency 0.000001
index calculation time 0.509100
other latency 0.078143, data transfer latency 0.000010, pim kernel latency 0.000001
index calculation time 0.518960
other latency 0.082099, data transfer latency 0.000010, pim kernel latency 0.000001
index calculation time 0.554701
other latency 0.083101, data transfer latency 0.000010, pim kernel latency 0.000001
amm time 0.072070, non amm time 0.027941
attention reorder time 0.000927, attention cpu compute time 0.024613
post o reorder+norm+residual time 0.000646, gelu+ffn1 reorder time 0.001109, post ffn2 reorder+norm+residual time 0.000637
tensor allocation overhead time 0.000001, other non amm time 0.000008
reorder breakdown: qkv_to_attention 0.000927, o 0.000106, ffn1 0.000460, ffn2 0.000097
host breakdown: attention 0.024613, reorder 0.001590, other 0.001738
iteration 8, inference time 0.100016
--------------------------------------------
input initialization time 0.000950
index calculation time 0.564831
other latency 0.086074, data transfer latency 0.000010, pim kernel latency 0.000001
index calculation time 0.570726
other latency 0.087063, data transfer latency 0.000011, pim kernel latency 0.000001
index calculation time 0.580564
other latency 0.091022, data transfer latency 0.000011, pim kernel latency 0.000001
index calculation time 0.616816
other latency 0.092011, data transfer latency 0.000011, pim kernel latency 0.000001
amm time 0.072845, non amm time 0.028140
attention reorder time 0.000899, attention cpu compute time 0.024801
post o reorder+norm+residual time 0.000645, gelu+ffn1 reorder time 0.001143, post ffn2 reorder+norm+residual time 0.000643
tensor allocation overhead time 0.000003, other non amm time 0.000006
reorder breakdown: qkv_to_attention 0.000899, o 0.000115, ffn1 0.000447, ffn2 0.000097
host breakdown: attention 0.024801, reorder 0.001558, other 0.001781
iteration 9, inference time 0.100990
--------------------------------------------
input initialization time 0.000958
index calculation time 0.627043
other latency 0.094985, data transfer latency 0.000011, pim kernel latency 0.000001
index calculation time 0.632490
other latency 0.096007, data transfer latency 0.000011, pim kernel latency 0.000001
index calculation time 0.642285
other latency 0.099963, data transfer latency 0.000012, pim kernel latency 0.000001
index calculation time 0.678017
other latency 0.100967, data transfer latency 0.000012, pim kernel latency 0.000001
amm time 0.071904, non amm time 0.028010
attention reorder time 0.000982, attention cpu compute time 0.024639
post o reorder+norm+residual time 0.000617, gelu+ffn1 reorder time 0.001107, post ffn2 reorder+norm+residual time 0.000654
tensor allocation overhead time 0.000002, other non amm time 0.000009
reorder breakdown: qkv_to_attention 0.000982, o 0.000096, ffn1 0.000404, ffn2 0.000100
host breakdown: attention 0.024639, reorder 0.001582, other 0.001789
iteration 10, inference time 0.099919
--------------------------------------------
input initialization time 0.000948
index calculation time 0.688184
other latency 0.103938, data transfer latency 0.000012, pim kernel latency 0.000001
index calculation time 0.693741
other latency 0.104934, data transfer latency 0.000013, pim kernel latency 0.000001
index calculation time 0.703555
other latency 0.108894, data transfer latency 0.000013, pim kernel latency 0.000001
index calculation time 0.739294
other latency 0.109894, data transfer latency 0.000013, pim kernel latency 0.000001
amm time 0.072087, non amm time 0.027995
attention reorder time 0.000898, attention cpu compute time 0.024700
post o reorder+norm+residual time 0.000629, gelu+ffn1 reorder time 0.001124, post ffn2 reorder+norm+residual time 0.000636
tensor allocation overhead time 0.000001, other non amm time 0.000007
reorder breakdown: qkv_to_attention 0.000898, o 0.000100, ffn1 0.000451, ffn2 0.000096
host breakdown: attention 0.024700, reorder 0.001545, other 0.001750
iteration 11, inference time 0.100086
--------------------------------------------
input initialization time 0.000949
index calculation time 0.749455
other latency 0.112863, data transfer latency 0.000013, pim kernel latency 0.000001
index calculation time 0.755610
other latency 0.113861, data transfer latency 0.000013, pim kernel latency 0.000001
index calculation time 0.765443
other latency 0.117826, data transfer latency 0.000013, pim kernel latency 0.000001
index calculation time 0.802527
other latency 0.118822, data transfer latency 0.000013, pim kernel latency 0.000001
amm time 0.073953, non amm time 0.028035
attention reorder time 0.000877, attention cpu compute time 0.024778
post o reorder+norm+residual time 0.000624, gelu+ffn1 reorder time 0.001108, post ffn2 reorder+norm+residual time 0.000637
tensor allocation overhead time 0.000002, other non amm time 0.000009
reorder breakdown: qkv_to_attention 0.000877, o 0.000099, ffn1 0.000412, ffn2 0.000101
host breakdown: attention 0.024778, reorder 0.001489, other 0.001768
iteration 12, inference time 0.101992
--------------------------------------------
input initialization time 0.000948
index calculation time 0.812719
other latency 0.121796, data transfer latency 0.000013, pim kernel latency 0.000002
index calculation time 0.818391
other latency 0.122790, data transfer latency 0.000013, pim kernel latency 0.000002
index calculation time 0.828220
other latency 0.126776, data transfer latency 0.000014, pim kernel latency 0.000002
index calculation time 0.865073
other latency 0.127823, data transfer latency 0.000014, pim kernel latency 0.000002
amm time 0.073298, non amm time 0.027948
attention reorder time 0.000875, attention cpu compute time 0.024638
post o reorder+norm+residual time 0.000618, gelu+ffn1 reorder time 0.001169, post ffn2 reorder+norm+residual time 0.000639
tensor allocation overhead time 0.000002, other non amm time 0.000007
reorder breakdown: qkv_to_attention 0.000875, o 0.000099, ffn1 0.000418, ffn2 0.000100
host breakdown: attention 0.024638, reorder 0.001492, other 0.001817
iteration 13, inference time 0.101251
--------------------------------------------
input initialization time 0.000948
index calculation time 0.875231
other latency 0.130812, data transfer latency 0.000015, pim kernel latency 0.000002
index calculation time 0.880784
other latency 0.131800, data transfer latency 0.000015, pim kernel latency 0.000002
index calculation time 0.890646
other latency 0.135787, data transfer latency 0.000015, pim kernel latency 0.000002
index calculation time 0.927458
other latency 0.136792, data transfer latency 0.000016, pim kernel latency 0.000002
amm time 0.073127, non amm time 0.027998
attention reorder time 0.000865, attention cpu compute time 0.024709
post o reorder+norm+residual time 0.000621, gelu+ffn1 reorder time 0.001156, post ffn2 reorder+norm+residual time 0.000637
tensor allocation overhead time 0.000002, other non amm time 0.000008
reorder breakdown: qkv_to_attention 0.000865, o 0.000096, ffn1 0.000420, ffn2 0.000096
host breakdown: attention 0.024709, reorder 0.001477, other 0.001812
iteration 14, inference time 0.101130
--------------------------------------------
10 rounds' average inference time 0.100618
