----------Transformer Params----------
thread num 1
layer num 1
PIM LUT binaries ./build/bin/dpu_bin_qkv ./build/bin/dpu_bin_o ./build/bin/dpu_bin_ffn1 ./build/bin/dpu_bin_ffn2
----------QKV LUT Params----------
index calc params:
num_threads 1
n 1024, input feature len 768
num codebook 512, num centroid 16, sub vec len 1
n stile size 1024, cb mtile size 128
lut kernel params:
n 1024, output feature len 2304, num codebook 512, num centroid 16
scale 0.100000, bias 0.200000
num threads 1, dpu num 1
input parallelism 1, lut parallelism 1, feature stile size 2304, n stile size 1024
n mtile size 64, feature mtile size 32, cb mtile size 128
lut load type 2, feature load tile size 8, cb load tile size 128
----------O LUT Params----------
index calc params:
num_threads 1
n 1024, input feature len 768
num codebook 512, num centroid 16, sub vec len 1
n stile size 1024, cb mtile size 128
lut kernel params:
n 1024, output feature len 768, num codebook 512, num centroid 16
scale 0.100000, bias 0.200000
num threads 1, dpu num 1
input parallelism 1, lut parallelism 1, feature stile size 768, n stile size 1024
n mtile size 64, feature mtile size 32, cb mtile size 128
lut load type 2, feature load tile size 8, cb load tile size 128
----------FFN1 LUT Params----------
index calc params:
num_threads 1
n 1024, input feature len 768
num codebook 512, num centroid 16, sub vec len 1
n stile size 1024, cb mtile size 128
lut kernel params:
n 1024, output feature len 3072, num codebook 512, num centroid 16
scale 0.100000, bias 0.200000
num threads 1, dpu num 1
input parallelism 1, lut parallelism 1, feature stile size 3072, n stile size 1024
n mtile size 64, feature mtile size 32, cb mtile size 128
lut load type 2, feature load tile size 8, cb load tile size 128
----------FFN2 LUT Params----------
index calc params:
num_threads 1
n 1024, input feature len 3072
num codebook 2048, num centroid 16, sub vec len 1
n stile size 1024, cb mtile size 128
lut kernel params:
n 1024, output feature len 768, num codebook 2048, num centroid 16
scale 0.100000, bias 0.200000
num threads 1, dpu num 1
input parallelism 1, lut parallelism 1, feature stile size 768, n stile size 1024
n mtile size 64, feature mtile size 32, cb mtile size 128
lut load type 2, feature load tile size 8, cb load tile size 128
----------Attention Params----------
seq len 1024, batch size 1, n 1024
query heads 12, kv heads 12, head dim 64, token dim 768
dpu num 1, input parallelism 1, lut parallelism 1
n tile size 1024, q tile size 768, kv tile size 768
num threads 1
-----------------------------------
parameter parsing time 0.000413
weight initialization time 0.176030
dpu allocate time 0.000001
--------------------------------------------
input initialization time 0.002718
index calculation time 0.020562
other latency 0.008027, data transfer latency 0.000000, pim kernel latency 0.000000
index calculation time 0.032624
other latency 0.010607, data transfer latency 0.000001, pim kernel latency 0.000000
index calculation time 0.052427
other latency 0.021361, data transfer latency 0.000001, pim kernel latency 0.000000
index calculation time 0.124130
other latency 0.024066, data transfer latency 0.000002, pim kernel latency 0.000000
amm time 0.159214, non amm time 0.113400
attention reorder time 0.003907, attention cpu compute time 0.099625
post o reorder+norm+residual time 0.002527, gelu+ffn1 reorder time 0.004762, post ffn2 reorder+norm+residual time 0.002534
tensor allocation overhead time 0.000008, other non amm time 0.000036
reorder breakdown: qkv_to_attention 0.003907, o 0.000691, ffn1 0.003285, ffn2 0.000692
host breakdown: attention 0.099625, reorder 0.008575, other 0.005200
iteration 0, inference time 0.272623
--------------------------------------------
input initialization time 0.001918
index calculation time 0.144450
other latency 0.030040, data transfer latency 0.000002, pim kernel latency 0.000000
index calculation time 0.155904
other latency 0.032017, data transfer latency 0.000002, pim kernel latency 0.000000
index calculation time 0.175583
other latency 0.039974, data transfer latency 0.000002, pim kernel latency 0.000000
index calculation time 0.246989
other latency 0.041949, data transfer latency 0.000002, pim kernel latency 0.000000
amm time 0.146503, non amm time 0.105365
attention reorder time 0.002309, attention cpu compute time 0.098232
post o reorder+norm+residual time 0.001267, gelu+ffn1 reorder time 0.002286, post ffn2 reorder+norm+residual time 0.001259
tensor allocation overhead time 0.000004, other non amm time 0.000008
reorder breakdown: qkv_to_attention 0.002309, o 0.000196, ffn1 0.000918, ffn2 0.000193
host breakdown: attention 0.098232, reorder 0.003616, other 0.003517
iteration 1, inference time 0.251873
--------------------------------------------
input initialization time 0.001903
index calculation time 0.267376
other latency 0.047893, data transfer latency 0.000002, pim kernel latency 0.000001
index calculation time 0.278917
other latency 0.049893, data transfer latency 0.000002, pim kernel latency 0.000001
index calculation time 0.298553
other latency 0.057840, data transfer latency 0.000002, pim kernel latency 0.000001
index calculation time 0.369663
other latency 0.059821, data transfer latency 0.000003, pim kernel latency 0.000001
amm time 0.145150, non amm time 0.105510
attention reorder time 0.002317, attention cpu compute time 0.098432
post o reorder+norm+residual time 0.001232, gelu+ffn1 reorder time 0.002217, post ffn2 reorder+norm+residual time 0.001300
tensor allocation overhead time 0.000002, other non amm time 0.000010
reorder breakdown: qkv_to_attention 0.002317, o 0.000194, ffn1 0.000853, ffn2 0.000213
host breakdown: attention 0.098432, reorder 0.003577, other 0.003501
iteration 2, inference time 0.250667
--------------------------------------------
input initialization time 0.001910
index calculation time 0.390067
other latency 0.065742, data transfer latency 0.000003, pim kernel latency 0.000001
index calculation time 0.401536
other latency 0.067720, data transfer latency 0.000003, pim kernel latency 0.000001
index calculation time 0.421513
other latency 0.075639, data transfer latency 0.000003, pim kernel latency 0.000002
index calculation time 0.493468
other latency 0.077622, data transfer latency 0.000003, pim kernel latency 0.000002
amm time 0.146377, non amm time 0.106008
attention reorder time 0.002294, attention cpu compute time 0.098863
post o reorder+norm+residual time 0.001357, gelu+ffn1 reorder time 0.002181, post ffn2 reorder+norm+residual time 0.001301
tensor allocation overhead time 0.000005, other non amm time 0.000007
reorder breakdown: qkv_to_attention 0.002294, o 0.000221, ffn1 0.000818, ffn2 0.000205
host breakdown: attention 0.098863, reorder 0.003538, other 0.003607
iteration 3, inference time 0.252391
--------------------------------------------
input initialization time 0.001939
index calculation time 0.513979
other latency 0.083598, data transfer latency 0.000004, pim kernel latency 0.000002
index calculation time 0.525116
other latency 0.085582, data transfer latency 0.000004, pim kernel latency 0.000002
index calculation time 0.544985
other latency 0.093498, data transfer latency 0.000004, pim kernel latency 0.000003
index calculation time 0.616834
other latency 0.095483, data transfer latency 0.000005, pim kernel latency 0.000003
amm time 0.145771, non amm time 0.106002
attention reorder time 0.002419, attention cpu compute time 0.098499
post o reorder+norm+residual time 0.001306, gelu+ffn1 reorder time 0.002508, post ffn2 reorder+norm+residual time 0.001257
tensor allocation overhead time 0.000004, other non amm time 0.000009
reorder breakdown: qkv_to_attention 0.002419, o 0.000238, ffn1 0.001128, ffn2 0.000191
host breakdown: attention 0.098499, reorder 0.003976, other 0.003527
iteration 4, inference time 0.251781
--------------------------------------------
input initialization time 0.001909
index calculation time 0.637424
other latency 0.101434, data transfer latency 0.000005, pim kernel latency 0.000003
index calculation time 0.648727
other latency 0.103409, data transfer latency 0.000006, pim kernel latency 0.000003
index calculation time 0.669727
other latency 0.111387, data transfer latency 0.000006, pim kernel latency 0.000003
index calculation time 0.742356
other latency 0.113365, data transfer latency 0.000006, pim kernel latency 0.000003
amm time 0.148039, non amm time 0.117141
attention reorder time 0.002350, attention cpu compute time 0.109516
post o reorder+norm+residual time 0.001377, gelu+ffn1 reorder time 0.002626, post ffn2 reorder+norm+residual time 0.001259
tensor allocation overhead time 0.000007, other non amm time 0.000006
reorder breakdown: qkv_to_attention 0.002350, o 0.000214, ffn1 0.001136, ffn2 0.000199
host breakdown: attention 0.109516, reorder 0.003899, other 0.003726
iteration 5, inference time 0.265186
--------------------------------------------
input initialization time 0.001903
index calculation time 0.762984
other latency 0.119312, data transfer latency 0.000006, pim kernel latency 0.000003
index calculation time 0.774725
other latency 0.121293, data transfer latency 0.000006, pim kernel latency 0.000003
index calculation time 0.794586
other latency 0.129246, data transfer latency 0.000006, pim kernel latency 0.000003
index calculation time 0.866154
other latency 0.131225, data transfer latency 0.000006, pim kernel latency 0.000003
amm time 0.146498, non amm time 0.106576
attention reorder time 0.002352, attention cpu compute time 0.099336
post o reorder+norm+residual time 0.001340, gelu+ffn1 reorder time 0.002277, post ffn2 reorder+norm+residual time 0.001259
tensor allocation overhead time 0.000005, other non amm time 0.000007
reorder breakdown: qkv_to_attention 0.002352, o 0.000214, ffn1 0.000906, ffn2 0.000193
host breakdown: attention 0.099336, reorder 0.003665, other 0.003575
iteration 6, inference time 0.253081
--------------------------------------------
input initialization time 0.001983
index calculation time 0.886715
other latency 0.137186, data transfer latency 0.000006, pim kernel latency 0.000003
index calculation time 0.898730
other latency 0.139167, data transfer latency 0.000007, pim kernel latency 0.000003
index calculation time 0.918505
other latency 0.147165, data transfer latency 0.000007, pim kernel latency 0.000003
index calculation time 0.990055
other latency 0.149152, data transfer latency 0.000007, pim kernel latency 0.000003
amm time 0.146442, non amm time 0.105571
attention reorder time 0.002296, attention cpu compute time 0.098449
post o reorder+norm+residual time 0.001255, gelu+ffn1 reorder time 0.002249, post ffn2 reorder+norm+residual time 0.001310
tensor allocation overhead time 0.000005, other non amm time 0.000007
reorder breakdown: qkv_to_attention 0.002296, o 0.000204, ffn1 0.000839, ffn2 0.000214
host breakdown: attention 0.098449, reorder 0.003553, other 0.003569
iteration 7, inference time 0.252020
--------------------------------------------
input initialization time 0.001914
index calculation time 1.010538
other latency 0.155132, data transfer latency 0.000007, pim kernel latency 0.000003
index calculation time 1.021901
other latency 0.157109, data transfer latency 0.000007, pim kernel latency 0.000003
index calculation time 1.041934
other latency 0.165057, data transfer latency 0.000007, pim kernel latency 0.000003
index calculation time 1.113768
other latency 0.167037, data transfer latency 0.000007, pim kernel latency 0.000003
amm time 0.146200, non amm time 0.106073
attention reorder time 0.002326, attention cpu compute time 0.098914
post o reorder+norm+residual time 0.001333, gelu+ffn1 reorder time 0.002201, post ffn2 reorder+norm+residual time 0.001285
tensor allocation overhead time 0.000005, other non amm time 0.000009
reorder breakdown: qkv_to_attention 0.002326, o 0.000211, ffn1 0.000831, ffn2 0.000203
host breakdown: attention 0.098914, reorder 0.003571, other 0.003588
iteration 8, inference time 0.252280
--------------------------------------------
input initialization time 0.001907
index calculation time 1.134223
other latency 0.172980, data transfer latency 0.000007, pim kernel latency 0.000003
index calculation time 1.145266
other latency 0.174986, data transfer latency 0.000007, pim kernel latency 0.000003
index calculation time 1.165212
other latency 0.182910, data transfer latency 0.000007, pim kernel latency 0.000003
index calculation time 1.237309
other latency 0.184888, data transfer latency 0.000007, pim kernel latency 0.000003
amm time 0.145905, non amm time 0.107068
attention reorder time 0.002330, attention cpu compute time 0.099306
post o reorder+norm+residual time 0.001408, gelu+ffn1 reorder time 0.002655, post ffn2 reorder+norm+residual time 0.001355
tensor allocation overhead time 0.000006, other non amm time 0.000008
reorder breakdown: qkv_to_attention 0.002330, o 0.000237, ffn1 0.001053, ffn2 0.000207
host breakdown: attention 0.099306, reorder 0.003827, other 0.003935
iteration 9, inference time 0.252979
--------------------------------------------
input initialization time 0.001976
index calculation time 1.257885
other latency 0.190833, data transfer latency 0.000007, pim kernel latency 0.000003
index calculation time 1.269524
other latency 0.192808, data transfer latency 0.000007, pim kernel latency 0.000003
index calculation time 1.289743
other latency 0.200783, data transfer latency 0.000007, pim kernel latency 0.000003
index calculation time 1.363219
other latency 0.202776, data transfer latency 0.000007, pim kernel latency 0.000003
amm time 0.148402, non amm time 0.107167
attention reorder time 0.002331, attention cpu compute time 0.099853
post o reorder+norm+residual time 0.001361, gelu+ffn1 reorder time 0.002266, post ffn2 reorder+norm+residual time 0.001342
tensor allocation overhead time 0.000007, other non amm time 0.000007
reorder breakdown: qkv_to_attention 0.002331, o 0.000225, ffn1 0.000887, ffn2 0.000238
host breakdown: attention 0.099853, reorder 0.003681, other 0.003633
iteration 10, inference time 0.255576
--------------------------------------------
input initialization time 0.001949
index calculation time 1.383919
other latency 0.208714, data transfer latency 0.000007, pim kernel latency 0.000003
index calculation time 1.395293
other latency 0.210691, data transfer latency 0.000007, pim kernel latency 0.000003
index calculation time 1.415282
other latency 0.218662, data transfer latency 0.000007, pim kernel latency 0.000003
index calculation time 1.487579
other latency 0.220636, data transfer latency 0.000007, pim kernel latency 0.000003
amm time 0.146862, non amm time 0.106509
attention reorder time 0.002348, attention cpu compute time 0.099303
post o reorder+norm+residual time 0.001353, gelu+ffn1 reorder time 0.002220, post ffn2 reorder+norm+residual time 0.001271
tensor allocation overhead time 0.000004, other non amm time 0.000010
reorder breakdown: qkv_to_attention 0.002348, o 0.000221, ffn1 0.000840, ffn2 0.000205
host breakdown: attention 0.099303, reorder 0.003614, other 0.003592
iteration 11, inference time 0.253379
--------------------------------------------
input initialization time 0.001944
index calculation time 1.508183
other latency 0.226624, data transfer latency 0.000007, pim kernel latency 0.000003
index calculation time 1.519429
other latency 0.228639, data transfer latency 0.000007, pim kernel latency 0.000003
index calculation time 1.539634
other latency 0.236580, data transfer latency 0.000007, pim kernel latency 0.000003
index calculation time 1.611875
other latency 0.238562, data transfer latency 0.000007, pim kernel latency 0.000003
amm time 0.146878, non amm time 0.106952
attention reorder time 0.002388, attention cpu compute time 0.099487
post o reorder+norm+residual time 0.001415, gelu+ffn1 reorder time 0.002394, post ffn2 reorder+norm+residual time 0.001252
tensor allocation overhead time 0.000003, other non amm time 0.000013
reorder breakdown: qkv_to_attention 0.002388, o 0.000224, ffn1 0.000970, ffn2 0.000190
host breakdown: attention 0.099487, reorder 0.003772, other 0.003693
iteration 12, inference time 0.253836
--------------------------------------------
input initialization time 0.001909
index calculation time 1.632544
other latency 0.244509, data transfer latency 0.000007, pim kernel latency 0.000003
index calculation time 1.644036
other latency 0.246570, data transfer latency 0.000007, pim kernel latency 0.000003
index calculation time 1.664218
other latency 0.254495, data transfer latency 0.000007, pim kernel latency 0.000003
index calculation time 1.736532
other latency 0.256476, data transfer latency 0.000007, pim kernel latency 0.000003
amm time 0.146972, non amm time 0.110317
attention reorder time 0.002317, attention cpu compute time 0.103070
post o reorder+norm+residual time 0.001335, gelu+ffn1 reorder time 0.002210, post ffn2 reorder+norm+residual time 0.001373
tensor allocation overhead time 0.000004, other non amm time 0.000008
reorder breakdown: qkv_to_attention 0.002317, o 0.000216, ffn1 0.000836, ffn2 0.000221
host breakdown: attention 0.103070, reorder 0.003590, other 0.003657
iteration 13, inference time 0.257294
--------------------------------------------
input initialization time 0.001953
index calculation time 1.757106
other latency 0.262434, data transfer latency 0.000007, pim kernel latency 0.000003
index calculation time 1.768342
other latency 0.264422, data transfer latency 0.000007, pim kernel latency 0.000003
index calculation time 1.788226
other latency 0.272421, data transfer latency 0.000007, pim kernel latency 0.000003
index calculation time 1.869091
other latency 0.274436, data transfer latency 0.000007, pim kernel latency 0.000003
amm time 0.154901, non amm time 0.106477
attention reorder time 0.002394, attention cpu compute time 0.098855
post o reorder+norm+residual time 0.001310, gelu+ffn1 reorder time 0.002508, post ffn2 reorder+norm+residual time 0.001396
tensor allocation overhead time 0.000006, other non amm time 0.000008
reorder breakdown: qkv_to_attention 0.002394, o 0.000224, ffn1 0.001157, ffn2 0.000210
host breakdown: attention 0.098855, reorder 0.003985, other 0.003637
iteration 14, inference time 0.261386
--------------------------------------------
10 rounds' average inference time 0.255702

----------Transformer Params----------
thread num 1
layer num 1
PIM LUT binaries ./build/bin/dpu_bin_qkv ./build/bin/dpu_bin_o ./build/bin/dpu_bin_ffn1 ./build/bin/dpu_bin_ffn2
----------QKV LUT Params----------
index calc params:
num_threads 1
n 1024, input feature len 768
num codebook 512, num centroid 16, sub vec len 1
n stile size 1024, cb mtile size 128
lut kernel params:
n 1024, output feature len 2304, num codebook 512, num centroid 16
scale 0.100000, bias 0.200000
num threads 1, dpu num 1
input parallelism 1, lut parallelism 1, feature stile size 2304, n stile size 1024
n mtile size 64, feature mtile size 32, cb mtile size 128
lut load type 2, feature load tile size 8, cb load tile size 128
----------O LUT Params----------
index calc params:
num_threads 1
n 1024, input feature len 768
num codebook 512, num centroid 16, sub vec len 1
n stile size 1024, cb mtile size 128
lut kernel params:
n 1024, output feature len 768, num codebook 512, num centroid 16
scale 0.100000, bias 0.200000
num threads 1, dpu num 1
input parallelism 1, lut parallelism 1, feature stile size 768, n stile size 1024
n mtile size 64, feature mtile size 32, cb mtile size 128
lut load type 2, feature load tile size 8, cb load tile size 128
----------FFN1 LUT Params----------
index calc params:
num_threads 1
n 1024, input feature len 768
num codebook 512, num centroid 16, sub vec len 1
n stile size 1024, cb mtile size 128
lut kernel params:
n 1024, output feature len 3072, num codebook 512, num centroid 16
scale 0.100000, bias 0.200000
num threads 1, dpu num 1
input parallelism 1, lut parallelism 1, feature stile size 3072, n stile size 1024
n mtile size 64, feature mtile size 32, cb mtile size 128
lut load type 2, feature load tile size 8, cb load tile size 128
----------FFN2 LUT Params----------
index calc params:
num_threads 1
n 1024, input feature len 3072
num codebook 2048, num centroid 16, sub vec len 1
n stile size 1024, cb mtile size 128
lut kernel params:
n 1024, output feature len 768, num codebook 2048, num centroid 16
scale 0.100000, bias 0.200000
num threads 1, dpu num 1
input parallelism 1, lut parallelism 1, feature stile size 768, n stile size 1024
n mtile size 64, feature mtile size 32, cb mtile size 128
lut load type 2, feature load tile size 8, cb load tile size 128
----------Attention Params----------
seq len 1024, batch size 1, n 1024
query heads 12, kv heads 12, head dim 64, token dim 768
dpu num 1, input parallelism 1, lut parallelism 1
n tile size 1024, q tile size 768, kv tile size 768
num threads 1
-----------------------------------
parameter parsing time 0.000385
weight initialization time 0.173644
dpu allocate time 0.000002
--------------------------------------------
input initialization time 0.002543
index calculation time 0.020601
other latency 0.007742, data transfer latency 0.000000, pim kernel latency 0.000000
index calculation time 0.032162
other latency 0.010395, data transfer latency 0.000000, pim kernel latency 0.000000
index calculation time 0.051816
other latency 0.020805, data transfer latency 0.000000, pim kernel latency 0.000000
index calculation time 0.123852
other latency 0.023408, data transfer latency 0.000000, pim kernel latency 0.000000
amm time 0.156241, non amm time 0.112955
attention reorder time 0.003947, attention cpu compute time 0.099846
post o reorder+norm+residual time 0.002347, gelu+ffn1 reorder time 0.004386, post ffn2 reorder+norm+residual time 0.002379
tensor allocation overhead time 0.000011, other non amm time 0.000039
reorder breakdown: qkv_to_attention 0.003947, o 0.000699, ffn1 0.003015, ffn2 0.000717
host breakdown: attention 0.099846, reorder 0.008378, other 0.004731
iteration 0, inference time 0.269206
--------------------------------------------
input initialization time 0.001913
index calculation time 0.144221
other latency 0.029364, data transfer latency 0.000000, pim kernel latency 0.000000
index calculation time 0.156194
other latency 0.031369, data transfer latency 0.000000, pim kernel latency 0.000000
index calculation time 0.175822
other latency 0.039275, data transfer latency 0.000001, pim kernel latency 0.000000
index calculation time 0.247163
other latency 0.041264, data transfer latency 0.000002, pim kernel latency 0.000000
amm time 0.146584, non amm time 0.105559
attention reorder time 0.002352, attention cpu compute time 0.098244
post o reorder+norm+residual time 0.001302, gelu+ffn1 reorder time 0.002364, post ffn2 reorder+norm+residual time 0.001284
tensor allocation overhead time 0.000004, other non amm time 0.000009
reorder breakdown: qkv_to_attention 0.002352, o 0.000224, ffn1 0.000977, ffn2 0.000202
host breakdown: attention 0.098244, reorder 0.003755, other 0.003560
iteration 1, inference time 0.252148
--------------------------------------------
input initialization time 0.001913
index calculation time 0.267522
other latency 0.047203, data transfer latency 0.000002, pim kernel latency 0.000000
index calculation time 0.278361
other latency 0.049185, data transfer latency 0.000002, pim kernel latency 0.000000
index calculation time 0.298000
other latency 0.057173, data transfer latency 0.000002, pim kernel latency 0.000000
index calculation time 0.369717
other latency 0.059162, data transfer latency 0.000002, pim kernel latency 0.000000
amm time 0.145126, non amm time 0.105456
attention reorder time 0.002375, attention cpu compute time 0.098295
post o reorder+norm+residual time 0.001242, gelu+ffn1 reorder time 0.002280, post ffn2 reorder+norm+residual time 0.001255
tensor allocation overhead time 0.000002, other non amm time 0.000007
reorder breakdown: qkv_to_attention 0.002375, o 0.000194, ffn1 0.000887, ffn2 0.000191
host breakdown: attention 0.098295, reorder 0.003647, other 0.003514
iteration 2, inference time 0.250587
--------------------------------------------
input initialization time 0.001897
index calculation time 0.390152
other latency 0.065132, data transfer latency 0.000003, pim kernel latency 0.000000
index calculation time 0.401173
other latency 0.067106, data transfer latency 0.000004, pim kernel latency 0.000000
index calculation time 0.420970
other latency 0.075092, data transfer latency 0.000004, pim kernel latency 0.000000
index calculation time 0.492706
other latency 0.077066, data transfer latency 0.000004, pim kernel latency 0.000000
amm time 0.145592, non amm time 0.105731
attention reorder time 0.002373, attention cpu compute time 0.098567
post o reorder+norm+residual time 0.001259, gelu+ffn1 reorder time 0.002254, post ffn2 reorder+norm+residual time 0.001270
tensor allocation overhead time 0.000002, other non amm time 0.000006
reorder breakdown: qkv_to_attention 0.002373, o 0.000212, ffn1 0.000889, ffn2 0.000191
host breakdown: attention 0.098567, reorder 0.003665, other 0.003499
iteration 3, inference time 0.251328
--------------------------------------------
input initialization time 0.001905
index calculation time 0.513126
other latency 0.083040, data transfer latency 0.000004, pim kernel latency 0.000000
index calculation time 0.524856
other latency 0.085047, data transfer latency 0.000004, pim kernel latency 0.000000
index calculation time 0.544507
other latency 0.093013, data transfer latency 0.000004, pim kernel latency 0.000000
index calculation time 0.615762
other latency 0.094993, data transfer latency 0.000004, pim kernel latency 0.000000
amm time 0.145589, non amm time 0.105303
attention reorder time 0.002286, attention cpu compute time 0.098257
post o reorder+norm+residual time 0.001264, gelu+ffn1 reorder time 0.002183, post ffn2 reorder+norm+residual time 0.001304
tensor allocation overhead time 0.000002, other non amm time 0.000007
reorder breakdown: qkv_to_attention 0.002286, o 0.000194, ffn1 0.000826, ffn2 0.000206
host breakdown: attention 0.098257, reorder 0.003512, other 0.003534
iteration 4, inference time 0.250898
--------------------------------------------
input initialization time 0.001902
index calculation time 0.636173
other latency 0.101034, data transfer latency 0.000004, pim kernel latency 0.000000
index calculation time 0.647837
other latency 0.103008, data transfer latency 0.000004, pim kernel latency 0.000000
index calculation time 0.667449
other latency 0.110953, data transfer latency 0.000004, pim kernel latency 0.000000
index calculation time 0.738827
other latency 0.112932, data transfer latency 0.000004, pim kernel latency 0.000000
amm time 0.145754, non amm time 0.105108
attention reorder time 0.002300, attention cpu compute time 0.098135
post o reorder+norm+residual time 0.001241, gelu+ffn1 reorder time 0.002155, post ffn2 reorder+norm+residual time 0.001267
tensor allocation overhead time 0.000003, other non amm time 0.000007
reorder breakdown: qkv_to_attention 0.002300, o 0.000199, ffn1 0.000829, ffn2 0.000191
host breakdown: attention 0.098135, reorder 0.003519, other 0.003454
iteration 5, inference time 0.250868
--------------------------------------------
input initialization time 0.001912
index calculation time 0.759179
other latency 0.118880, data transfer latency 0.000004, pim kernel latency 0.000000
index calculation time 0.771139
other latency 0.120908, data transfer latency 0.000005, pim kernel latency 0.000000
index calculation time 0.790773
other latency 0.128827, data transfer latency 0.000006, pim kernel latency 0.000000
index calculation time 0.862512
other latency 0.130806, data transfer latency 0.000006, pim kernel latency 0.000000
amm time 0.146129, non amm time 0.105435
attention reorder time 0.002422, attention cpu compute time 0.098097
post o reorder+norm+residual time 0.001339, gelu+ffn1 reorder time 0.002272, post ffn2 reorder+norm+residual time 0.001296
tensor allocation overhead time 0.000003, other non amm time 0.000006
reorder breakdown: qkv_to_attention 0.002422, o 0.000212, ffn1 0.000840, ffn2 0.000207
host breakdown: attention 0.098097, reorder 0.003681, other 0.003657
iteration 6, inference time 0.251570
--------------------------------------------
input initialization time 0.001900
index calculation time 0.883024
other latency 0.136762, data transfer latency 0.000007, pim kernel latency 0.000000
index calculation time 0.894560
other latency 0.138763, data transfer latency 0.000007, pim kernel latency 0.000000
index calculation time 0.914350
other latency 0.146746, data transfer latency 0.000007, pim kernel latency 0.000000
index calculation time 0.986893
other latency 0.148723, data transfer latency 0.000008, pim kernel latency 0.000000
amm time 0.146817, non amm time 0.105984
attention reorder time 0.002368, attention cpu compute time 0.098734
post o reorder+norm+residual time 0.001246, gelu+ffn1 reorder time 0.002364, post ffn2 reorder+norm+residual time 0.001257
tensor allocation overhead time 0.000006, other non amm time 0.000009
reorder breakdown: qkv_to_attention 0.002368, o 0.000206, ffn1 0.000954, ffn2 0.000192
host breakdown: attention 0.098734, reorder 0.003720, other 0.003530
iteration 7, inference time 0.252808
--------------------------------------------
input initialization time 0.001909
index calculation time 1.008269
other latency 0.155002, data transfer latency 0.000008, pim kernel latency 0.000000
index calculation time 1.019596
other latency 0.156978, data transfer latency 0.000009, pim kernel latency 0.000000
index calculation time 1.039463
other latency 0.164923, data transfer latency 0.000009, pim kernel latency 0.000000
index calculation time 1.112671
other latency 0.166909, data transfer latency 0.000009, pim kernel latency 0.000000
amm time 0.148949, non amm time 0.108157
attention reorder time 0.002512, attention cpu compute time 0.100778
post o reorder+norm+residual time 0.001358, gelu+ffn1 reorder time 0.002233, post ffn2 reorder+norm+residual time 0.001261
tensor allocation overhead time 0.000005, other non amm time 0.000010
reorder breakdown: qkv_to_attention 0.002512, o 0.000227, ffn1 0.000846, ffn2 0.000198
host breakdown: attention 0.100778, reorder 0.003783, other 0.003596
iteration 8, inference time 0.257113
--------------------------------------------
input initialization time 0.001905
index calculation time 1.133348
other latency 0.172870, data transfer latency 0.000010, pim kernel latency 0.000000
index calculation time 1.144755
other latency 0.174857, data transfer latency 0.000011, pim kernel latency 0.000000
index calculation time 1.164630
other latency 0.182781, data transfer latency 0.000011, pim kernel latency 0.000000
index calculation time 1.237053
other latency 0.184764, data transfer latency 0.000011, pim kernel latency 0.000000
amm time 0.146777, non amm time 0.106647
attention reorder time 0.002409, attention cpu compute time 0.098973
post o reorder+norm+residual time 0.001440, gelu+ffn1 reorder time 0.002535, post ffn2 reorder+norm+residual time 0.001276
tensor allocation overhead time 0.000005, other non amm time 0.000009
reorder breakdown: qkv_to_attention 0.002409, o 0.000270, ffn1 0.001200, ffn2 0.000203
host breakdown: attention 0.098973, reorder 0.004082, other 0.003592
iteration 9, inference time 0.253430
--------------------------------------------
input initialization time 0.001903
index calculation time 1.257852
other latency 0.190721, data transfer latency 0.000011, pim kernel latency 0.000000
index calculation time 1.269542
other latency 0.192708, data transfer latency 0.000012, pim kernel latency 0.000000
index calculation time 1.289528
other latency 0.200757, data transfer latency 0.000012, pim kernel latency 0.000000
index calculation time 1.361578
other latency 0.202734, data transfer latency 0.000012, pim kernel latency 0.000000
amm time 0.147403, non amm time 0.107419
attention reorder time 0.002348, attention cpu compute time 0.100068
post o reorder+norm+residual time 0.001367, gelu+ffn1 reorder time 0.002235, post ffn2 reorder+norm+residual time 0.001387
tensor allocation overhead time 0.000006, other non amm time 0.000008
reorder breakdown: qkv_to_attention 0.002348, o 0.000214, ffn1 0.000852, ffn2 0.000204
host breakdown: attention 0.100068, reorder 0.003618, other 0.003733
iteration 10, inference time 0.254829
--------------------------------------------
input initialization time 0.001918
index calculation time 1.382097
other latency 0.208673, data transfer latency 0.000012, pim kernel latency 0.000000
index calculation time 1.393327
other latency 0.210651, data transfer latency 0.000012, pim kernel latency 0.000000
index calculation time 1.413187
other latency 0.218589, data transfer latency 0.000013, pim kernel latency 0.000000
index calculation time 1.485235
other latency 0.220574, data transfer latency 0.000013, pim kernel latency 0.000000
amm time 0.146278, non amm time 0.106053
attention reorder time 0.002278, attention cpu compute time 0.098983
post o reorder+norm+residual time 0.001256, gelu+ffn1 reorder time 0.002237, post ffn2 reorder+norm+residual time 0.001288
tensor allocation overhead time 0.000003, other non amm time 0.000008
reorder breakdown: qkv_to_attention 0.002278, o 0.000199, ffn1 0.000835, ffn2 0.000195
host breakdown: attention 0.098983, reorder 0.003507, other 0.003563
iteration 11, inference time 0.252340
--------------------------------------------
input initialization time 0.001899
index calculation time 1.505825
other latency 0.226630, data transfer latency 0.000013, pim kernel latency 0.000000
index calculation time 1.516963
other latency 0.228617, data transfer latency 0.000013, pim kernel latency 0.000000
index calculation time 1.536912
other latency 0.236591, data transfer latency 0.000014, pim kernel latency 0.000000
index calculation time 1.609056
other latency 0.238564, data transfer latency 0.000014, pim kernel latency 0.000000
amm time 0.146325, non amm time 0.107478
attention reorder time 0.002490, attention cpu compute time 0.099640
post o reorder+norm+residual time 0.001444, gelu+ffn1 reorder time 0.002610, post ffn2 reorder+norm+residual time 0.001280
tensor allocation overhead time 0.000005, other non amm time 0.000009
reorder breakdown: qkv_to_attention 0.002490, o 0.000270, ffn1 0.001164, ffn2 0.000195
host breakdown: attention 0.099640, reorder 0.004119, other 0.003719
iteration 12, inference time 0.253810
--------------------------------------------
input initialization time 0.001945
index calculation time 1.629564
other latency 0.244551, data transfer latency 0.000014, pim kernel latency 0.000000
index calculation time 1.641229
other latency 0.246564, data transfer latency 0.000015, pim kernel latency 0.000000
index calculation time 1.661098
other latency 0.254545, data transfer latency 0.000015, pim kernel latency 0.000000
index calculation time 1.733451
other latency 0.256521, data transfer latency 0.000015, pim kernel latency 0.000000
amm time 0.146884, non amm time 0.106817
attention reorder time 0.002332, attention cpu compute time 0.099480
post o reorder+norm+residual time 0.001346, gelu+ffn1 reorder time 0.002276, post ffn2 reorder+norm+residual time 0.001369
tensor allocation overhead time 0.000007, other non amm time 0.000007
reorder breakdown: qkv_to_attention 0.002332, o 0.000214, ffn1 0.000891, ffn2 0.000209
host breakdown: attention 0.099480, reorder 0.003646, other 0.003691
iteration 13, inference time 0.253706
--------------------------------------------
input initialization time 0.002061
index calculation time 1.754174
other latency 0.262465, data transfer latency 0.000015, pim kernel latency 0.000000
index calculation time 1.765770
other latency 0.264439, data transfer latency 0.000015, pim kernel latency 0.000000
index calculation time 1.785784
other latency 0.272352, data transfer latency 0.000015, pim kernel latency 0.000000
index calculation time 1.857777
other latency 0.274334, data transfer latency 0.000015, pim kernel latency 0.000000
amm time 0.146928, non amm time 0.106201
attention reorder time 0.002316, attention cpu compute time 0.099040
post o reorder+norm+residual time 0.001231, gelu+ffn1 reorder time 0.002193, post ffn2 reorder+norm+residual time 0.001408
tensor allocation overhead time 0.000007, other non amm time 0.000006
reorder breakdown: qkv_to_attention 0.002316, o 0.000195, ffn1 0.000812, ffn2 0.000215
host breakdown: attention 0.099040, reorder 0.003538, other 0.003623
iteration 14, inference time 0.253138
--------------------------------------------
10 rounds' average inference time 0.253361

----------Transformer Params----------
thread num 1
layer num 1
PIM LUT binaries ./build/bin/dpu_bin_qkv ./build/bin/dpu_bin_o ./build/bin/dpu_bin_ffn1 ./build/bin/dpu_bin_ffn2
----------QKV LUT Params----------
index calc params:
num_threads 1
n 1024, input feature len 768
num codebook 512, num centroid 16, sub vec len 1
n stile size 1024, cb mtile size 128
lut kernel params:
n 1024, output feature len 2304, num codebook 512, num centroid 16
scale 0.100000, bias 0.200000
num threads 1, dpu num 1
input parallelism 1, lut parallelism 1, feature stile size 2304, n stile size 1024
n mtile size 64, feature mtile size 32, cb mtile size 128
lut load type 2, feature load tile size 8, cb load tile size 128
----------O LUT Params----------
index calc params:
num_threads 1
n 1024, input feature len 768
num codebook 512, num centroid 16, sub vec len 1
n stile size 1024, cb mtile size 128
lut kernel params:
n 1024, output feature len 768, num codebook 512, num centroid 16
scale 0.100000, bias 0.200000
num threads 1, dpu num 1
input parallelism 1, lut parallelism 1, feature stile size 768, n stile size 1024
n mtile size 64, feature mtile size 32, cb mtile size 128
lut load type 2, feature load tile size 8, cb load tile size 128
----------FFN1 LUT Params----------
index calc params:
num_threads 1
n 1024, input feature len 768
num codebook 512, num centroid 16, sub vec len 1
n stile size 1024, cb mtile size 128
lut kernel params:
n 1024, output feature len 3072, num codebook 512, num centroid 16
scale 0.100000, bias 0.200000
num threads 1, dpu num 1
input parallelism 1, lut parallelism 1, feature stile size 3072, n stile size 1024
n mtile size 64, feature mtile size 32, cb mtile size 128
lut load type 2, feature load tile size 8, cb load tile size 128
----------FFN2 LUT Params----------
index calc params:
num_threads 1
n 1024, input feature len 3072
num codebook 2048, num centroid 16, sub vec len 1
n stile size 1024, cb mtile size 128
lut kernel params:
n 1024, output feature len 768, num codebook 2048, num centroid 16
scale 0.100000, bias 0.200000
num threads 1, dpu num 1
input parallelism 1, lut parallelism 1, feature stile size 768, n stile size 1024
n mtile size 64, feature mtile size 32, cb mtile size 128
lut load type 2, feature load tile size 8, cb load tile size 128
----------Attention Params----------
seq len 1024, batch size 1, n 1024
query heads 12, kv heads 12, head dim 64, token dim 768
dpu num 1, input parallelism 1, lut parallelism 1
n tile size 1024, q tile size 768, kv tile size 768
num threads 1
-----------------------------------
parameter parsing time 0.000389
weight initialization time 0.175759
dpu allocate time 0.000002
--------------------------------------------
input initialization time 0.002548
index calculation time 0.020621
other latency 0.007911, data transfer latency 0.000000, pim kernel latency 0.000000
index calculation time 0.032231
other latency 0.010468, data transfer latency 0.000000, pim kernel latency 0.000000
index calculation time 0.052297
other latency 0.021025, data transfer latency 0.000000, pim kernel latency 0.000000
index calculation time 0.125113
other latency 0.023703, data transfer latency 0.000000, pim kernel latency 0.000000
amm time 0.158189, non amm time 0.108112
attention reorder time 0.003901, attention cpu compute time 0.094095
post o reorder+norm+residual time 0.002594, gelu+ffn1 reorder time 0.004777, post ffn2 reorder+norm+residual time 0.002699
tensor allocation overhead time 0.000013, other non amm time 0.000033
reorder breakdown: qkv_to_attention 0.003901, o 0.000819, ffn1 0.003325, ffn2 0.000843
host breakdown: attention 0.094095, reorder 0.008888, other 0.005129
iteration 0, inference time 0.266313
--------------------------------------------
input initialization time 0.001957
index calculation time 0.145590
other latency 0.029711, data transfer latency 0.000000, pim kernel latency 0.000000
index calculation time 0.156891
other latency 0.031729, data transfer latency 0.000001, pim kernel latency 0.000000
index calculation time 0.176682
other latency 0.039752, data transfer latency 0.000001, pim kernel latency 0.000000
index calculation time 0.248831
other latency 0.041738, data transfer latency 0.000001, pim kernel latency 0.000000
amm time 0.147294, non amm time 0.100325
attention reorder time 0.002451, attention cpu compute time 0.092915
post o reorder+norm+residual time 0.001281, gelu+ffn1 reorder time 0.002305, post ffn2 reorder+norm+residual time 0.001360
tensor allocation overhead time 0.000005, other non amm time 0.000009
reorder breakdown: qkv_to_attention 0.002451, o 0.000225, ffn1 0.000898, ffn2 0.000258
host breakdown: attention 0.092915, reorder 0.003832, other 0.003578
iteration 1, inference time 0.247627
--------------------------------------------
input initialization time 0.001910
index calculation time 0.269262
other latency 0.047673, data transfer latency 0.000002, pim kernel latency 0.000000
index calculation time 0.280814
other latency 0.049690, data transfer latency 0.000002, pim kernel latency 0.000000
index calculation time 0.300719
other latency 0.057627, data transfer latency 0.000002, pim kernel latency 0.000001
index calculation time 0.372603
other latency 0.059624, data transfer latency 0.000002, pim kernel latency 0.000001
amm time 0.146192, non amm time 0.100213
attention reorder time 0.002377, attention cpu compute time 0.092804
post o reorder+norm+residual time 0.001324, gelu+ffn1 reorder time 0.002305, post ffn2 reorder+norm+residual time 0.001389
tensor allocation overhead time 0.000006, other non amm time 0.000008
reorder breakdown: qkv_to_attention 0.002377, o 0.000220, ffn1 0.000903, ffn2 0.000270
host breakdown: attention 0.092804, reorder 0.003770, other 0.003639
iteration 2, inference time 0.246412
--------------------------------------------
input initialization time 0.001935
index calculation time 0.393178
other latency 0.065572, data transfer latency 0.000002, pim kernel latency 0.000001
index calculation time 0.405661
other latency 0.067611, data transfer latency 0.000002, pim kernel latency 0.000001
index calculation time 0.427633
other latency 0.075691, data transfer latency 0.000002, pim kernel latency 0.000001
index calculation time 0.499887
other latency 0.077670, data transfer latency 0.000002, pim kernel latency 0.000001
amm time 0.150101, non amm time 0.107739
attention reorder time 0.002296, attention cpu compute time 0.099964
post o reorder+norm+residual time 0.001681, gelu+ffn1 reorder time 0.002473, post ffn2 reorder+norm+residual time 0.001311
tensor allocation overhead time 0.000008, other non amm time 0.000006
reorder breakdown: qkv_to_attention 0.002296, o 0.000310, ffn1 0.001047, ffn2 0.000244
host breakdown: attention 0.099964, reorder 0.003897, other 0.003878
iteration 3, inference time 0.257847
--------------------------------------------
input initialization time 0.001901
index calculation time 0.520339
other latency 0.083654, data transfer latency 0.000002, pim kernel latency 0.000001
index calculation time 0.531974
other latency 0.085629, data transfer latency 0.000002, pim kernel latency 0.000001
index calculation time 0.551913
other latency 0.093428, data transfer latency 0.000003, pim kernel latency 0.000001
index calculation time 0.623354
other latency 0.095408, data transfer latency 0.000003, pim kernel latency 0.000001
amm time 0.145609, non amm time 0.100094
attention reorder time 0.002318, attention cpu compute time 0.092924
post o reorder+norm+residual time 0.001325, gelu+ffn1 reorder time 0.002227, post ffn2 reorder+norm+residual time 0.001286
tensor allocation overhead time 0.000005, other non amm time 0.000009
reorder breakdown: qkv_to_attention 0.002318, o 0.000247, ffn1 0.000890, ffn2 0.000222
host breakdown: attention 0.092924, reorder 0.003677, other 0.003493
iteration 4, inference time 0.245709
--------------------------------------------
input initialization time 0.001907
index calculation time 0.644266
other latency 0.101588, data transfer latency 0.000003, pim kernel latency 0.000001
index calculation time 0.656560
other latency 0.103591, data transfer latency 0.000004, pim kernel latency 0.000001
index calculation time 0.676570
other latency 0.111624, data transfer latency 0.000004, pim kernel latency 0.000001
index calculation time 0.749164
other latency 0.113599, data transfer latency 0.000005, pim kernel latency 0.000001
amm time 0.148611, non amm time 0.107425
attention reorder time 0.002381, attention cpu compute time 0.099721
post o reorder+norm+residual time 0.001401, gelu+ffn1 reorder time 0.002507, post ffn2 reorder+norm+residual time 0.001403
tensor allocation overhead time 0.000005, other non amm time 0.000007
reorder breakdown: qkv_to_attention 0.002381, o 0.000244, ffn1 0.000987, ffn2 0.000241
host breakdown: attention 0.099721, reorder 0.003853, other 0.003851
iteration 5, inference time 0.256042
--------------------------------------------
input initialization time 0.001973
index calculation time 0.769625
other latency 0.119687, data transfer latency 0.000005, pim kernel latency 0.000001
index calculation time 0.781322
other latency 0.121795, data transfer latency 0.000006, pim kernel latency 0.000001
index calculation time 0.801915
other latency 0.129910, data transfer latency 0.000007, pim kernel latency 0.000001
index calculation time 0.874651
other latency 0.131913, data transfer latency 0.000007, pim kernel latency 0.000001
amm time 0.148528, non amm time 0.106825
attention reorder time 0.002434, attention cpu compute time 0.099107
post o reorder+norm+residual time 0.001368, gelu+ffn1 reorder time 0.002459, post ffn2 reorder+norm+residual time 0.001444
tensor allocation overhead time 0.000005, other non amm time 0.000008
reorder breakdown: qkv_to_attention 0.002434, o 0.000242, ffn1 0.001005, ffn2 0.000266
host breakdown: attention 0.099107, reorder 0.003947, other 0.003771
iteration 6, inference time 0.255361
--------------------------------------------
input initialization time 0.001954
index calculation time 0.895138
other latency 0.137901, data transfer latency 0.000008, pim kernel latency 0.000001
index calculation time 0.906895
other latency 0.139859, data transfer latency 0.000008, pim kernel latency 0.000001
index calculation time 0.926121
other latency 0.147754, data transfer latency 0.000008, pim kernel latency 0.000001
index calculation time 0.996252
other latency 0.149693, data transfer latency 0.000009, pim kernel latency 0.000001
amm time 0.143923, non amm time 0.105199
attention reorder time 0.002388, attention cpu compute time 0.098066
post o reorder+norm+residual time 0.001268, gelu+ffn1 reorder time 0.002192, post ffn2 reorder+norm+residual time 0.001274
tensor allocation overhead time 0.000003, other non amm time 0.000008
reorder breakdown: qkv_to_attention 0.002388, o 0.000221, ffn1 0.000881, ffn2 0.000219
host breakdown: attention 0.098066, reorder 0.003709, other 0.003424
iteration 7, inference time 0.249129
--------------------------------------------
input initialization time 0.001891
index calculation time 1.016136
other latency 0.155531, data transfer latency 0.000009, pim kernel latency 0.000001
index calculation time 1.027763
other latency 0.157503, data transfer latency 0.000009, pim kernel latency 0.000001
index calculation time 1.047505
other latency 0.165598, data transfer latency 0.000009, pim kernel latency 0.000001
index calculation time 1.120189
other latency 0.167585, data transfer latency 0.000010, pim kernel latency 0.000001
amm time 0.146326, non amm time 0.105474
attention reorder time 0.002292, attention cpu compute time 0.098088
post o reorder+norm+residual time 0.001312, gelu+ffn1 reorder time 0.002346, post ffn2 reorder+norm+residual time 0.001424
tensor allocation overhead time 0.000004, other non amm time 0.000008
reorder breakdown: qkv_to_attention 0.002292, o 0.000221, ffn1 0.000978, ffn2 0.000235
host breakdown: attention 0.098088, reorder 0.003726, other 0.003660
iteration 8, inference time 0.251809
--------------------------------------------
input initialization time 0.001957
index calculation time 1.141333
other latency 0.173539, data transfer latency 0.000010, pim kernel latency 0.000001
index calculation time 1.152649
other latency 0.175566, data transfer latency 0.000011, pim kernel latency 0.000001
index calculation time 1.172330
other latency 0.183426, data transfer latency 0.000011, pim kernel latency 0.000001
index calculation time 1.243205
other latency 0.185402, data transfer latency 0.000011, pim kernel latency 0.000001
amm time 0.145464, non amm time 0.106695
attention reorder time 0.002348, attention cpu compute time 0.099341
post o reorder+norm+residual time 0.001293, gelu+ffn1 reorder time 0.002420, post ffn2 reorder+norm+residual time 0.001282
tensor allocation overhead time 0.000002, other non amm time 0.000009
reorder breakdown: qkv_to_attention 0.002348, o 0.000225, ffn1 0.001051, ffn2 0.000216
host breakdown: attention 0.099341, reorder 0.003840, other 0.003514
iteration 9, inference time 0.252164
--------------------------------------------
input initialization time 0.001929
index calculation time 1.263583
other latency 0.191304, data transfer latency 0.000011, pim kernel latency 0.000001
index calculation time 1.275162
other latency 0.193272, data transfer latency 0.000011, pim kernel latency 0.000001
index calculation time 1.294649
other latency 0.201060, data transfer latency 0.000011, pim kernel latency 0.000001
index calculation time 1.365541
other latency 0.203022, data transfer latency 0.000011, pim kernel latency 0.000001
amm time 0.144364, non amm time 0.105107
attention reorder time 0.002243, attention cpu compute time 0.098005
post o reorder+norm+residual time 0.001269, gelu+ffn1 reorder time 0.002275, post ffn2 reorder+norm+residual time 0.001302
tensor allocation overhead time 0.000003, other non amm time 0.000010
reorder breakdown: qkv_to_attention 0.002243, o 0.000222, ffn1 0.000870, ffn2 0.000249
host breakdown: attention 0.098005, reorder 0.003584, other 0.003518
iteration 10, inference time 0.249478
--------------------------------------------
input initialization time 0.001872
index calculation time 1.385706
other latency 0.208840, data transfer latency 0.000011, pim kernel latency 0.000001
index calculation time 1.397247
other latency 0.210989, data transfer latency 0.000011, pim kernel latency 0.000001
index calculation time 1.421837
other latency 0.218968, data transfer latency 0.000011, pim kernel latency 0.000001
index calculation time 1.494350
other latency 0.220985, data transfer latency 0.000011, pim kernel latency 0.000001
amm time 0.151795, non amm time 0.102562
attention reorder time 0.002283, attention cpu compute time 0.095163
post o reorder+norm+residual time 0.001538, gelu+ffn1 reorder time 0.002217, post ffn2 reorder+norm+residual time 0.001348
tensor allocation overhead time 0.000005, other non amm time 0.000008
reorder breakdown: qkv_to_attention 0.002283, o 0.000276, ffn1 0.000851, ffn2 0.000243
host breakdown: attention 0.095163, reorder 0.003653, other 0.003746
iteration 11, inference time 0.254365
--------------------------------------------
input initialization time 0.001918
index calculation time 1.514750
other latency 0.227006, data transfer latency 0.000012, pim kernel latency 0.000001
index calculation time 1.525841
other latency 0.228998, data transfer latency 0.000013, pim kernel latency 0.000001
index calculation time 1.545712
other latency 0.236931, data transfer latency 0.000014, pim kernel latency 0.000001
index calculation time 1.618264
other latency 0.238971, data transfer latency 0.000014, pim kernel latency 0.000001
amm time 0.146430, non amm time 0.100577
attention reorder time 0.002413, attention cpu compute time 0.093350
post o reorder+norm+residual time 0.001283, gelu+ffn1 reorder time 0.002194, post ffn2 reorder+norm+residual time 0.001325
tensor allocation overhead time 0.000005, other non amm time 0.000007
reorder breakdown: qkv_to_attention 0.002413, o 0.000228, ffn1 0.000842, ffn2 0.000249
host breakdown: attention 0.093350, reorder 0.003731, other 0.003495
iteration 12, inference time 0.247013
--------------------------------------------
input initialization time 0.001924
index calculation time 1.638776
other latency 0.244933, data transfer latency 0.000014, pim kernel latency 0.000001
index calculation time 1.650075
other latency 0.246908, data transfer latency 0.000014, pim kernel latency 0.000001
index calculation time 1.670012
other latency 0.254822, data transfer latency 0.000014, pim kernel latency 0.000001
index calculation time 1.742277
other latency 0.256804, data transfer latency 0.000014, pim kernel latency 0.000001
amm time 0.146355, non amm time 0.100207
attention reorder time 0.002358, attention cpu compute time 0.093033
post o reorder+norm+residual time 0.001275, gelu+ffn1 reorder time 0.002199, post ffn2 reorder+norm+residual time 0.001330
tensor allocation overhead time 0.000006, other non amm time 0.000006
reorder breakdown: qkv_to_attention 0.002358, o 0.000219, ffn1 0.000828, ffn2 0.000246
host breakdown: attention 0.093033, reorder 0.003651, other 0.003523
iteration 13, inference time 0.246567
--------------------------------------------
input initialization time 0.001906
index calculation time 1.762747
other latency 0.262822, data transfer latency 0.000015, pim kernel latency 0.000001
index calculation time 1.773949
other latency 0.264812, data transfer latency 0.000015, pim kernel latency 0.000001
index calculation time 1.794248
other latency 0.272744, data transfer latency 0.000015, pim kernel latency 0.000001
index calculation time 1.866680
other latency 0.274725, data transfer latency 0.000015, pim kernel latency 0.000001
amm time 0.147086, non amm time 0.101153
attention reorder time 0.002419, attention cpu compute time 0.093623
post o reorder+norm+residual time 0.001271, gelu+ffn1 reorder time 0.002501, post ffn2 reorder+norm+residual time 0.001325
tensor allocation overhead time 0.000005, other non amm time 0.000009
reorder breakdown: qkv_to_attention 0.002419, o 0.000218, ffn1 0.001016, ffn2 0.000241
host breakdown: attention 0.093623, reorder 0.003894, other 0.003636
iteration 14, inference time 0.248245
--------------------------------------------
10 rounds' average inference time 0.251017
