ThreadScheduler[0_0_0]_breakdown_etc: 22982039
ThreadScheduler[0_0_0]_breakdown_run: 357690216
ThreadScheduler[0_0_0]_breakdown_dma: 14145640
Logic[0_0_0]_active_tasklets_1: 15792603
Logic[0_0_0]_active_tasklets_4: 2239645
Logic[0_0_0]_active_tasklets_8: 2170097
Logic[0_0_0]_active_tasklets_10: 2065129
Logic[0_0_0]_active_tasklets_12: 2136689
Logic[0_0_0]_active_tasklets_16: 332792452
Logic[0_0_0]_num_instructions: 357690216
Logic[0_0_0]_active_tasklets_3: 1961237
Logic[0_0_0]_active_tasklets_6: 2173970
Logic[0_0_0]_active_tasklets_0: 164252945
Logic[0_0_0]_active_tasklets_7: 1906956
Logic[0_0_0]_active_tasklets_13: 2773479
Logic[0_0_0]_active_tasklets_15: 2672803
Logic[0_0_0]_active_tasklets_2: 2137547
Logic[0_0_0]_active_tasklets_5: 2194537
Logic[0_0_0]_active_tasklets_9: 1917768
Logic[0_0_0]_logic_cycle: 543978735
Logic[0_0_0]_backpressure: 149160840
Logic[0_0_0]_active_tasklets_11: 2321946
Logic[0_0_0]_active_tasklets_14: 2468932
CycleRule[0_0_0]_cycle_rule: 89870336
MemoryController[0_0_0]_memory_cycle: 3263872410
MemoryScheduler[0_0_0]_num_fcfs: 1732081
RowBuffer[0_0_0]_num_activations: 298895
RowBuffer[0_0_0]_num_precharges: 298894
RowBuffer[0_0_0]_num_writes: 49536
RowBuffer[0_0_0]_write_bytes: 393216
RowBuffer[0_0_0]_num_reads: 1981440
RowBuffer[0_0_0]_read_bytes: 15728640
HostTransfer_xfer_model_fixed_bw: 2
HostTransfer_transfer_cycle: 62565051
HostTransfer_h2d_cycle: 48547408
HostTransfer_h2d_bytes: 6422528
HostTransfer_num_h2d: 1
HostTransfer_d2h_cycle: 14017643
HostTransfer_d2h_bytes: 393216
HostTransfer_num_d2h: 1
