ThreadScheduler[0_0_0]_breakdown_dma: 45765339
ThreadScheduler[0_0_0]_breakdown_etc: 69457985
ThreadScheduler[0_0_0]_breakdown_run: 1384055784
Logic[0_0_0]_active_tasklets_2: 6196970
Logic[0_0_0]_active_tasklets_3: 6539885
Logic[0_0_0]_active_tasklets_0: 623677118
Logic[0_0_0]_active_tasklets_15: 7973976
Logic[0_0_0]_active_tasklets_16: 1309356478
Logic[0_0_0]_active_tasklets_1: 47534756
Logic[0_0_0]_logic_cycle: 2074312054
Logic[0_0_0]_active_tasklets_4: 6685135
Logic[0_0_0]_active_tasklets_7: 6493528
Logic[0_0_0]_active_tasklets_13: 8173570
Logic[0_0_0]_active_tasklets_14: 7430929
Logic[0_0_0]_active_tasklets_5: 6479512
Logic[0_0_0]_active_tasklets_10: 6661225
Logic[0_0_0]_active_tasklets_11: 6389714
Logic[0_0_0]_active_tasklets_12: 6783129
Logic[0_0_0]_num_instructions: 1384055784
Logic[0_0_0]_active_tasklets_6: 6231776
Logic[0_0_0]_backpressure: 575032946
Logic[0_0_0]_active_tasklets_8: 5867277
Logic[0_0_0]_active_tasklets_9: 5837076
CycleRule[0_0_0]_cycle_rule: 346556704
MemoryController[0_0_0]_memory_cycle: 12445872324
MemoryScheduler[0_0_0]_num_fcfs: 4864609
RowBuffer[0_0_0]_num_reads: 5944320
RowBuffer[0_0_0]_read_bytes: 47185920
RowBuffer[0_0_0]_num_activations: 1228319
RowBuffer[0_0_0]_num_precharges: 1228318
RowBuffer[0_0_0]_num_writes: 148608
RowBuffer[0_0_0]_write_bytes: 1179648
HostTransfer_xfer_model_fixed_bw: 2
HostTransfer_d2h_cycle: 42052930
HostTransfer_d2h_bytes: 1179648
HostTransfer_num_d2h: 1
HostTransfer_num_h2d: 1
HostTransfer_transfer_cycle: 185713629
HostTransfer_h2d_cycle: 143660699
HostTransfer_h2d_bytes: 19005440
