ThreadScheduler[0_0_0]_breakdown_etc: 91938263
ThreadScheduler[0_0_0]_breakdown_run: 1429807848
ThreadScheduler[0_0_0]_breakdown_dma: 57011466
Logic[0_0_0]_num_instructions: 1429807848
Logic[0_0_0]_active_tasklets_2: 8475853
Logic[0_0_0]_active_tasklets_5: 8710416
Logic[0_0_0]_backpressure: 573376222
Logic[0_0_0]_active_tasklets_8: 8587861
Logic[0_0_0]_active_tasklets_12: 8467050
Logic[0_0_0]_active_tasklets_14: 9774638
Logic[0_0_0]_logic_cycle: 2152133799
Logic[0_0_0]_active_tasklets_6: 8522421
Logic[0_0_0]_active_tasklets_0: 634221247
Logic[0_0_0]_active_tasklets_9: 7631814
Logic[0_0_0]_active_tasklets_16: 1331105809
Logic[0_0_0]_active_tasklets_3: 7715144
Logic[0_0_0]_active_tasklets_10: 8154393
Logic[0_0_0]_active_tasklets_1: 63428149
Logic[0_0_0]_active_tasklets_4: 8883755
Logic[0_0_0]_active_tasklets_7: 7715050
Logic[0_0_0]_active_tasklets_11: 9204148
Logic[0_0_0]_active_tasklets_13: 10999981
Logic[0_0_0]_active_tasklets_15: 10536070
CycleRule[0_0_0]_cycle_rule: 370532096
MemoryController[0_0_0]_memory_cycle: 12912802794
MemoryScheduler[0_0_0]_num_fcfs: 6781153
RowBuffer[0_0_0]_num_activations: 1194143
RowBuffer[0_0_0]_num_precharges: 1194142
RowBuffer[0_0_0]_num_writes: 49536
RowBuffer[0_0_0]_write_bytes: 393216
RowBuffer[0_0_0]_num_reads: 7925760
RowBuffer[0_0_0]_read_bytes: 62914560
HostTransfer_num_h2d: 1
HostTransfer_num_d2h: 1
HostTransfer_h2d_cycle: 194189634
HostTransfer_h2d_bytes: 25690112
HostTransfer_xfer_model_fixed_bw: 2
HostTransfer_d2h_cycle: 14017643
HostTransfer_d2h_bytes: 393216
HostTransfer_transfer_cycle: 208207277
