ThreadScheduler[0_0_0]_breakdown_etc: 92630633
ThreadScheduler[0_0_0]_breakdown_run: 1845407208
ThreadScheduler[0_0_0]_breakdown_dma: 61069523
Logic[0_0_0]_active_tasklets_15: 10637016
Logic[0_0_0]_active_tasklets_1: 63273092
Logic[0_0_0]_active_tasklets_3: 8545981
Logic[0_0_0]_active_tasklets_6: 8202112
Logic[0_0_0]_active_tasklets_9: 7694516
Logic[0_0_0]_active_tasklets_10: 8915545
Logic[0_0_0]_active_tasklets_12: 8962761
Logic[0_0_0]_active_tasklets_14: 9907873
Logic[0_0_0]_active_tasklets_2: 8445242
Logic[0_0_0]_active_tasklets_4: 9018551
Logic[0_0_0]_backpressure: 766678954
Logic[0_0_0]_active_tasklets_8: 7861237
Logic[0_0_0]_active_tasklets_16: 1745806270
Logic[0_0_0]_logic_cycle: 2765786318
Logic[0_0_0]_active_tasklets_5: 8659944
Logic[0_0_0]_active_tasklets_0: 831606654
Logic[0_0_0]_num_instructions: 1845407208
Logic[0_0_0]_active_tasklets_7: 8739272
Logic[0_0_0]_active_tasklets_11: 8595994
Logic[0_0_0]_active_tasklets_13: 10914258
CycleRule[0_0_0]_cycle_rule: 462075424
MemoryController[0_0_0]_memory_cycle: 16594717908
MemoryScheduler[0_0_0]_num_fcfs: 6486145
RowBuffer[0_0_0]_num_reads: 7925760
RowBuffer[0_0_0]_read_bytes: 62914560
RowBuffer[0_0_0]_num_activations: 1637759
RowBuffer[0_0_0]_num_precharges: 1637758
RowBuffer[0_0_0]_num_writes: 198144
RowBuffer[0_0_0]_write_bytes: 1572864
HostTransfer_num_d2h: 1
HostTransfer_transfer_cycle: 247287918
HostTransfer_h2d_bytes: 25296896
HostTransfer_num_h2d: 1
HostTransfer_xfer_model_fixed_bw: 2
HostTransfer_h2d_cycle: 191217344
HostTransfer_d2h_cycle: 56070574
HostTransfer_d2h_bytes: 1572864
