ThreadScheduler[0_0_0]_breakdown_etc: 336446
ThreadScheduler[0_0_0]_breakdown_run: 2168856
ThreadScheduler[0_0_0]_breakdown_dma: 74171
Logic[0_0_0]_active_tasklets_1: 207314
Logic[0_0_0]_logic_cycle: 3293336
Logic[0_0_0]_active_tasklets_5: 33712
Logic[0_0_0]_active_tasklets_9: 32171
Logic[0_0_0]_active_tasklets_12: 36190
Logic[0_0_0]_active_tasklets_16: 1780680
Logic[0_0_0]_active_tasklets_2: 42299
Logic[0_0_0]_active_tasklets_3: 33181
Logic[0_0_0]_active_tasklets_7: 34174
Logic[0_0_0]_active_tasklets_10: 32660
Logic[0_0_0]_active_tasklets_11: 33462
Logic[0_0_0]_num_instructions: 2168856
Logic[0_0_0]_active_tasklets_4: 32818
Logic[0_0_0]_active_tasklets_8: 31814
Logic[0_0_0]_active_tasklets_14: 42188
Logic[0_0_0]_active_tasklets_6: 33247
Logic[0_0_0]_backpressure: 713863
Logic[0_0_0]_active_tasklets_0: 805724
Logic[0_0_0]_active_tasklets_13: 39560
Logic[0_0_0]_active_tasklets_15: 42142
CycleRule[0_0_0]_cycle_rule: 434256
MemoryController[0_0_0]_memory_cycle: 24039150
MemoryScheduler[0_0_0]_num_fcfs: 19359
RowBuffer[0_0_0]_num_writes: 8718
RowBuffer[0_0_0]_write_bytes: 69632
RowBuffer[0_0_0]_num_activations: 184
RowBuffer[0_0_0]_num_precharges: 182
RowBuffer[0_0_0]_num_reads: 10825
RowBuffer[0_0_0]_read_bytes: 86016
ThreadScheduler[0_0_1]_breakdown_run: 2168856
ThreadScheduler[0_0_1]_breakdown_dma: 74171
ThreadScheduler[0_0_1]_breakdown_etc: 336446
Logic[0_0_1]_logic_cycle: 3293336
Logic[0_0_1]_active_tasklets_4: 32818
Logic[0_0_1]_backpressure: 713863
Logic[0_0_1]_active_tasklets_8: 31814
Logic[0_0_1]_active_tasklets_11: 33462
Logic[0_0_1]_active_tasklets_14: 42188
Logic[0_0_1]_active_tasklets_16: 1780680
Logic[0_0_1]_active_tasklets_1: 207314
Logic[0_0_1]_num_instructions: 2168856
Logic[0_0_1]_active_tasklets_2: 42299
Logic[0_0_1]_active_tasklets_5: 33712
Logic[0_0_1]_active_tasklets_0: 805724
Logic[0_0_1]_active_tasklets_10: 32660
Logic[0_0_1]_active_tasklets_15: 42142
Logic[0_0_1]_active_tasklets_3: 33181
Logic[0_0_1]_active_tasklets_6: 33247
Logic[0_0_1]_active_tasklets_7: 34174
Logic[0_0_1]_active_tasklets_9: 32171
Logic[0_0_1]_active_tasklets_13: 39560
Logic[0_0_1]_active_tasklets_12: 36190
CycleRule[0_0_1]_cycle_rule: 434256
MemoryController[0_0_1]_memory_cycle: 24039150
MemoryScheduler[0_0_1]_num_fcfs: 19359
RowBuffer[0_0_1]_num_writes: 8718
RowBuffer[0_0_1]_write_bytes: 69632
RowBuffer[0_0_1]_num_activations: 184
RowBuffer[0_0_1]_num_precharges: 182
RowBuffer[0_0_1]_num_reads: 10825
RowBuffer[0_0_1]_read_bytes: 86016
ThreadScheduler[0_0_2]_breakdown_dma: 74171
ThreadScheduler[0_0_2]_breakdown_etc: 336446
ThreadScheduler[0_0_2]_breakdown_run: 2168856
Logic[0_0_2]_active_tasklets_7: 34174
Logic[0_0_2]_active_tasklets_8: 31814
Logic[0_0_2]_active_tasklets_9: 32171
Logic[0_0_2]_active_tasklets_2: 42299
Logic[0_0_2]_active_tasklets_13: 39560
Logic[0_0_2]_active_tasklets_5: 33712
Logic[0_0_2]_active_tasklets_6: 33247
Logic[0_0_2]_active_tasklets_10: 32660
Logic[0_0_2]_active_tasklets_11: 33462
Logic[0_0_2]_active_tasklets_12: 36190
Logic[0_0_2]_active_tasklets_15: 42142
Logic[0_0_2]_active_tasklets_1: 207314
Logic[0_0_2]_active_tasklets_0: 805724
Logic[0_0_2]_active_tasklets_14: 42188
Logic[0_0_2]_active_tasklets_16: 1780680
Logic[0_0_2]_logic_cycle: 3293336
Logic[0_0_2]_num_instructions: 2168856
Logic[0_0_2]_active_tasklets_3: 33181
Logic[0_0_2]_active_tasklets_4: 32818
Logic[0_0_2]_backpressure: 713863
CycleRule[0_0_2]_cycle_rule: 434256
MemoryController[0_0_2]_memory_cycle: 24039150
MemoryScheduler[0_0_2]_num_fcfs: 19359
RowBuffer[0_0_2]_write_bytes: 69632
RowBuffer[0_0_2]_num_activations: 184
RowBuffer[0_0_2]_num_precharges: 182
RowBuffer[0_0_2]_num_reads: 10825
RowBuffer[0_0_2]_read_bytes: 86016
RowBuffer[0_0_2]_num_writes: 8718
ThreadScheduler[0_0_3]_breakdown_etc: 336446
ThreadScheduler[0_0_3]_breakdown_run: 2168856
ThreadScheduler[0_0_3]_breakdown_dma: 74171
Logic[0_0_3]_active_tasklets_0: 805724
Logic[0_0_3]_active_tasklets_10: 32660
Logic[0_0_3]_active_tasklets_1: 207314
Logic[0_0_3]_active_tasklets_9: 32171
Logic[0_0_3]_active_tasklets_16: 1780680
Logic[0_0_3]_active_tasklets_4: 32818
Logic[0_0_3]_active_tasklets_6: 33247
Logic[0_0_3]_backpressure: 713863
Logic[0_0_3]_active_tasklets_7: 34174
Logic[0_0_3]_active_tasklets_11: 33462
Logic[0_0_3]_active_tasklets_12: 36190
Logic[0_0_3]_active_tasklets_13: 39560
Logic[0_0_3]_active_tasklets_14: 42188
Logic[0_0_3]_active_tasklets_2: 42299
Logic[0_0_3]_active_tasklets_3: 33181
Logic[0_0_3]_active_tasklets_8: 31814
Logic[0_0_3]_active_tasklets_15: 42142
Logic[0_0_3]_logic_cycle: 3293336
Logic[0_0_3]_num_instructions: 2168856
Logic[0_0_3]_active_tasklets_5: 33712
CycleRule[0_0_3]_cycle_rule: 434256
MemoryController[0_0_3]_memory_cycle: 24039150
MemoryScheduler[0_0_3]_num_fcfs: 19359
RowBuffer[0_0_3]_write_bytes: 69632
RowBuffer[0_0_3]_num_activations: 184
RowBuffer[0_0_3]_num_precharges: 182
RowBuffer[0_0_3]_num_reads: 10825
RowBuffer[0_0_3]_read_bytes: 86016
RowBuffer[0_0_3]_num_writes: 8718
ThreadScheduler[0_0_4]_breakdown_run: 2168856
ThreadScheduler[0_0_4]_breakdown_dma: 74171
ThreadScheduler[0_0_4]_breakdown_etc: 336446
Logic[0_0_4]_active_tasklets_1: 207314
Logic[0_0_4]_logic_cycle: 3293336
Logic[0_0_4]_active_tasklets_3: 33181
Logic[0_0_4]_active_tasklets_7: 34174
Logic[0_0_4]_active_tasklets_10: 32660
Logic[0_0_4]_active_tasklets_14: 42188
Logic[0_0_4]_active_tasklets_15: 42142
Logic[0_0_4]_num_instructions: 2168856
Logic[0_0_4]_active_tasklets_6: 33247
Logic[0_0_4]_active_tasklets_11: 33462
Logic[0_0_4]_active_tasklets_8: 31814
Logic[0_0_4]_active_tasklets_12: 36190
Logic[0_0_4]_active_tasklets_13: 39560
Logic[0_0_4]_active_tasklets_2: 42299
Logic[0_0_4]_active_tasklets_4: 32818
Logic[0_0_4]_active_tasklets_5: 33712
Logic[0_0_4]_backpressure: 713863
Logic[0_0_4]_active_tasklets_0: 805724
Logic[0_0_4]_active_tasklets_9: 32171
Logic[0_0_4]_active_tasklets_16: 1780680
CycleRule[0_0_4]_cycle_rule: 434256
MemoryController[0_0_4]_memory_cycle: 24039150
MemoryScheduler[0_0_4]_num_fcfs: 19359
RowBuffer[0_0_4]_num_activations: 184
RowBuffer[0_0_4]_num_precharges: 182
RowBuffer[0_0_4]_num_reads: 10825
RowBuffer[0_0_4]_read_bytes: 86016
RowBuffer[0_0_4]_num_writes: 8718
RowBuffer[0_0_4]_write_bytes: 69632
ThreadScheduler[0_0_5]_breakdown_etc: 336446
ThreadScheduler[0_0_5]_breakdown_run: 2168856
ThreadScheduler[0_0_5]_breakdown_dma: 74171
Logic[0_0_5]_num_instructions: 2168856
Logic[0_0_5]_active_tasklets_3: 33181
Logic[0_0_5]_active_tasklets_4: 32818
Logic[0_0_5]_active_tasklets_0: 805724
Logic[0_0_5]_active_tasklets_8: 31814
Logic[0_0_5]_active_tasklets_9: 32171
Logic[0_0_5]_active_tasklets_12: 36190
Logic[0_0_5]_active_tasklets_6: 33247
Logic[0_0_5]_backpressure: 713863
Logic[0_0_5]_active_tasklets_10: 32660
Logic[0_0_5]_active_tasklets_1: 207314
Logic[0_0_5]_active_tasklets_5: 33712
Logic[0_0_5]_active_tasklets_11: 33462
Logic[0_0_5]_active_tasklets_13: 39560
Logic[0_0_5]_active_tasklets_16: 1780680
Logic[0_0_5]_logic_cycle: 3293336
Logic[0_0_5]_active_tasklets_2: 42299
Logic[0_0_5]_active_tasklets_7: 34174
Logic[0_0_5]_active_tasklets_14: 42188
Logic[0_0_5]_active_tasklets_15: 42142
CycleRule[0_0_5]_cycle_rule: 434256
MemoryController[0_0_5]_memory_cycle: 24039150
MemoryScheduler[0_0_5]_num_fcfs: 19359
RowBuffer[0_0_5]_num_reads: 10825
RowBuffer[0_0_5]_read_bytes: 86016
RowBuffer[0_0_5]_num_writes: 8718
RowBuffer[0_0_5]_write_bytes: 69632
RowBuffer[0_0_5]_num_activations: 184
RowBuffer[0_0_5]_num_precharges: 182
ThreadScheduler[0_0_6]_breakdown_etc: 336446
ThreadScheduler[0_0_6]_breakdown_run: 2168856
ThreadScheduler[0_0_6]_breakdown_dma: 74171
Logic[0_0_6]_active_tasklets_5: 33712
Logic[0_0_6]_active_tasklets_11: 33462
Logic[0_0_6]_backpressure: 713863
Logic[0_0_6]_active_tasklets_7: 34174
Logic[0_0_6]_active_tasklets_8: 31814
Logic[0_0_6]_active_tasklets_9: 32171
Logic[0_0_6]_active_tasklets_12: 36190
Logic[0_0_6]_active_tasklets_14: 42188
Logic[0_0_6]_logic_cycle: 3293336
Logic[0_0_6]_num_instructions: 2168856
Logic[0_0_6]_active_tasklets_2: 42299
Logic[0_0_6]_active_tasklets_0: 805724
Logic[0_0_6]_active_tasklets_15: 42142
Logic[0_0_6]_active_tasklets_16: 1780680
Logic[0_0_6]_active_tasklets_1: 207314
Logic[0_0_6]_active_tasklets_3: 33181
Logic[0_0_6]_active_tasklets_6: 33247
Logic[0_0_6]_active_tasklets_10: 32660
Logic[0_0_6]_active_tasklets_13: 39560
Logic[0_0_6]_active_tasklets_4: 32818
CycleRule[0_0_6]_cycle_rule: 434256
MemoryController[0_0_6]_memory_cycle: 24039150
MemoryScheduler[0_0_6]_num_fcfs: 19359
RowBuffer[0_0_6]_write_bytes: 69632
RowBuffer[0_0_6]_num_activations: 184
RowBuffer[0_0_6]_num_precharges: 182
RowBuffer[0_0_6]_num_reads: 10825
RowBuffer[0_0_6]_read_bytes: 86016
RowBuffer[0_0_6]_num_writes: 8718
ThreadScheduler[0_0_7]_breakdown_etc: 336446
ThreadScheduler[0_0_7]_breakdown_run: 2168856
ThreadScheduler[0_0_7]_breakdown_dma: 74171
Logic[0_0_7]_logic_cycle: 3293336
Logic[0_0_7]_backpressure: 713863
Logic[0_0_7]_active_tasklets_8: 31814
Logic[0_0_7]_active_tasklets_11: 33462
Logic[0_0_7]_active_tasklets_10: 32660
Logic[0_0_7]_active_tasklets_3: 33181
Logic[0_0_7]_active_tasklets_4: 32818
Logic[0_0_7]_active_tasklets_5: 33712
Logic[0_0_7]_active_tasklets_6: 33247
Logic[0_0_7]_active_tasklets_0: 805724
Logic[0_0_7]_active_tasklets_7: 34174
Logic[0_0_7]_active_tasklets_12: 36190
Logic[0_0_7]_active_tasklets_2: 42299
Logic[0_0_7]_active_tasklets_9: 32171
Logic[0_0_7]_active_tasklets_13: 39560
Logic[0_0_7]_active_tasklets_14: 42188
Logic[0_0_7]_active_tasklets_15: 42142
Logic[0_0_7]_active_tasklets_16: 1780680
Logic[0_0_7]_active_tasklets_1: 207314
Logic[0_0_7]_num_instructions: 2168856
CycleRule[0_0_7]_cycle_rule: 434256
MemoryController[0_0_7]_memory_cycle: 24039150
MemoryScheduler[0_0_7]_num_fcfs: 19359
RowBuffer[0_0_7]_num_writes: 8718
RowBuffer[0_0_7]_write_bytes: 69632
RowBuffer[0_0_7]_num_activations: 184
RowBuffer[0_0_7]_num_precharges: 182
RowBuffer[0_0_7]_num_reads: 10825
RowBuffer[0_0_7]_read_bytes: 86016
HostTransfer_d2h_cycle: 218751
HostTransfer_d2h_bytes: 98304
HostTransfer_num_d2h: 8
HostTransfer_transfer_cycle: 713189
HostTransfer_xfer_model_trace_cycle: 3
HostTransfer_h2d_cycle: 494438
HostTransfer_h2d_bytes: 458752
HostTransfer_num_h2d: 16
MemoryScheduler_num_fcfs: 38157
MemoryScheduler_num_fr: 30393
VmBank[0_0_0]_vm_memory_cycle: 713189
VmRowBuffer[0_0_0]_num_activations: 128
VmRowBuffer[0_0_0]_num_precharges: 127
VmRowBuffer[0_0_0]_num_reads: 8154
VmRowBuffer[0_0_0]_read_bytes: 65213
VmBank[0_0_1]_vm_memory_cycle: 713189
VmRowBuffer[0_0_1]_read_bytes: 65216
VmRowBuffer[0_0_1]_num_activations: 128
VmRowBuffer[0_0_1]_num_precharges: 127
VmRowBuffer[0_0_1]_num_reads: 8152
VmBank[0_0_2]_vm_memory_cycle: 713189
VmRowBuffer[0_0_2]_num_reads: 8195
VmRowBuffer[0_0_2]_read_bytes: 65536
VmRowBuffer[0_0_2]_num_activations: 128
VmRowBuffer[0_0_2]_num_precharges: 127
VmBank[0_0_3]_vm_memory_cycle: 713189
VmRowBuffer[0_0_3]_num_reads: 8192
VmRowBuffer[0_0_3]_read_bytes: 65536
VmRowBuffer[0_0_3]_num_activations: 128
VmRowBuffer[0_0_3]_num_precharges: 127
VmBank[0_0_4]_vm_memory_cycle: 713189
VmRowBuffer[0_0_4]_num_reads: 8194
VmRowBuffer[0_0_4]_read_bytes: 65536
VmRowBuffer[0_0_4]_num_activations: 128
VmRowBuffer[0_0_4]_num_precharges: 127
VmBank[0_0_5]_vm_memory_cycle: 713189
VmRowBuffer[0_0_5]_num_reads: 8192
VmRowBuffer[0_0_5]_read_bytes: 65536
VmRowBuffer[0_0_5]_num_activations: 128
VmRowBuffer[0_0_5]_num_precharges: 127
VmBank[0_0_6]_vm_memory_cycle: 713189
VmRowBuffer[0_0_6]_num_reads: 4145
VmRowBuffer[0_0_6]_read_bytes: 33091
VmRowBuffer[0_0_6]_num_activations: 169
VmRowBuffer[0_0_6]_num_precharges: 167
VmRowBuffer[0_0_6]_num_writes: 6152
VmRowBuffer[0_0_6]_write_bytes: 49152
VmBank[0_0_7]_vm_memory_cycle: 713189
VmRowBuffer[0_0_7]_num_writes: 6144
VmRowBuffer[0_0_7]_write_bytes: 49152
VmRowBuffer[0_0_7]_num_reads: 4136
VmRowBuffer[0_0_7]_read_bytes: 33088
VmRowBuffer[0_0_7]_num_activations: 169
VmRowBuffer[0_0_7]_num_precharges: 167
VmBank[0_0_8]_vm_memory_cycle: 713189
VmBank[0_0_9]_vm_memory_cycle: 713189
VmBank[0_0_10]_vm_memory_cycle: 713189
VmBank[0_0_11]_vm_memory_cycle: 713189
VmBank[0_0_12]_vm_memory_cycle: 713189
VmBank[0_0_13]_vm_memory_cycle: 713189
VmBank[0_0_14]_vm_memory_cycle: 713189
VmBank[0_0_15]_vm_memory_cycle: 713189
