ThreadScheduler[0_0_0]_breakdown_dma: 51536
ThreadScheduler[0_0_0]_breakdown_etc: 223016
ThreadScheduler[0_0_0]_breakdown_run: 1441819
Logic[0_0_0]_active_tasklets_1: 141271
Logic[0_0_0]_active_tasklets_4: 21227
Logic[0_0_0]_backpressure: 457044
Logic[0_0_0]_active_tasklets_8: 20464
Logic[0_0_0]_active_tasklets_10: 21340
Logic[0_0_0]_active_tasklets_12: 23810
Logic[0_0_0]_active_tasklets_5: 22058
Logic[0_0_0]_active_tasklets_6: 22061
Logic[0_0_0]_active_tasklets_0: 518879
Logic[0_0_0]_active_tasklets_7: 22148
Logic[0_0_0]_active_tasklets_9: 21012
Logic[0_0_0]_active_tasklets_11: 21899
Logic[0_0_0]_active_tasklets_13: 25898
Logic[0_0_0]_active_tasklets_14: 27718
Logic[0_0_0]_logic_cycle: 2173415
Logic[0_0_0]_active_tasklets_3: 22045
Logic[0_0_0]_active_tasklets_15: 27194
Logic[0_0_0]_num_instructions: 1441819
Logic[0_0_0]_active_tasklets_2: 27001
Logic[0_0_0]_active_tasklets_16: 1187390
CycleRule[0_0_0]_cycle_rule: 288528
MemoryController[0_0_0]_memory_cycle: 17149806
MemoryScheduler[0_0_0]_num_fcfs: 13243
RowBuffer[0_0_0]_read_bytes: 53248
RowBuffer[0_0_0]_num_writes: 6662
RowBuffer[0_0_0]_write_bytes: 53248
RowBuffer[0_0_0]_num_activations: 124
RowBuffer[0_0_0]_num_precharges: 122
RowBuffer[0_0_0]_num_reads: 6705
ThreadScheduler[0_0_1]_breakdown_etc: 223016
ThreadScheduler[0_0_1]_breakdown_run: 1441819
ThreadScheduler[0_0_1]_breakdown_dma: 51536
Logic[0_0_1]_active_tasklets_4: 21227
Logic[0_0_1]_active_tasklets_10: 21340
Logic[0_0_1]_active_tasklets_12: 23810
Logic[0_0_1]_active_tasklets_15: 27194
Logic[0_0_1]_active_tasklets_6: 22061
Logic[0_0_1]_active_tasklets_9: 21012
Logic[0_0_1]_active_tasklets_16: 1187390
Logic[0_0_1]_logic_cycle: 2173415
Logic[0_0_1]_active_tasklets_2: 27001
Logic[0_0_1]_active_tasklets_3: 22045
Logic[0_0_1]_active_tasklets_5: 22058
Logic[0_0_1]_backpressure: 457044
Logic[0_0_1]_active_tasklets_8: 20464
Logic[0_0_1]_active_tasklets_11: 21899
Logic[0_0_1]_active_tasklets_13: 25898
Logic[0_0_1]_active_tasklets_1: 141271
Logic[0_0_1]_num_instructions: 1441819
Logic[0_0_1]_active_tasklets_0: 518879
Logic[0_0_1]_active_tasklets_7: 22148
Logic[0_0_1]_active_tasklets_14: 27718
CycleRule[0_0_1]_cycle_rule: 288528
MemoryController[0_0_1]_memory_cycle: 17149806
MemoryScheduler[0_0_1]_num_fcfs: 13243
RowBuffer[0_0_1]_num_reads: 6705
RowBuffer[0_0_1]_read_bytes: 53248
RowBuffer[0_0_1]_num_writes: 6662
RowBuffer[0_0_1]_write_bytes: 53248
RowBuffer[0_0_1]_num_activations: 124
RowBuffer[0_0_1]_num_precharges: 122
ThreadScheduler[0_0_2]_breakdown_run: 1441819
ThreadScheduler[0_0_2]_breakdown_dma: 51536
ThreadScheduler[0_0_2]_breakdown_etc: 223016
Logic[0_0_2]_active_tasklets_1: 141271
Logic[0_0_2]_logic_cycle: 2173415
Logic[0_0_2]_active_tasklets_6: 22061
Logic[0_0_2]_active_tasklets_9: 21012
Logic[0_0_2]_active_tasklets_10: 21340
Logic[0_0_2]_active_tasklets_11: 21899
Logic[0_0_2]_backpressure: 457044
Logic[0_0_2]_active_tasklets_0: 518879
Logic[0_0_2]_active_tasklets_7: 22148
Logic[0_0_2]_active_tasklets_16: 1187390
Logic[0_0_2]_num_instructions: 1441819
Logic[0_0_2]_active_tasklets_3: 22045
Logic[0_0_2]_active_tasklets_4: 21227
Logic[0_0_2]_active_tasklets_12: 23810
Logic[0_0_2]_active_tasklets_15: 27194
Logic[0_0_2]_active_tasklets_2: 27001
Logic[0_0_2]_active_tasklets_5: 22058
Logic[0_0_2]_active_tasklets_8: 20464
Logic[0_0_2]_active_tasklets_13: 25898
Logic[0_0_2]_active_tasklets_14: 27718
CycleRule[0_0_2]_cycle_rule: 288528
MemoryController[0_0_2]_memory_cycle: 17149806
MemoryScheduler[0_0_2]_num_fcfs: 13243
RowBuffer[0_0_2]_write_bytes: 53248
RowBuffer[0_0_2]_num_activations: 124
RowBuffer[0_0_2]_num_precharges: 122
RowBuffer[0_0_2]_num_reads: 6705
RowBuffer[0_0_2]_read_bytes: 53248
RowBuffer[0_0_2]_num_writes: 6662
ThreadScheduler[0_0_3]_breakdown_run: 1441819
ThreadScheduler[0_0_3]_breakdown_dma: 51536
ThreadScheduler[0_0_3]_breakdown_etc: 223016
Logic[0_0_3]_active_tasklets_5: 22058
Logic[0_0_3]_active_tasklets_7: 22148
Logic[0_0_3]_active_tasklets_11: 21899
Logic[0_0_3]_active_tasklets_13: 25898
Logic[0_0_3]_active_tasklets_15: 27194
Logic[0_0_3]_active_tasklets_1: 141271
Logic[0_0_3]_backpressure: 457044
Logic[0_0_3]_active_tasklets_9: 21012
Logic[0_0_3]_logic_cycle: 2173415
Logic[0_0_3]_num_instructions: 1441819
Logic[0_0_3]_active_tasklets_3: 22045
Logic[0_0_3]_active_tasklets_6: 22061
Logic[0_0_3]_active_tasklets_10: 21340
Logic[0_0_3]_active_tasklets_2: 27001
Logic[0_0_3]_active_tasklets_4: 21227
Logic[0_0_3]_active_tasklets_0: 518879
Logic[0_0_3]_active_tasklets_8: 20464
Logic[0_0_3]_active_tasklets_12: 23810
Logic[0_0_3]_active_tasklets_14: 27718
Logic[0_0_3]_active_tasklets_16: 1187390
CycleRule[0_0_3]_cycle_rule: 288528
MemoryController[0_0_3]_memory_cycle: 17149806
MemoryScheduler[0_0_3]_num_fcfs: 13243
RowBuffer[0_0_3]_num_activations: 124
RowBuffer[0_0_3]_num_precharges: 122
RowBuffer[0_0_3]_num_reads: 6705
RowBuffer[0_0_3]_read_bytes: 53248
RowBuffer[0_0_3]_num_writes: 6662
RowBuffer[0_0_3]_write_bytes: 53248
ThreadScheduler[0_0_4]_breakdown_etc: 223016
ThreadScheduler[0_0_4]_breakdown_run: 1441819
ThreadScheduler[0_0_4]_breakdown_dma: 51536
Logic[0_0_4]_active_tasklets_4: 21227
Logic[0_0_4]_active_tasklets_10: 21340
Logic[0_0_4]_logic_cycle: 2173415
Logic[0_0_4]_num_instructions: 1441819
Logic[0_0_4]_active_tasklets_2: 27001
Logic[0_0_4]_active_tasklets_3: 22045
Logic[0_0_4]_active_tasklets_7: 22148
Logic[0_0_4]_active_tasklets_13: 25898
Logic[0_0_4]_active_tasklets_16: 1187390
Logic[0_0_4]_active_tasklets_5: 22058
Logic[0_0_4]_backpressure: 457044
Logic[0_0_4]_active_tasklets_0: 518879
Logic[0_0_4]_active_tasklets_8: 20464
Logic[0_0_4]_active_tasklets_9: 21012
Logic[0_0_4]_active_tasklets_12: 23810
Logic[0_0_4]_active_tasklets_15: 27194
Logic[0_0_4]_active_tasklets_1: 141271
Logic[0_0_4]_active_tasklets_6: 22061
Logic[0_0_4]_active_tasklets_11: 21899
Logic[0_0_4]_active_tasklets_14: 27718
CycleRule[0_0_4]_cycle_rule: 288528
MemoryController[0_0_4]_memory_cycle: 17149806
MemoryScheduler[0_0_4]_num_fcfs: 13243
RowBuffer[0_0_4]_num_activations: 124
RowBuffer[0_0_4]_num_precharges: 122
RowBuffer[0_0_4]_num_reads: 6705
RowBuffer[0_0_4]_read_bytes: 53248
RowBuffer[0_0_4]_num_writes: 6662
RowBuffer[0_0_4]_write_bytes: 53248
ThreadScheduler[0_0_5]_breakdown_dma: 51536
ThreadScheduler[0_0_5]_breakdown_etc: 223016
ThreadScheduler[0_0_5]_breakdown_run: 1441819
Logic[0_0_5]_num_instructions: 1441819
Logic[0_0_5]_active_tasklets_2: 27001
Logic[0_0_5]_active_tasklets_9: 21012
Logic[0_0_5]_active_tasklets_13: 25898
Logic[0_0_5]_active_tasklets_15: 27194
Logic[0_0_5]_active_tasklets_1: 141271
Logic[0_0_5]_active_tasklets_3: 22045
Logic[0_0_5]_active_tasklets_4: 21227
Logic[0_0_5]_backpressure: 457044
Logic[0_0_5]_active_tasklets_0: 518879
Logic[0_0_5]_active_tasklets_7: 22148
Logic[0_0_5]_active_tasklets_10: 21340
Logic[0_0_5]_active_tasklets_11: 21899
Logic[0_0_5]_logic_cycle: 2173415
Logic[0_0_5]_active_tasklets_5: 22058
Logic[0_0_5]_active_tasklets_6: 22061
Logic[0_0_5]_active_tasklets_8: 20464
Logic[0_0_5]_active_tasklets_12: 23810
Logic[0_0_5]_active_tasklets_16: 1187390
Logic[0_0_5]_active_tasklets_14: 27718
CycleRule[0_0_5]_cycle_rule: 288528
MemoryController[0_0_5]_memory_cycle: 17149806
MemoryScheduler[0_0_5]_num_fcfs: 13243
RowBuffer[0_0_5]_num_activations: 124
RowBuffer[0_0_5]_num_precharges: 122
RowBuffer[0_0_5]_num_reads: 6705
RowBuffer[0_0_5]_read_bytes: 53248
RowBuffer[0_0_5]_num_writes: 6662
RowBuffer[0_0_5]_write_bytes: 53248
ThreadScheduler[0_0_6]_breakdown_etc: 223016
ThreadScheduler[0_0_6]_breakdown_run: 1441819
ThreadScheduler[0_0_6]_breakdown_dma: 51536
Logic[0_0_6]_num_instructions: 1441819
Logic[0_0_6]_active_tasklets_5: 22058
Logic[0_0_6]_active_tasklets_12: 23810
Logic[0_0_6]_active_tasklets_14: 27718
Logic[0_0_6]_active_tasklets_15: 27194
Logic[0_0_6]_logic_cycle: 2173415
Logic[0_0_6]_active_tasklets_2: 27001
Logic[0_0_6]_active_tasklets_8: 20464
Logic[0_0_6]_active_tasklets_11: 21899
Logic[0_0_6]_active_tasklets_4: 21227
Logic[0_0_6]_backpressure: 457044
Logic[0_0_6]_active_tasklets_0: 518879
Logic[0_0_6]_active_tasklets_7: 22148
Logic[0_0_6]_active_tasklets_10: 21340
Logic[0_0_6]_active_tasklets_1: 141271
Logic[0_0_6]_active_tasklets_3: 22045
Logic[0_0_6]_active_tasklets_6: 22061
Logic[0_0_6]_active_tasklets_9: 21012
Logic[0_0_6]_active_tasklets_13: 25898
Logic[0_0_6]_active_tasklets_16: 1187390
CycleRule[0_0_6]_cycle_rule: 288528
MemoryController[0_0_6]_memory_cycle: 17149806
MemoryScheduler[0_0_6]_num_fcfs: 13243
RowBuffer[0_0_6]_num_writes: 6662
RowBuffer[0_0_6]_write_bytes: 53248
RowBuffer[0_0_6]_num_activations: 124
RowBuffer[0_0_6]_num_precharges: 122
RowBuffer[0_0_6]_num_reads: 6705
RowBuffer[0_0_6]_read_bytes: 53248
ThreadScheduler[0_0_7]_breakdown_etc: 223016
ThreadScheduler[0_0_7]_breakdown_run: 1441819
ThreadScheduler[0_0_7]_breakdown_dma: 51536
Logic[0_0_7]_logic_cycle: 2173415
Logic[0_0_7]_active_tasklets_3: 22045
Logic[0_0_7]_backpressure: 457044
Logic[0_0_7]_active_tasklets_8: 20464
Logic[0_0_7]_active_tasklets_4: 21227
Logic[0_0_7]_active_tasklets_9: 21012
Logic[0_0_7]_active_tasklets_14: 27718
Logic[0_0_7]_active_tasklets_2: 27001
Logic[0_0_7]_active_tasklets_5: 22058
Logic[0_0_7]_active_tasklets_6: 22061
Logic[0_0_7]_active_tasklets_7: 22148
Logic[0_0_7]_active_tasklets_16: 1187390
Logic[0_0_7]_active_tasklets_1: 141271
Logic[0_0_7]_num_instructions: 1441819
Logic[0_0_7]_active_tasklets_0: 518879
Logic[0_0_7]_active_tasklets_11: 21899
Logic[0_0_7]_active_tasklets_12: 23810
Logic[0_0_7]_active_tasklets_13: 25898
Logic[0_0_7]_active_tasklets_15: 27194
Logic[0_0_7]_active_tasklets_10: 21340
CycleRule[0_0_7]_cycle_rule: 288528
MemoryController[0_0_7]_memory_cycle: 17149806
MemoryScheduler[0_0_7]_num_fcfs: 13243
RowBuffer[0_0_7]_num_reads: 6705
RowBuffer[0_0_7]_read_bytes: 53248
RowBuffer[0_0_7]_num_writes: 6662
RowBuffer[0_0_7]_write_bytes: 53248
RowBuffer[0_0_7]_num_activations: 124
RowBuffer[0_0_7]_num_precharges: 122
HostTransfer_h2d_cycle: 611781
HostTransfer_h2d_bytes: 393216
HostTransfer_num_h2d: 16
HostTransfer_d2h_cycle: 73105
HostTransfer_d2h_bytes: 32768
HostTransfer_num_d2h: 8
HostTransfer_transfer_cycle: 684886
HostTransfer_xfer_model_trace_cycle: 3
MemoryScheduler_num_fcfs: 29197
MemoryScheduler_num_fr: 23225
VmBank[0_0_0]_vm_memory_cycle: 684886
VmRowBuffer[0_0_0]_num_reads: 8155
VmRowBuffer[0_0_0]_read_bytes: 65213
VmRowBuffer[0_0_0]_num_activations: 128
VmRowBuffer[0_0_0]_num_precharges: 127
VmBank[0_0_1]_vm_memory_cycle: 684886
VmRowBuffer[0_0_1]_num_reads: 8152
VmRowBuffer[0_0_1]_read_bytes: 65216
VmRowBuffer[0_0_1]_num_activations: 128
VmRowBuffer[0_0_1]_num_precharges: 127
VmBank[0_0_2]_vm_memory_cycle: 684886
VmRowBuffer[0_0_2]_read_bytes: 65536
VmRowBuffer[0_0_2]_num_activations: 128
VmRowBuffer[0_0_2]_num_precharges: 127
VmRowBuffer[0_0_2]_num_reads: 8196
VmBank[0_0_3]_vm_memory_cycle: 684886
VmRowBuffer[0_0_3]_num_reads: 8192
VmRowBuffer[0_0_3]_read_bytes: 65536
VmRowBuffer[0_0_3]_num_activations: 128
VmRowBuffer[0_0_3]_num_precharges: 127
VmBank[0_0_4]_vm_memory_cycle: 684886
VmRowBuffer[0_0_4]_num_reads: 8241
VmRowBuffer[0_0_4]_read_bytes: 65859
VmRowBuffer[0_0_4]_num_activations: 169
VmRowBuffer[0_0_4]_num_precharges: 167
VmRowBuffer[0_0_4]_num_writes: 2056
VmRowBuffer[0_0_4]_write_bytes: 16384
VmBank[0_0_5]_vm_memory_cycle: 684886
VmRowBuffer[0_0_5]_num_reads: 8232
VmRowBuffer[0_0_5]_read_bytes: 65856
VmRowBuffer[0_0_5]_num_activations: 169
VmRowBuffer[0_0_5]_num_precharges: 167
VmRowBuffer[0_0_5]_num_writes: 2048
VmRowBuffer[0_0_5]_write_bytes: 16384
VmBank[0_0_6]_vm_memory_cycle: 684886
VmBank[0_0_7]_vm_memory_cycle: 684886
VmBank[0_0_8]_vm_memory_cycle: 684886
VmBank[0_0_9]_vm_memory_cycle: 684886
VmBank[0_0_10]_vm_memory_cycle: 684886
VmBank[0_0_11]_vm_memory_cycle: 684886
VmBank[0_0_12]_vm_memory_cycle: 684886
VmBank[0_0_13]_vm_memory_cycle: 684886
VmBank[0_0_14]_vm_memory_cycle: 684886
VmBank[0_0_15]_vm_memory_cycle: 684886
