ThreadScheduler[0_0_0]_breakdown_etc: 111618
ThreadScheduler[0_0_0]_breakdown_run: 723132
ThreadScheduler[0_0_0]_breakdown_dma: 27032
Logic[0_0_0]_active_tasklets_3: 10767
Logic[0_0_0]_backpressure: 239165
Logic[0_0_0]_active_tasklets_9: 10556
Logic[0_0_0]_active_tasklets_15: 13628
Logic[0_0_0]_active_tasklets_6: 11062
Logic[0_0_0]_active_tasklets_7: 11108
Logic[0_0_0]_active_tasklets_11: 10967
Logic[0_0_0]_active_tasklets_12: 11930
Logic[0_0_0]_active_tasklets_13: 12976
Logic[0_0_0]_num_instructions: 723132
Logic[0_0_0]_active_tasklets_4: 10830
Logic[0_0_0]_active_tasklets_5: 10997
Logic[0_0_0]_active_tasklets_0: 270559
Logic[0_0_0]_active_tasklets_14: 13888
Logic[0_0_0]_logic_cycle: 1100947
Logic[0_0_0]_active_tasklets_2: 14345
Logic[0_0_0]_active_tasklets_8: 10318
Logic[0_0_0]_active_tasklets_16: 595456
Logic[0_0_0]_active_tasklets_10: 10709
Logic[0_0_0]_active_tasklets_1: 70851
CycleRule[0_0_0]_cycle_rule: 145344
MemoryController[0_0_0]_memory_cycle: 9664194
MemoryScheduler[0_0_0]_num_fcfs: 7133
RowBuffer[0_0_0]_num_reads: 3609
RowBuffer[0_0_0]_read_bytes: 28672
RowBuffer[0_0_0]_num_writes: 3590
RowBuffer[0_0_0]_write_bytes: 28672
RowBuffer[0_0_0]_num_activations: 66
RowBuffer[0_0_0]_num_precharges: 64
ThreadScheduler[0_0_1]_breakdown_etc: 111618
ThreadScheduler[0_0_1]_breakdown_run: 723132
ThreadScheduler[0_0_1]_breakdown_dma: 27032
Logic[0_0_1]_logic_cycle: 1100947
Logic[0_0_1]_active_tasklets_4: 10830
Logic[0_0_1]_active_tasklets_12: 11930
Logic[0_0_1]_active_tasklets_14: 13888
Logic[0_0_1]_active_tasklets_2: 14345
Logic[0_0_1]_active_tasklets_3: 10767
Logic[0_0_1]_active_tasklets_6: 11062
Logic[0_0_1]_active_tasklets_8: 10318
Logic[0_0_1]_active_tasklets_9: 10556
Logic[0_0_1]_active_tasklets_13: 12976
Logic[0_0_1]_active_tasklets_16: 595456
Logic[0_0_1]_active_tasklets_1: 70851
Logic[0_0_1]_active_tasklets_5: 10997
Logic[0_0_1]_backpressure: 239165
Logic[0_0_1]_active_tasklets_11: 10967
Logic[0_0_1]_active_tasklets_15: 13628
Logic[0_0_1]_active_tasklets_10: 10709
Logic[0_0_1]_num_instructions: 723132
Logic[0_0_1]_active_tasklets_0: 270559
Logic[0_0_1]_active_tasklets_7: 11108
CycleRule[0_0_1]_cycle_rule: 145344
MemoryController[0_0_1]_memory_cycle: 9664194
MemoryScheduler[0_0_1]_num_fcfs: 7133
RowBuffer[0_0_1]_read_bytes: 28672
RowBuffer[0_0_1]_num_writes: 3590
RowBuffer[0_0_1]_write_bytes: 28672
RowBuffer[0_0_1]_num_activations: 66
RowBuffer[0_0_1]_num_precharges: 64
RowBuffer[0_0_1]_num_reads: 3609
ThreadScheduler[0_0_2]_breakdown_etc: 111618
ThreadScheduler[0_0_2]_breakdown_run: 723132
ThreadScheduler[0_0_2]_breakdown_dma: 27032
Logic[0_0_2]_active_tasklets_6: 11062
Logic[0_0_2]_active_tasklets_8: 10318
Logic[0_0_2]_num_instructions: 723132
Logic[0_0_2]_active_tasklets_2: 14345
Logic[0_0_2]_active_tasklets_3: 10767
Logic[0_0_2]_backpressure: 239165
Logic[0_0_2]_active_tasklets_0: 270559
Logic[0_0_2]_active_tasklets_12: 11930
Logic[0_0_2]_active_tasklets_1: 70851
Logic[0_0_2]_active_tasklets_10: 10709
Logic[0_0_2]_active_tasklets_11: 10967
Logic[0_0_2]_active_tasklets_13: 12976
Logic[0_0_2]_active_tasklets_14: 13888
Logic[0_0_2]_active_tasklets_15: 13628
Logic[0_0_2]_active_tasklets_16: 595456
Logic[0_0_2]_active_tasklets_7: 11108
Logic[0_0_2]_active_tasklets_9: 10556
Logic[0_0_2]_logic_cycle: 1100947
Logic[0_0_2]_active_tasklets_4: 10830
Logic[0_0_2]_active_tasklets_5: 10997
CycleRule[0_0_2]_cycle_rule: 145344
MemoryController[0_0_2]_memory_cycle: 9664194
MemoryScheduler[0_0_2]_num_fcfs: 7133
RowBuffer[0_0_2]_read_bytes: 28672
RowBuffer[0_0_2]_num_writes: 3590
RowBuffer[0_0_2]_write_bytes: 28672
RowBuffer[0_0_2]_num_activations: 66
RowBuffer[0_0_2]_num_precharges: 64
RowBuffer[0_0_2]_num_reads: 3609
ThreadScheduler[0_0_3]_breakdown_etc: 111618
ThreadScheduler[0_0_3]_breakdown_run: 723132
ThreadScheduler[0_0_3]_breakdown_dma: 27032
Logic[0_0_3]_active_tasklets_0: 270559
Logic[0_0_3]_active_tasklets_9: 10556
Logic[0_0_3]_active_tasklets_12: 11930
Logic[0_0_3]_active_tasklets_1: 70851
Logic[0_0_3]_active_tasklets_3: 10767
Logic[0_0_3]_active_tasklets_13: 12976
Logic[0_0_3]_active_tasklets_14: 13888
Logic[0_0_3]_num_instructions: 723132
Logic[0_0_3]_active_tasklets_2: 14345
Logic[0_0_3]_backpressure: 239165
Logic[0_0_3]_active_tasklets_8: 10318
Logic[0_0_3]_logic_cycle: 1100947
Logic[0_0_3]_active_tasklets_5: 10997
Logic[0_0_3]_active_tasklets_7: 11108
Logic[0_0_3]_active_tasklets_11: 10967
Logic[0_0_3]_active_tasklets_15: 13628
Logic[0_0_3]_active_tasklets_16: 595456
Logic[0_0_3]_active_tasklets_10: 10709
Logic[0_0_3]_active_tasklets_4: 10830
Logic[0_0_3]_active_tasklets_6: 11062
CycleRule[0_0_3]_cycle_rule: 145344
MemoryController[0_0_3]_memory_cycle: 9664194
MemoryScheduler[0_0_3]_num_fcfs: 7133
RowBuffer[0_0_3]_read_bytes: 28672
RowBuffer[0_0_3]_num_writes: 3590
RowBuffer[0_0_3]_write_bytes: 28672
RowBuffer[0_0_3]_num_activations: 66
RowBuffer[0_0_3]_num_precharges: 64
RowBuffer[0_0_3]_num_reads: 3609
ThreadScheduler[0_0_4]_breakdown_etc: 111618
ThreadScheduler[0_0_4]_breakdown_run: 723132
ThreadScheduler[0_0_4]_breakdown_dma: 27032
Logic[0_0_4]_active_tasklets_1: 70851
Logic[0_0_4]_num_instructions: 723132
Logic[0_0_4]_active_tasklets_2: 14345
Logic[0_0_4]_active_tasklets_10: 10709
Logic[0_0_4]_active_tasklets_11: 10967
Logic[0_0_4]_active_tasklets_12: 11930
Logic[0_0_4]_active_tasklets_14: 13888
Logic[0_0_4]_logic_cycle: 1100947
Logic[0_0_4]_active_tasklets_3: 10767
Logic[0_0_4]_active_tasklets_4: 10830
Logic[0_0_4]_active_tasklets_13: 12976
Logic[0_0_4]_active_tasklets_5: 10997
Logic[0_0_4]_active_tasklets_6: 11062
Logic[0_0_4]_active_tasklets_7: 11108
Logic[0_0_4]_active_tasklets_8: 10318
Logic[0_0_4]_backpressure: 239165
Logic[0_0_4]_active_tasklets_0: 270559
Logic[0_0_4]_active_tasklets_9: 10556
Logic[0_0_4]_active_tasklets_15: 13628
Logic[0_0_4]_active_tasklets_16: 595456
CycleRule[0_0_4]_cycle_rule: 145344
MemoryController[0_0_4]_memory_cycle: 9664194
MemoryScheduler[0_0_4]_num_fcfs: 7133
RowBuffer[0_0_4]_num_writes: 3590
RowBuffer[0_0_4]_write_bytes: 28672
RowBuffer[0_0_4]_num_activations: 66
RowBuffer[0_0_4]_num_precharges: 64
RowBuffer[0_0_4]_num_reads: 3609
RowBuffer[0_0_4]_read_bytes: 28672
ThreadScheduler[0_0_5]_breakdown_etc: 111618
ThreadScheduler[0_0_5]_breakdown_run: 723132
ThreadScheduler[0_0_5]_breakdown_dma: 27032
Logic[0_0_5]_active_tasklets_1: 70851
Logic[0_0_5]_num_instructions: 723132
Logic[0_0_5]_active_tasklets_10: 10709
Logic[0_0_5]_active_tasklets_11: 10967
Logic[0_0_5]_logic_cycle: 1100947
Logic[0_0_5]_active_tasklets_2: 14345
Logic[0_0_5]_active_tasklets_5: 10997
Logic[0_0_5]_backpressure: 239165
Logic[0_0_5]_active_tasklets_0: 270559
Logic[0_0_5]_active_tasklets_7: 11108
Logic[0_0_5]_active_tasklets_12: 11930
Logic[0_0_5]_active_tasklets_13: 12976
Logic[0_0_5]_active_tasklets_3: 10767
Logic[0_0_5]_active_tasklets_6: 11062
Logic[0_0_5]_active_tasklets_8: 10318
Logic[0_0_5]_active_tasklets_9: 10556
Logic[0_0_5]_active_tasklets_15: 13628
Logic[0_0_5]_active_tasklets_16: 595456
Logic[0_0_5]_active_tasklets_4: 10830
Logic[0_0_5]_active_tasklets_14: 13888
CycleRule[0_0_5]_cycle_rule: 145344
MemoryController[0_0_5]_memory_cycle: 9664194
MemoryScheduler[0_0_5]_num_fcfs: 7133
RowBuffer[0_0_5]_num_reads: 3609
RowBuffer[0_0_5]_read_bytes: 28672
RowBuffer[0_0_5]_num_writes: 3590
RowBuffer[0_0_5]_write_bytes: 28672
RowBuffer[0_0_5]_num_activations: 66
RowBuffer[0_0_5]_num_precharges: 64
ThreadScheduler[0_0_6]_breakdown_etc: 111618
ThreadScheduler[0_0_6]_breakdown_run: 723132
ThreadScheduler[0_0_6]_breakdown_dma: 27032
Logic[0_0_6]_active_tasklets_4: 10830
Logic[0_0_6]_active_tasklets_5: 10997
Logic[0_0_6]_active_tasklets_0: 270559
Logic[0_0_6]_active_tasklets_2: 14345
Logic[0_0_6]_active_tasklets_6: 11062
Logic[0_0_6]_active_tasklets_7: 11108
Logic[0_0_6]_active_tasklets_14: 13888
Logic[0_0_6]_active_tasklets_1: 70851
Logic[0_0_6]_logic_cycle: 1100947
Logic[0_0_6]_num_instructions: 723132
Logic[0_0_6]_active_tasklets_3: 10767
Logic[0_0_6]_active_tasklets_10: 10709
Logic[0_0_6]_active_tasklets_11: 10967
Logic[0_0_6]_active_tasklets_12: 11930
Logic[0_0_6]_active_tasklets_15: 13628
Logic[0_0_6]_backpressure: 239165
Logic[0_0_6]_active_tasklets_8: 10318
Logic[0_0_6]_active_tasklets_9: 10556
Logic[0_0_6]_active_tasklets_13: 12976
Logic[0_0_6]_active_tasklets_16: 595456
CycleRule[0_0_6]_cycle_rule: 145344
MemoryController[0_0_6]_memory_cycle: 9664194
MemoryScheduler[0_0_6]_num_fcfs: 7133
RowBuffer[0_0_6]_num_reads: 3609
RowBuffer[0_0_6]_read_bytes: 28672
RowBuffer[0_0_6]_num_writes: 3590
RowBuffer[0_0_6]_write_bytes: 28672
RowBuffer[0_0_6]_num_activations: 66
RowBuffer[0_0_6]_num_precharges: 64
ThreadScheduler[0_0_7]_breakdown_etc: 111618
ThreadScheduler[0_0_7]_breakdown_run: 723132
ThreadScheduler[0_0_7]_breakdown_dma: 27032
Logic[0_0_7]_active_tasklets_5: 10997
Logic[0_0_7]_active_tasklets_16: 595456
Logic[0_0_7]_active_tasklets_15: 13628
Logic[0_0_7]_active_tasklets_9: 10556
Logic[0_0_7]_active_tasklets_2: 14345
Logic[0_0_7]_active_tasklets_3: 10767
Logic[0_0_7]_active_tasklets_4: 10830
Logic[0_0_7]_active_tasklets_6: 11062
Logic[0_0_7]_active_tasklets_0: 270559
Logic[0_0_7]_active_tasklets_12: 11930
Logic[0_0_7]_active_tasklets_14: 13888
Logic[0_0_7]_active_tasklets_1: 70851
Logic[0_0_7]_backpressure: 239165
Logic[0_0_7]_active_tasklets_10: 10709
Logic[0_0_7]_active_tasklets_11: 10967
Logic[0_0_7]_active_tasklets_13: 12976
Logic[0_0_7]_active_tasklets_7: 11108
Logic[0_0_7]_active_tasklets_8: 10318
Logic[0_0_7]_logic_cycle: 1100947
Logic[0_0_7]_num_instructions: 723132
CycleRule[0_0_7]_cycle_rule: 145344
MemoryController[0_0_7]_memory_cycle: 9664194
MemoryScheduler[0_0_7]_num_fcfs: 7133
RowBuffer[0_0_7]_num_writes: 3590
RowBuffer[0_0_7]_write_bytes: 28672
RowBuffer[0_0_7]_num_activations: 66
RowBuffer[0_0_7]_num_precharges: 64
RowBuffer[0_0_7]_num_reads: 3609
RowBuffer[0_0_7]_read_bytes: 28672
HostTransfer_num_h2d: 16
HostTransfer_d2h_cycle: 73105
HostTransfer_d2h_bytes: 32768
HostTransfer_num_d2h: 8
HostTransfer_transfer_cycle: 509752
HostTransfer_xfer_model_trace_cycle: 3
HostTransfer_h2d_cycle: 436647
HostTransfer_h2d_bytes: 196608
MemoryScheduler_num_fcfs: 15757
MemoryScheduler_num_fr: 12473
VmBank[0_0_0]_vm_memory_cycle: 509752
VmRowBuffer[0_0_0]_num_reads: 8159
VmRowBuffer[0_0_0]_read_bytes: 65213
VmRowBuffer[0_0_0]_num_activations: 128
VmRowBuffer[0_0_0]_num_precharges: 127
VmBank[0_0_1]_vm_memory_cycle: 509752
VmRowBuffer[0_0_1]_num_reads: 8152
VmRowBuffer[0_0_1]_read_bytes: 65216
VmRowBuffer[0_0_1]_num_activations: 128
VmRowBuffer[0_0_1]_num_precharges: 127
VmBank[0_0_2]_vm_memory_cycle: 509752
VmRowBuffer[0_0_2]_num_writes: 2056
VmRowBuffer[0_0_2]_write_bytes: 16384
VmRowBuffer[0_0_2]_num_reads: 4145
VmRowBuffer[0_0_2]_read_bytes: 33091
VmRowBuffer[0_0_2]_num_activations: 105
VmRowBuffer[0_0_2]_num_precharges: 103
VmBank[0_0_3]_vm_memory_cycle: 509752
VmRowBuffer[0_0_3]_write_bytes: 16384
VmRowBuffer[0_0_3]_num_reads: 4136
VmRowBuffer[0_0_3]_read_bytes: 33088
VmRowBuffer[0_0_3]_num_activations: 105
VmRowBuffer[0_0_3]_num_precharges: 103
VmRowBuffer[0_0_3]_num_writes: 2048
VmBank[0_0_4]_vm_memory_cycle: 509752
VmBank[0_0_5]_vm_memory_cycle: 509752
VmBank[0_0_6]_vm_memory_cycle: 509752
VmBank[0_0_7]_vm_memory_cycle: 509752
VmBank[0_0_8]_vm_memory_cycle: 509752
VmBank[0_0_9]_vm_memory_cycle: 509752
VmBank[0_0_10]_vm_memory_cycle: 509752
VmBank[0_0_11]_vm_memory_cycle: 509752
VmBank[0_0_12]_vm_memory_cycle: 509752
VmBank[0_0_13]_vm_memory_cycle: 509752
VmBank[0_0_14]_vm_memory_cycle: 509752
VmBank[0_0_15]_vm_memory_cycle: 509752
