ThreadScheduler[0_0_0]_breakdown_etc: 223674
ThreadScheduler[0_0_0]_breakdown_run: 1446308
ThreadScheduler[0_0_0]_breakdown_dma: 50358
Logic[0_0_0]_active_tasklets_7: 22649
Logic[0_0_0]_active_tasklets_9: 21331
Logic[0_0_0]_active_tasklets_15: 27875
Logic[0_0_0]_active_tasklets_16: 1188261
Logic[0_0_0]_active_tasklets_4: 21999
Logic[0_0_0]_active_tasklets_11: 22220
Logic[0_0_0]_active_tasklets_12: 24065
Logic[0_0_0]_active_tasklets_5: 22125
Logic[0_0_0]_active_tasklets_6: 22087
Logic[0_0_0]_backpressure: 457521
Logic[0_0_0]_active_tasklets_14: 27985
Logic[0_0_0]_active_tasklets_1: 139261
Logic[0_0_0]_num_instructions: 1446308
Logic[0_0_0]_active_tasklets_2: 28746
Logic[0_0_0]_active_tasklets_8: 21000
Logic[0_0_0]_active_tasklets_10: 21692
Logic[0_0_0]_active_tasklets_13: 26287
Logic[0_0_0]_logic_cycle: 2177861
Logic[0_0_0]_active_tasklets_3: 21863
Logic[0_0_0]_active_tasklets_0: 518415
CycleRule[0_0_0]_cycle_rule: 288736
MemoryController[0_0_0]_memory_cycle: 16739646
MemoryScheduler[0_0_0]_num_fcfs: 13245
RowBuffer[0_0_0]_num_writes: 6154
RowBuffer[0_0_0]_write_bytes: 49152
RowBuffer[0_0_0]_num_activations: 126
RowBuffer[0_0_0]_num_precharges: 124
RowBuffer[0_0_0]_num_reads: 7217
RowBuffer[0_0_0]_read_bytes: 57344
ThreadScheduler[0_0_1]_breakdown_etc: 223674
ThreadScheduler[0_0_1]_breakdown_run: 1446308
ThreadScheduler[0_0_1]_breakdown_dma: 50358
Logic[0_0_1]_active_tasklets_8: 21000
Logic[0_0_1]_active_tasklets_10: 21692
Logic[0_0_1]_active_tasklets_16: 1188261
Logic[0_0_1]_logic_cycle: 2177861
Logic[0_0_1]_active_tasklets_5: 22125
Logic[0_0_1]_active_tasklets_6: 22087
Logic[0_0_1]_num_instructions: 1446308
Logic[0_0_1]_active_tasklets_2: 28746
Logic[0_0_1]_active_tasklets_14: 27985
Logic[0_0_1]_active_tasklets_15: 27875
Logic[0_0_1]_active_tasklets_3: 21863
Logic[0_0_1]_backpressure: 457521
Logic[0_0_1]_active_tasklets_0: 518415
Logic[0_0_1]_active_tasklets_7: 22649
Logic[0_0_1]_active_tasklets_9: 21331
Logic[0_0_1]_active_tasklets_11: 22220
Logic[0_0_1]_active_tasklets_12: 24065
Logic[0_0_1]_active_tasklets_13: 26287
Logic[0_0_1]_active_tasklets_1: 139261
Logic[0_0_1]_active_tasklets_4: 21999
CycleRule[0_0_1]_cycle_rule: 288736
MemoryController[0_0_1]_memory_cycle: 16739646
MemoryScheduler[0_0_1]_num_fcfs: 13245
RowBuffer[0_0_1]_write_bytes: 49152
RowBuffer[0_0_1]_num_activations: 126
RowBuffer[0_0_1]_num_precharges: 124
RowBuffer[0_0_1]_num_reads: 7217
RowBuffer[0_0_1]_read_bytes: 57344
RowBuffer[0_0_1]_num_writes: 6154
ThreadScheduler[0_0_2]_breakdown_etc: 223674
ThreadScheduler[0_0_2]_breakdown_run: 1446308
ThreadScheduler[0_0_2]_breakdown_dma: 50358
Logic[0_0_2]_active_tasklets_1: 139261
Logic[0_0_2]_logic_cycle: 2177861
Logic[0_0_2]_num_instructions: 1446308
Logic[0_0_2]_active_tasklets_7: 22649
Logic[0_0_2]_active_tasklets_11: 22220
Logic[0_0_2]_active_tasklets_12: 24065
Logic[0_0_2]_active_tasklets_13: 26287
Logic[0_0_2]_active_tasklets_3: 21863
Logic[0_0_2]_active_tasklets_4: 21999
Logic[0_0_2]_active_tasklets_5: 22125
Logic[0_0_2]_active_tasklets_9: 21331
Logic[0_0_2]_active_tasklets_6: 22087
Logic[0_0_2]_backpressure: 457521
Logic[0_0_2]_active_tasklets_0: 518415
Logic[0_0_2]_active_tasklets_8: 21000
Logic[0_0_2]_active_tasklets_14: 27985
Logic[0_0_2]_active_tasklets_15: 27875
Logic[0_0_2]_active_tasklets_16: 1188261
Logic[0_0_2]_active_tasklets_2: 28746
Logic[0_0_2]_active_tasklets_10: 21692
CycleRule[0_0_2]_cycle_rule: 288736
MemoryController[0_0_2]_memory_cycle: 16739646
MemoryScheduler[0_0_2]_num_fcfs: 13245
RowBuffer[0_0_2]_write_bytes: 49152
RowBuffer[0_0_2]_num_activations: 126
RowBuffer[0_0_2]_num_precharges: 124
RowBuffer[0_0_2]_num_reads: 7217
RowBuffer[0_0_2]_read_bytes: 57344
RowBuffer[0_0_2]_num_writes: 6154
ThreadScheduler[0_0_3]_breakdown_etc: 223674
ThreadScheduler[0_0_3]_breakdown_run: 1446308
ThreadScheduler[0_0_3]_breakdown_dma: 50358
Logic[0_0_3]_active_tasklets_6: 22087
Logic[0_0_3]_active_tasklets_0: 518415
Logic[0_0_3]_active_tasklets_8: 21000
Logic[0_0_3]_active_tasklets_11: 22220
Logic[0_0_3]_logic_cycle: 2177861
Logic[0_0_3]_active_tasklets_5: 22125
Logic[0_0_3]_active_tasklets_9: 21331
Logic[0_0_3]_active_tasklets_10: 21692
Logic[0_0_3]_active_tasklets_14: 27985
Logic[0_0_3]_num_instructions: 1446308
Logic[0_0_3]_active_tasklets_2: 28746
Logic[0_0_3]_active_tasklets_4: 21999
Logic[0_0_3]_backpressure: 457521
Logic[0_0_3]_active_tasklets_7: 22649
Logic[0_0_3]_active_tasklets_13: 26287
Logic[0_0_3]_active_tasklets_15: 27875
Logic[0_0_3]_active_tasklets_16: 1188261
Logic[0_0_3]_active_tasklets_1: 139261
Logic[0_0_3]_active_tasklets_3: 21863
Logic[0_0_3]_active_tasklets_12: 24065
CycleRule[0_0_3]_cycle_rule: 288736
MemoryController[0_0_3]_memory_cycle: 16739646
MemoryScheduler[0_0_3]_num_fcfs: 13245
RowBuffer[0_0_3]_num_writes: 6154
RowBuffer[0_0_3]_write_bytes: 49152
RowBuffer[0_0_3]_num_activations: 126
RowBuffer[0_0_3]_num_precharges: 124
RowBuffer[0_0_3]_num_reads: 7217
RowBuffer[0_0_3]_read_bytes: 57344
ThreadScheduler[0_0_4]_breakdown_etc: 223674
ThreadScheduler[0_0_4]_breakdown_run: 1446308
ThreadScheduler[0_0_4]_breakdown_dma: 50358
Logic[0_0_4]_num_instructions: 1446308
Logic[0_0_4]_active_tasklets_6: 22087
Logic[0_0_4]_active_tasklets_0: 518415
Logic[0_0_4]_active_tasklets_9: 21331
Logic[0_0_4]_active_tasklets_16: 1188261
Logic[0_0_4]_backpressure: 457521
Logic[0_0_4]_active_tasklets_8: 21000
Logic[0_0_4]_active_tasklets_11: 22220
Logic[0_0_4]_active_tasklets_15: 27875
Logic[0_0_4]_active_tasklets_1: 139261
Logic[0_0_4]_active_tasklets_3: 21863
Logic[0_0_4]_active_tasklets_4: 21999
Logic[0_0_4]_active_tasklets_5: 22125
Logic[0_0_4]_active_tasklets_10: 21692
Logic[0_0_4]_active_tasklets_14: 27985
Logic[0_0_4]_active_tasklets_2: 28746
Logic[0_0_4]_active_tasklets_7: 22649
Logic[0_0_4]_active_tasklets_12: 24065
Logic[0_0_4]_active_tasklets_13: 26287
Logic[0_0_4]_logic_cycle: 2177861
CycleRule[0_0_4]_cycle_rule: 288736
MemoryController[0_0_4]_memory_cycle: 16739646
MemoryScheduler[0_0_4]_num_fcfs: 13245
RowBuffer[0_0_4]_num_activations: 126
RowBuffer[0_0_4]_num_precharges: 124
RowBuffer[0_0_4]_num_reads: 7217
RowBuffer[0_0_4]_read_bytes: 57344
RowBuffer[0_0_4]_num_writes: 6154
RowBuffer[0_0_4]_write_bytes: 49152
ThreadScheduler[0_0_5]_breakdown_etc: 223674
ThreadScheduler[0_0_5]_breakdown_run: 1446308
ThreadScheduler[0_0_5]_breakdown_dma: 50358
Logic[0_0_5]_active_tasklets_5: 22125
Logic[0_0_5]_active_tasklets_12: 24065
Logic[0_0_5]_active_tasklets_15: 27875
Logic[0_0_5]_active_tasklets_16: 1188261
Logic[0_0_5]_active_tasklets_2: 28746
Logic[0_0_5]_active_tasklets_4: 21999
Logic[0_0_5]_active_tasklets_6: 22087
Logic[0_0_5]_backpressure: 457521
Logic[0_0_5]_active_tasklets_8: 21000
Logic[0_0_5]_active_tasklets_13: 26287
Logic[0_0_5]_active_tasklets_1: 139261
Logic[0_0_5]_num_instructions: 1446308
Logic[0_0_5]_active_tasklets_0: 518415
Logic[0_0_5]_active_tasklets_11: 22220
Logic[0_0_5]_active_tasklets_10: 21692
Logic[0_0_5]_active_tasklets_3: 21863
Logic[0_0_5]_active_tasklets_7: 22649
Logic[0_0_5]_active_tasklets_9: 21331
Logic[0_0_5]_active_tasklets_14: 27985
Logic[0_0_5]_logic_cycle: 2177861
CycleRule[0_0_5]_cycle_rule: 288736
MemoryController[0_0_5]_memory_cycle: 16739646
MemoryScheduler[0_0_5]_num_fcfs: 13245
RowBuffer[0_0_5]_num_writes: 6154
RowBuffer[0_0_5]_write_bytes: 49152
RowBuffer[0_0_5]_num_activations: 126
RowBuffer[0_0_5]_num_precharges: 124
RowBuffer[0_0_5]_num_reads: 7217
RowBuffer[0_0_5]_read_bytes: 57344
ThreadScheduler[0_0_6]_breakdown_etc: 223674
ThreadScheduler[0_0_6]_breakdown_run: 1446308
ThreadScheduler[0_0_6]_breakdown_dma: 50358
Logic[0_0_6]_active_tasklets_2: 28746
Logic[0_0_6]_active_tasklets_3: 21863
Logic[0_0_6]_active_tasklets_6: 22087
Logic[0_0_6]_backpressure: 457521
Logic[0_0_6]_active_tasklets_7: 22649
Logic[0_0_6]_active_tasklets_8: 21000
Logic[0_0_6]_active_tasklets_13: 26287
Logic[0_0_6]_active_tasklets_5: 22125
Logic[0_0_6]_active_tasklets_11: 22220
Logic[0_0_6]_active_tasklets_14: 27985
Logic[0_0_6]_active_tasklets_15: 27875
Logic[0_0_6]_active_tasklets_16: 1188261
Logic[0_0_6]_num_instructions: 1446308
Logic[0_0_6]_active_tasklets_4: 21999
Logic[0_0_6]_active_tasklets_0: 518415
Logic[0_0_6]_active_tasklets_10: 21692
Logic[0_0_6]_active_tasklets_1: 139261
Logic[0_0_6]_active_tasklets_9: 21331
Logic[0_0_6]_active_tasklets_12: 24065
Logic[0_0_6]_logic_cycle: 2177861
CycleRule[0_0_6]_cycle_rule: 288736
MemoryController[0_0_6]_memory_cycle: 16739646
MemoryScheduler[0_0_6]_num_fcfs: 13245
RowBuffer[0_0_6]_num_writes: 6154
RowBuffer[0_0_6]_write_bytes: 49152
RowBuffer[0_0_6]_num_activations: 126
RowBuffer[0_0_6]_num_precharges: 124
RowBuffer[0_0_6]_num_reads: 7217
RowBuffer[0_0_6]_read_bytes: 57344
ThreadScheduler[0_0_7]_breakdown_etc: 223674
ThreadScheduler[0_0_7]_breakdown_run: 1446308
ThreadScheduler[0_0_7]_breakdown_dma: 50358
Logic[0_0_7]_backpressure: 457521
Logic[0_0_7]_active_tasklets_7: 22649
Logic[0_0_7]_active_tasklets_8: 21000
Logic[0_0_7]_active_tasklets_12: 24065
Logic[0_0_7]_active_tasklets_2: 28746
Logic[0_0_7]_active_tasklets_4: 21999
Logic[0_0_7]_active_tasklets_9: 21331
Logic[0_0_7]_active_tasklets_10: 21692
Logic[0_0_7]_active_tasklets_16: 1188261
Logic[0_0_7]_logic_cycle: 2177861
Logic[0_0_7]_num_instructions: 1446308
Logic[0_0_7]_active_tasklets_3: 21863
Logic[0_0_7]_active_tasklets_5: 22125
Logic[0_0_7]_active_tasklets_11: 22220
Logic[0_0_7]_active_tasklets_15: 27875
Logic[0_0_7]_active_tasklets_1: 139261
Logic[0_0_7]_active_tasklets_0: 518415
Logic[0_0_7]_active_tasklets_13: 26287
Logic[0_0_7]_active_tasklets_14: 27985
Logic[0_0_7]_active_tasklets_6: 22087
CycleRule[0_0_7]_cycle_rule: 288736
MemoryController[0_0_7]_memory_cycle: 16739646
MemoryScheduler[0_0_7]_num_fcfs: 13245
RowBuffer[0_0_7]_num_reads: 7217
RowBuffer[0_0_7]_read_bytes: 57344
RowBuffer[0_0_7]_num_writes: 6154
RowBuffer[0_0_7]_write_bytes: 49152
RowBuffer[0_0_7]_num_activations: 126
RowBuffer[0_0_7]_num_precharges: 124
HostTransfer_h2d_cycle: 466147
HostTransfer_h2d_bytes: 327680
HostTransfer_num_h2d: 16
HostTransfer_d2h_cycle: 145933
HostTransfer_d2h_bytes: 65536
HostTransfer_num_d2h: 8
HostTransfer_transfer_cycle: 612080
HostTransfer_xfer_model_trace_cycle: 3
MemoryScheduler_num_fcfs: 26957
MemoryScheduler_num_fr: 21433
VmBank[0_0_0]_vm_memory_cycle: 612080
VmRowBuffer[0_0_0]_num_reads: 8155
VmRowBuffer[0_0_0]_read_bytes: 65213
VmRowBuffer[0_0_0]_num_activations: 128
VmRowBuffer[0_0_0]_num_precharges: 127
VmBank[0_0_1]_vm_memory_cycle: 612080
VmRowBuffer[0_0_1]_read_bytes: 65216
VmRowBuffer[0_0_1]_num_activations: 128
VmRowBuffer[0_0_1]_num_precharges: 127
VmRowBuffer[0_0_1]_num_reads: 8152
VmBank[0_0_2]_vm_memory_cycle: 612080
VmRowBuffer[0_0_2]_read_bytes: 65536
VmRowBuffer[0_0_2]_num_activations: 128
VmRowBuffer[0_0_2]_num_precharges: 127
VmRowBuffer[0_0_2]_num_reads: 8196
VmBank[0_0_3]_vm_memory_cycle: 612080
VmRowBuffer[0_0_3]_num_reads: 8192
VmRowBuffer[0_0_3]_read_bytes: 65536
VmRowBuffer[0_0_3]_num_activations: 128
VmRowBuffer[0_0_3]_num_precharges: 127
VmBank[0_0_4]_vm_memory_cycle: 612080
VmRowBuffer[0_0_4]_num_reads: 4145
VmRowBuffer[0_0_4]_read_bytes: 33091
VmRowBuffer[0_0_4]_num_activations: 137
VmRowBuffer[0_0_4]_num_precharges: 135
VmRowBuffer[0_0_4]_num_writes: 4104
VmRowBuffer[0_0_4]_write_bytes: 32768
VmBank[0_0_5]_vm_memory_cycle: 612080
VmRowBuffer[0_0_5]_write_bytes: 32768
VmRowBuffer[0_0_5]_num_reads: 4136
VmRowBuffer[0_0_5]_read_bytes: 33088
VmRowBuffer[0_0_5]_num_activations: 137
VmRowBuffer[0_0_5]_num_precharges: 135
VmRowBuffer[0_0_5]_num_writes: 4096
VmBank[0_0_6]_vm_memory_cycle: 612080
VmBank[0_0_7]_vm_memory_cycle: 612080
VmBank[0_0_8]_vm_memory_cycle: 612080
VmBank[0_0_9]_vm_memory_cycle: 612080
VmBank[0_0_10]_vm_memory_cycle: 612080
VmBank[0_0_11]_vm_memory_cycle: 612080
VmBank[0_0_12]_vm_memory_cycle: 612080
VmBank[0_0_13]_vm_memory_cycle: 612080
VmBank[0_0_14]_vm_memory_cycle: 612080
VmBank[0_0_15]_vm_memory_cycle: 612080
