ThreadScheduler[0_0_0]_breakdown_etc: 576
ThreadScheduler[0_0_0]_breakdown_run: 360077
ThreadScheduler[0_0_0]_breakdown_dma: 17997
Logic[0_0_0]_num_instructions: 360077
Logic[0_0_0]_active_tasklets_4: 217
Logic[0_0_0]_active_tasklets_5: 369
Logic[0_0_0]_active_tasklets_6: 420
Logic[0_0_0]_active_tasklets_9: 391
Logic[0_0_0]_active_tasklets_11: 621
Logic[0_0_0]_active_tasklets_13: 507
Logic[0_0_0]_active_tasklets_2: 217
Logic[0_0_0]_active_tasklets_0: 234385
Logic[0_0_0]_active_tasklets_8: 481
Logic[0_0_0]_active_tasklets_15: 15595
Logic[0_0_0]_active_tasklets_16: 339508
Logic[0_0_0]_active_tasklets_1: 3455
Logic[0_0_0]_active_tasklets_3: 153
Logic[0_0_0]_backpressure: 219882
Logic[0_0_0]_active_tasklets_12: 334
Logic[0_0_0]_active_tasklets_14: 1098
Logic[0_0_0]_logic_cycle: 598532
Logic[0_0_0]_active_tasklets_7: 401
Logic[0_0_0]_active_tasklets_10: 380
CycleRule[0_0_0]_cycle_rule: 177244
MemoryController[0_0_0]_memory_cycle: 4463442
MemoryScheduler[0_0_0]_num_fcfs: 14011
RowBuffer[0_0_0]_num_writes: 6426
RowBuffer[0_0_0]_write_bytes: 51200
RowBuffer[0_0_0]_num_activations: 124
RowBuffer[0_0_0]_num_precharges: 122
RowBuffer[0_0_0]_num_reads: 7709
RowBuffer[0_0_0]_read_bytes: 61440
HostTransfer_h2d_bytes: 26624
HostTransfer_num_h2d: 2
HostTransfer_d2h_cycle: 69724
HostTransfer_d2h_bytes: 24576
HostTransfer_num_d2h: 1
HostTransfer_transfer_cycle: 145375
HostTransfer_xfer_model_trace_cycle: 3
HostTransfer_h2d_cycle: 75651
MemoryScheduler_num_fcfs: 3523
MemoryScheduler_num_fr: 2776
VmBank[0_0_0]_vm_memory_cycle: 145375
VmRowBuffer[0_0_0]_num_precharges: 50
VmRowBuffer[0_0_0]_num_writes: 1536
VmRowBuffer[0_0_0]_write_bytes: 12288
VmRowBuffer[0_0_0]_num_reads: 1664
VmRowBuffer[0_0_0]_read_bytes: 13312
VmRowBuffer[0_0_0]_num_activations: 52
VmBank[0_0_1]_vm_memory_cycle: 145375
VmRowBuffer[0_0_1]_num_reads: 1666
VmRowBuffer[0_0_1]_read_bytes: 13312
VmRowBuffer[0_0_1]_num_activations: 52
VmRowBuffer[0_0_1]_num_precharges: 50
VmRowBuffer[0_0_1]_num_writes: 1537
VmRowBuffer[0_0_1]_write_bytes: 12288
VmBank[0_0_2]_vm_memory_cycle: 145375
VmBank[0_0_3]_vm_memory_cycle: 145375
VmBank[0_0_4]_vm_memory_cycle: 145375
VmBank[0_0_5]_vm_memory_cycle: 145375
VmBank[0_0_6]_vm_memory_cycle: 145375
VmBank[0_0_7]_vm_memory_cycle: 145375
VmBank[0_0_8]_vm_memory_cycle: 145375
VmBank[0_0_9]_vm_memory_cycle: 145375
VmBank[0_0_10]_vm_memory_cycle: 145375
VmBank[0_0_11]_vm_memory_cycle: 145375
VmBank[0_0_12]_vm_memory_cycle: 145375
VmBank[0_0_13]_vm_memory_cycle: 145375
VmBank[0_0_14]_vm_memory_cycle: 145375
VmBank[0_0_15]_vm_memory_cycle: 145375
