ThreadScheduler[0_0_0]_breakdown_etc: 576
ThreadScheduler[0_0_0]_breakdown_run: 232237
ThreadScheduler[0_0_0]_breakdown_dma: 12214
Logic[0_0_0]_active_tasklets_1: 3419
Logic[0_0_0]_active_tasklets_5: 329
Logic[0_0_0]_backpressure: 142246
Logic[0_0_0]_active_tasklets_14: 939
Logic[0_0_0]_num_instructions: 232237
Logic[0_0_0]_active_tasklets_3: 186
Logic[0_0_0]_active_tasklets_8: 422
Logic[0_0_0]_active_tasklets_9: 473
Logic[0_0_0]_active_tasklets_15: 9056
Logic[0_0_0]_active_tasklets_16: 218389
Logic[0_0_0]_active_tasklets_10: 453
Logic[0_0_0]_logic_cycle: 387273
Logic[0_0_0]_active_tasklets_2: 208
Logic[0_0_0]_active_tasklets_4: 212
Logic[0_0_0]_active_tasklets_0: 151039
Logic[0_0_0]_active_tasklets_7: 387
Logic[0_0_0]_active_tasklets_11: 452
Logic[0_0_0]_active_tasklets_12: 378
Logic[0_0_0]_active_tasklets_6: 419
Logic[0_0_0]_active_tasklets_13: 512
CycleRule[0_0_0]_cycle_rule: 114156
MemoryController[0_0_0]_memory_cycle: 2917260
MemoryScheduler[0_0_0]_num_fcfs: 9431
RowBuffer[0_0_0]_num_writes: 4370
RowBuffer[0_0_0]_write_bytes: 34816
RowBuffer[0_0_0]_num_activations: 84
RowBuffer[0_0_0]_num_precharges: 82
RowBuffer[0_0_0]_num_reads: 5145
RowBuffer[0_0_0]_read_bytes: 40960
HostTransfer_d2h_bytes: 16384
HostTransfer_num_d2h: 1
HostTransfer_transfer_cycle: 98937
HostTransfer_xfer_model_trace_cycle: 3
HostTransfer_h2d_cycle: 52432
HostTransfer_h2d_bytes: 18432
HostTransfer_num_h2d: 2
HostTransfer_d2h_cycle: 46505
MemoryScheduler_num_fcfs: 2403
MemoryScheduler_num_fr: 1880
VmBank[0_0_0]_vm_memory_cycle: 98937
VmRowBuffer[0_0_0]_write_bytes: 8192
VmRowBuffer[0_0_0]_num_reads: 1152
VmRowBuffer[0_0_0]_read_bytes: 9216
VmRowBuffer[0_0_0]_num_activations: 36
VmRowBuffer[0_0_0]_num_precharges: 34
VmRowBuffer[0_0_0]_num_writes: 1024
VmBank[0_0_1]_vm_memory_cycle: 98937
VmRowBuffer[0_0_1]_num_precharges: 34
VmRowBuffer[0_0_1]_num_writes: 1025
VmRowBuffer[0_0_1]_write_bytes: 8192
VmRowBuffer[0_0_1]_num_reads: 1154
VmRowBuffer[0_0_1]_read_bytes: 9216
VmRowBuffer[0_0_1]_num_activations: 36
VmBank[0_0_2]_vm_memory_cycle: 98937
VmBank[0_0_3]_vm_memory_cycle: 98937
VmBank[0_0_4]_vm_memory_cycle: 98937
VmBank[0_0_5]_vm_memory_cycle: 98937
VmBank[0_0_6]_vm_memory_cycle: 98937
VmBank[0_0_7]_vm_memory_cycle: 98937
VmBank[0_0_8]_vm_memory_cycle: 98937
VmBank[0_0_9]_vm_memory_cycle: 98937
VmBank[0_0_10]_vm_memory_cycle: 98937
VmBank[0_0_11]_vm_memory_cycle: 98937
VmBank[0_0_12]_vm_memory_cycle: 98937
VmBank[0_0_13]_vm_memory_cycle: 98937
VmBank[0_0_14]_vm_memory_cycle: 98937
VmBank[0_0_15]_vm_memory_cycle: 98937
