ThreadScheduler[0_0_0]_breakdown_etc: 617
ThreadScheduler[0_0_0]_breakdown_run: 129389
ThreadScheduler[0_0_0]_breakdown_dma: 6403
Logic[0_0_0]_active_tasklets_3: 188
Logic[0_0_0]_active_tasklets_5: 335
Logic[0_0_0]_backpressure: 71712
Logic[0_0_0]_active_tasklets_0: 74555
Logic[0_0_0]_active_tasklets_12: 426
Logic[0_0_0]_active_tasklets_13: 441
Logic[0_0_0]_active_tasklets_2: 180
Logic[0_0_0]_active_tasklets_10: 448
Logic[0_0_0]_active_tasklets_14: 736
Logic[0_0_0]_active_tasklets_16: 122324
Logic[0_0_0]_active_tasklets_8: 380
Logic[0_0_0]_active_tasklets_4: 181
Logic[0_0_0]_active_tasklets_6: 418
Logic[0_0_0]_active_tasklets_7: 404
Logic[0_0_0]_active_tasklets_15: 2556
Logic[0_0_0]_active_tasklets_1: 3668
Logic[0_0_0]_logic_cycle: 208121
Logic[0_0_0]_active_tasklets_11: 388
Logic[0_0_0]_active_tasklets_9: 493
Logic[0_0_0]_num_instructions: 129389
CycleRule[0_0_0]_cycle_rule: 55116
MemoryController[0_0_0]_memory_cycle: 1563726
MemoryScheduler[0_0_0]_num_fcfs: 4843
RowBuffer[0_0_0]_num_writes: 2314
RowBuffer[0_0_0]_write_bytes: 18432
RowBuffer[0_0_0]_num_activations: 44
RowBuffer[0_0_0]_num_precharges: 42
RowBuffer[0_0_0]_num_reads: 2573
RowBuffer[0_0_0]_read_bytes: 20480
HostTransfer_num_d2h: 1
HostTransfer_transfer_cycle: 52500
HostTransfer_xfer_model_trace_cycle: 3
HostTransfer_h2d_cycle: 29214
HostTransfer_h2d_bytes: 10240
HostTransfer_num_h2d: 2
HostTransfer_d2h_cycle: 23286
HostTransfer_d2h_bytes: 8192
MemoryScheduler_num_fcfs: 1283
MemoryScheduler_num_fr: 984
VmBank[0_0_0]_vm_memory_cycle: 52500
VmRowBuffer[0_0_0]_num_reads: 640
VmRowBuffer[0_0_0]_read_bytes: 5120
VmRowBuffer[0_0_0]_num_activations: 20
VmRowBuffer[0_0_0]_num_precharges: 18
VmRowBuffer[0_0_0]_num_writes: 512
VmRowBuffer[0_0_0]_write_bytes: 4096
VmBank[0_0_1]_vm_memory_cycle: 52500
VmRowBuffer[0_0_1]_num_precharges: 18
VmRowBuffer[0_0_1]_num_writes: 513
VmRowBuffer[0_0_1]_write_bytes: 4096
VmRowBuffer[0_0_1]_num_reads: 642
VmRowBuffer[0_0_1]_read_bytes: 5120
VmRowBuffer[0_0_1]_num_activations: 20
VmBank[0_0_2]_vm_memory_cycle: 52500
VmBank[0_0_3]_vm_memory_cycle: 52500
VmBank[0_0_4]_vm_memory_cycle: 52500
VmBank[0_0_5]_vm_memory_cycle: 52500
VmBank[0_0_6]_vm_memory_cycle: 52500
VmBank[0_0_7]_vm_memory_cycle: 52500
VmBank[0_0_8]_vm_memory_cycle: 52500
VmBank[0_0_9]_vm_memory_cycle: 52500
VmBank[0_0_10]_vm_memory_cycle: 52500
VmBank[0_0_11]_vm_memory_cycle: 52500
VmBank[0_0_12]_vm_memory_cycle: 52500
VmBank[0_0_13]_vm_memory_cycle: 52500
VmBank[0_0_14]_vm_memory_cycle: 52500
VmBank[0_0_15]_vm_memory_cycle: 52500
