ThreadScheduler[0_0_0]_breakdown_etc: 896898
ThreadScheduler[0_0_0]_breakdown_run: 5782456
ThreadScheduler[0_0_0]_breakdown_dma: 192985
Logic[0_0_0]_active_tasklets_14: 113063
Logic[0_0_0]_active_tasklets_15: 113347
Logic[0_0_0]_active_tasklets_1: 549091
Logic[0_0_0]_active_tasklets_5: 90603
Logic[0_0_0]_active_tasklets_6: 88608
Logic[0_0_0]_active_tasklets_0: 2146932
Logic[0_0_0]_active_tasklets_13: 105955
Logic[0_0_0]_num_instructions: 5782456
Logic[0_0_0]_active_tasklets_3: 88589
Logic[0_0_0]_active_tasklets_4: 89434
Logic[0_0_0]_active_tasklets_7: 91429
Logic[0_0_0]_active_tasklets_12: 96860
Logic[0_0_0]_active_tasklets_16: 4743380
Logic[0_0_0]_backpressure: 1902601
Logic[0_0_0]_active_tasklets_9: 86171
Logic[0_0_0]_active_tasklets_11: 89667
Logic[0_0_0]_logic_cycle: 8774940
Logic[0_0_0]_active_tasklets_2: 108957
Logic[0_0_0]_active_tasklets_8: 85314
Logic[0_0_0]_active_tasklets_10: 87540
CycleRule[0_0_0]_cycle_rule: 1157696
MemoryController[0_0_0]_memory_cycle: 55569168
MemoryScheduler[0_0_0]_num_fcfs: 49929
RowBuffer[0_0_0]_num_precharges: 472
RowBuffer[0_0_0]_num_reads: 28865
RowBuffer[0_0_0]_read_bytes: 229376
RowBuffer[0_0_0]_num_writes: 21538
RowBuffer[0_0_0]_write_bytes: 172032
RowBuffer[0_0_0]_num_activations: 474
HostTransfer_d2h_cycle: 92942
HostTransfer_d2h_bytes: 32768
HostTransfer_num_d2h: 1
HostTransfer_transfer_cycle: 486588
HostTransfer_xfer_model_trace_cycle: 3
HostTransfer_h2d_cycle: 393646
HostTransfer_h2d_bytes: 139264
HostTransfer_num_h2d: 2
MemoryScheduler_num_fcfs: 11783
MemoryScheduler_num_fr: 9384
VmBank[0_0_0]_vm_memory_cycle: 486588
VmRowBuffer[0_0_0]_num_activations: 128
VmRowBuffer[0_0_0]_num_precharges: 127
VmRowBuffer[0_0_0]_num_reads: 8152
VmRowBuffer[0_0_0]_read_bytes: 65216
VmBank[0_0_1]_vm_memory_cycle: 486588
VmRowBuffer[0_0_1]_num_precharges: 127
VmRowBuffer[0_0_1]_num_reads: 8157
VmRowBuffer[0_0_1]_read_bytes: 65253
VmRowBuffer[0_0_1]_num_activations: 128
VmBank[0_0_2]_vm_memory_cycle: 486588
VmRowBuffer[0_0_2]_num_writes: 2048
VmRowBuffer[0_0_2]_write_bytes: 16384
VmRowBuffer[0_0_2]_num_reads: 552
VmRowBuffer[0_0_2]_read_bytes: 4416
VmRowBuffer[0_0_2]_num_activations: 42
VmRowBuffer[0_0_2]_num_precharges: 40
VmBank[0_0_3]_vm_memory_cycle: 486588
VmRowBuffer[0_0_3]_num_activations: 42
VmRowBuffer[0_0_3]_num_precharges: 40
VmRowBuffer[0_0_3]_num_writes: 2049
VmRowBuffer[0_0_3]_write_bytes: 16384
VmRowBuffer[0_0_3]_num_reads: 549
VmRowBuffer[0_0_3]_read_bytes: 4379
VmBank[0_0_4]_vm_memory_cycle: 486588
VmBank[0_0_5]_vm_memory_cycle: 486588
VmBank[0_0_6]_vm_memory_cycle: 486588
VmBank[0_0_7]_vm_memory_cycle: 486588
VmBank[0_0_8]_vm_memory_cycle: 486588
VmBank[0_0_9]_vm_memory_cycle: 486588
VmBank[0_0_10]_vm_memory_cycle: 486588
VmBank[0_0_11]_vm_memory_cycle: 486588
VmBank[0_0_12]_vm_memory_cycle: 486588
VmBank[0_0_13]_vm_memory_cycle: 486588
VmBank[0_0_14]_vm_memory_cycle: 486588
VmBank[0_0_15]_vm_memory_cycle: 486588
