ThreadScheduler[0_0_0]_breakdown_etc: 2690498
ThreadScheduler[0_0_0]_breakdown_run: 17345976
ThreadScheduler[0_0_0]_breakdown_dma: 572729
Logic[0_0_0]_active_tasklets_16: 14224020
Logic[0_0_0]_active_tasklets_7: 274645
Logic[0_0_0]_active_tasklets_11: 269523
Logic[0_0_0]_active_tasklets_13: 318419
Logic[0_0_0]_active_tasklets_9: 258971
Logic[0_0_0]_active_tasklets_15: 341203
Logic[0_0_0]_active_tasklets_1: 1642931
Logic[0_0_0]_num_instructions: 17345976
Logic[0_0_0]_active_tasklets_2: 323645
Logic[0_0_0]_active_tasklets_3: 265741
Logic[0_0_0]_active_tasklets_4: 268762
Logic[0_0_0]_active_tasklets_5: 272347
Logic[0_0_0]_active_tasklets_6: 266224
Logic[0_0_0]_backpressure: 5707177
Logic[0_0_0]_logic_cycle: 26316380
Logic[0_0_0]_active_tasklets_0: 6439412
Logic[0_0_0]_active_tasklets_8: 256514
Logic[0_0_0]_active_tasklets_10: 263156
Logic[0_0_0]_active_tasklets_12: 291004
Logic[0_0_0]_active_tasklets_14: 339863
CycleRule[0_0_0]_cycle_rule: 3472704
MemoryController[0_0_0]_memory_cycle: 163242192
MemoryScheduler[0_0_0]_num_fcfs: 147753
RowBuffer[0_0_0]_write_bytes: 499712
RowBuffer[0_0_0]_num_activations: 1402
RowBuffer[0_0_0]_num_precharges: 1400
RowBuffer[0_0_0]_num_reads: 86593
RowBuffer[0_0_0]_read_bytes: 688128
RowBuffer[0_0_0]_num_writes: 62562
HostTransfer_h2d_cycle: 611960
HostTransfer_h2d_bytes: 401408
HostTransfer_num_h2d: 2
HostTransfer_d2h_cycle: 278692
HostTransfer_d2h_bytes: 98304
HostTransfer_num_d2h: 1
HostTransfer_transfer_cycle: 890652
HostTransfer_xfer_model_trace_cycle: 3
MemoryScheduler_num_fcfs: 34183
MemoryScheduler_num_fr: 27304
VmBank[0_0_0]_vm_memory_cycle: 890652
VmRowBuffer[0_0_0]_num_reads: 8152
VmRowBuffer[0_0_0]_read_bytes: 65216
VmRowBuffer[0_0_0]_num_activations: 128
VmRowBuffer[0_0_0]_num_precharges: 127
VmBank[0_0_1]_vm_memory_cycle: 890652
VmRowBuffer[0_0_1]_num_reads: 8157
VmRowBuffer[0_0_1]_read_bytes: 65253
VmRowBuffer[0_0_1]_num_activations: 128
VmRowBuffer[0_0_1]_num_precharges: 127
VmBank[0_0_2]_vm_memory_cycle: 890652
VmRowBuffer[0_0_2]_num_reads: 8192
VmRowBuffer[0_0_2]_read_bytes: 65536
VmRowBuffer[0_0_2]_num_activations: 128
VmRowBuffer[0_0_2]_num_precharges: 127
VmBank[0_0_3]_vm_memory_cycle: 890652
VmRowBuffer[0_0_3]_read_bytes: 65536
VmRowBuffer[0_0_3]_num_activations: 128
VmRowBuffer[0_0_3]_num_precharges: 127
VmRowBuffer[0_0_3]_num_reads: 8192
VmBank[0_0_4]_vm_memory_cycle: 890652
VmRowBuffer[0_0_4]_num_precharges: 127
VmRowBuffer[0_0_4]_num_reads: 8192
VmRowBuffer[0_0_4]_read_bytes: 65536
VmRowBuffer[0_0_4]_num_activations: 128
VmBank[0_0_5]_vm_memory_cycle: 890652
VmRowBuffer[0_0_5]_num_reads: 8192
VmRowBuffer[0_0_5]_read_bytes: 65536
VmRowBuffer[0_0_5]_num_activations: 128
VmRowBuffer[0_0_5]_num_precharges: 127
VmBank[0_0_6]_vm_memory_cycle: 890652
VmRowBuffer[0_0_6]_num_writes: 6144
VmRowBuffer[0_0_6]_write_bytes: 49152
VmRowBuffer[0_0_6]_num_reads: 552
VmRowBuffer[0_0_6]_read_bytes: 4416
VmRowBuffer[0_0_6]_num_activations: 106
VmRowBuffer[0_0_6]_num_precharges: 104
VmBank[0_0_7]_vm_memory_cycle: 890652
VmRowBuffer[0_0_7]_num_reads: 549
VmRowBuffer[0_0_7]_read_bytes: 4379
VmRowBuffer[0_0_7]_num_activations: 106
VmRowBuffer[0_0_7]_num_precharges: 104
VmRowBuffer[0_0_7]_num_writes: 6145
VmRowBuffer[0_0_7]_write_bytes: 49152
VmBank[0_0_8]_vm_memory_cycle: 890652
VmBank[0_0_9]_vm_memory_cycle: 890652
VmBank[0_0_10]_vm_memory_cycle: 890652
VmBank[0_0_11]_vm_memory_cycle: 890652
VmBank[0_0_12]_vm_memory_cycle: 890652
VmBank[0_0_13]_vm_memory_cycle: 890652
VmBank[0_0_14]_vm_memory_cycle: 890652
VmBank[0_0_15]_vm_memory_cycle: 890652
