ThreadScheduler[0_0_0]_breakdown_etc: 1794722
ThreadScheduler[0_0_0]_breakdown_run: 11564216
ThreadScheduler[0_0_0]_breakdown_dma: 383369
Logic[0_0_0]_active_tasklets_14: 226463
Logic[0_0_0]_num_instructions: 11564216
Logic[0_0_0]_active_tasklets_0: 4291124
Logic[0_0_0]_active_tasklets_10: 175348
Logic[0_0_0]_active_tasklets_13: 212187
Logic[0_0_0]_active_tasklets_2: 217837
Logic[0_0_0]_active_tasklets_3: 178189
Logic[0_0_0]_active_tasklets_8: 170914
Logic[0_0_0]_active_tasklets_11: 179595
Logic[0_0_0]_active_tasklets_16: 9483700
Logic[0_0_0]_active_tasklets_5: 181731
Logic[0_0_0]_active_tasklets_6: 178440
Logic[0_0_0]_backpressure: 3802841
Logic[0_0_0]_active_tasklets_7: 183805
Logic[0_0_0]_active_tasklets_9: 172571
Logic[0_0_0]_active_tasklets_15: 227275
Logic[0_0_0]_active_tasklets_1: 1094475
Logic[0_0_0]_logic_cycle: 17545148
Logic[0_0_0]_active_tasklets_4: 177562
Logic[0_0_0]_active_tasklets_12: 193932
CycleRule[0_0_0]_cycle_rule: 2315200
MemoryController[0_0_0]_memory_cycle: 109406040
MemoryScheduler[0_0_0]_num_fcfs: 98841
RowBuffer[0_0_0]_num_writes: 42050
RowBuffer[0_0_0]_write_bytes: 335872
RowBuffer[0_0_0]_num_activations: 938
RowBuffer[0_0_0]_num_precharges: 936
RowBuffer[0_0_0]_num_reads: 57729
RowBuffer[0_0_0]_read_bytes: 458752
HostTransfer_num_h2d: 2
HostTransfer_d2h_cycle: 185817
HostTransfer_d2h_bytes: 65536
HostTransfer_num_d2h: 1
HostTransfer_transfer_cycle: 689192
HostTransfer_xfer_model_trace_cycle: 3
HostTransfer_h2d_cycle: 503375
HostTransfer_h2d_bytes: 270336
MemoryScheduler_num_fcfs: 22983
MemoryScheduler_num_fr: 18344
VmBank[0_0_0]_vm_memory_cycle: 689192
VmRowBuffer[0_0_0]_num_reads: 8152
VmRowBuffer[0_0_0]_read_bytes: 65216
VmRowBuffer[0_0_0]_num_activations: 128
VmRowBuffer[0_0_0]_num_precharges: 127
VmBank[0_0_1]_vm_memory_cycle: 689192
VmRowBuffer[0_0_1]_num_reads: 8157
VmRowBuffer[0_0_1]_read_bytes: 65253
VmRowBuffer[0_0_1]_num_activations: 128
VmRowBuffer[0_0_1]_num_precharges: 127
VmBank[0_0_2]_vm_memory_cycle: 689192
VmRowBuffer[0_0_2]_num_reads: 8192
VmRowBuffer[0_0_2]_read_bytes: 65536
VmRowBuffer[0_0_2]_num_activations: 128
VmRowBuffer[0_0_2]_num_precharges: 127
VmBank[0_0_3]_vm_memory_cycle: 689192
VmRowBuffer[0_0_3]_read_bytes: 65536
VmRowBuffer[0_0_3]_num_activations: 128
VmRowBuffer[0_0_3]_num_precharges: 127
VmRowBuffer[0_0_3]_num_reads: 8192
VmBank[0_0_4]_vm_memory_cycle: 689192
VmRowBuffer[0_0_4]_num_precharges: 72
VmRowBuffer[0_0_4]_num_writes: 4096
VmRowBuffer[0_0_4]_write_bytes: 32768
VmRowBuffer[0_0_4]_num_reads: 552
VmRowBuffer[0_0_4]_read_bytes: 4416
VmRowBuffer[0_0_4]_num_activations: 74
VmBank[0_0_5]_vm_memory_cycle: 689192
VmRowBuffer[0_0_5]_num_reads: 549
VmRowBuffer[0_0_5]_read_bytes: 4379
VmRowBuffer[0_0_5]_num_activations: 74
VmRowBuffer[0_0_5]_num_precharges: 72
VmRowBuffer[0_0_5]_num_writes: 4097
VmRowBuffer[0_0_5]_write_bytes: 32768
VmBank[0_0_6]_vm_memory_cycle: 689192
VmBank[0_0_7]_vm_memory_cycle: 689192
VmBank[0_0_8]_vm_memory_cycle: 689192
VmBank[0_0_9]_vm_memory_cycle: 689192
VmBank[0_0_10]_vm_memory_cycle: 689192
VmBank[0_0_11]_vm_memory_cycle: 689192
VmBank[0_0_12]_vm_memory_cycle: 689192
VmBank[0_0_13]_vm_memory_cycle: 689192
VmBank[0_0_14]_vm_memory_cycle: 689192
VmBank[0_0_15]_vm_memory_cycle: 689192
