ThreadScheduler[0_0_0]_breakdown_etc: 55457
ThreadScheduler[0_0_0]_breakdown_run: 135418
ThreadScheduler[0_0_0]_breakdown_dma: 10380
Logic[0_0_0]_active_tasklets_2: 5667
Logic[0_0_0]_active_tasklets_3: 5701
Logic[0_0_0]_active_tasklets_6: 5577
Logic[0_0_0]_active_tasklets_14: 7131
Logic[0_0_0]_active_tasklets_5: 5633
Logic[0_0_0]_backpressure: 35478
Logic[0_0_0]_active_tasklets_0: 50398
Logic[0_0_0]_active_tasklets_10: 5516
Logic[0_0_0]_logic_cycle: 236733
Logic[0_0_0]_active_tasklets_4: 5686
Logic[0_0_0]_active_tasklets_8: 5377
Logic[0_0_0]_active_tasklets_11: 5542
Logic[0_0_0]_active_tasklets_13: 6672
Logic[0_0_0]_active_tasklets_15: 7759
Logic[0_0_0]_active_tasklets_16: 69747
Logic[0_0_0]_active_tasklets_7: 5541
Logic[0_0_0]_active_tasklets_9: 5513
Logic[0_0_0]_active_tasklets_12: 6171
Logic[0_0_0]_active_tasklets_1: 33102
Logic[0_0_0]_num_instructions: 135418
CycleRule[0_0_0]_cycle_rule: 22160
MemoryController[0_0_0]_memory_cycle: 1420398
MemoryScheduler[0_0_0]_num_fcfs: 1401
RowBuffer[0_0_0]_read_bytes: 9216
RowBuffer[0_0_0]_num_activations: 17
RowBuffer[0_0_0]_num_precharges: 16
RowBuffer[0_0_0]_num_writes: 258
RowBuffer[0_0_0]_write_bytes: 2048
RowBuffer[0_0_0]_num_reads: 1160
HostTransfer_h2d_cycle: 65792
HostTransfer_num_h2d: 1
HostTransfer_xfer_model_fixed_bw: 2
HostTransfer_d2h_bytes: 2048
HostTransfer_num_d2h: 1
HostTransfer_h2d_bytes: 8704
HostTransfer_d2h_cycle: 73008
HostTransfer_transfer_cycle: 138800
