ThreadScheduler[0_0_0]_breakdown_etc: 111080
ThreadScheduler[0_0_0]_breakdown_run: 269594
ThreadScheduler[0_0_0]_breakdown_dma: 20885
Logic[0_0_0]_active_tasklets_2: 11242
Logic[0_0_0]_active_tasklets_11: 11079
Logic[0_0_0]_active_tasklets_16: 138544
Logic[0_0_0]_logic_cycle: 471804
Logic[0_0_0]_num_instructions: 269594
Logic[0_0_0]_active_tasklets_3: 11314
Logic[0_0_0]_active_tasklets_5: 11229
Logic[0_0_0]_active_tasklets_6: 11092
Logic[0_0_0]_active_tasklets_15: 15660
Logic[0_0_0]_backpressure: 70245
Logic[0_0_0]_active_tasklets_0: 100320
Logic[0_0_0]_active_tasklets_8: 10571
Logic[0_0_0]_active_tasklets_9: 10817
Logic[0_0_0]_active_tasklets_10: 11003
Logic[0_0_0]_active_tasklets_4: 11285
Logic[0_0_0]_active_tasklets_7: 11162
Logic[0_0_0]_active_tasklets_12: 12439
Logic[0_0_0]_active_tasklets_13: 13344
Logic[0_0_0]_active_tasklets_14: 14181
Logic[0_0_0]_active_tasklets_1: 66522
CycleRule[0_0_0]_cycle_rule: 43776
MemoryController[0_0_0]_memory_cycle: 2830824
MemoryScheduler[0_0_0]_num_fcfs: 2801
RowBuffer[0_0_0]_num_precharges: 34
RowBuffer[0_0_0]_num_writes: 516
RowBuffer[0_0_0]_write_bytes: 4096
RowBuffer[0_0_0]_num_reads: 2320
RowBuffer[0_0_0]_read_bytes: 18432
RowBuffer[0_0_0]_num_activations: 35
HostTransfer_transfer_cycle: 273732
HostTransfer_h2d_bytes: 16896
HostTransfer_xfer_model_fixed_bw: 2
HostTransfer_h2d_cycle: 127715
HostTransfer_num_h2d: 1
HostTransfer_d2h_cycle: 146017
HostTransfer_d2h_bytes: 4096
HostTransfer_num_d2h: 1
