ThreadScheduler[0_0_0]_breakdown_etc: 110940
ThreadScheduler[0_0_0]_breakdown_run: 268734
ThreadScheduler[0_0_0]_breakdown_dma: 20404
Logic[0_0_0]_active_tasklets_13: 13385
Logic[0_0_0]_active_tasklets_15: 14957
Logic[0_0_0]_active_tasklets_16: 138122
Logic[0_0_0]_active_tasklets_7: 10988
Logic[0_0_0]_logic_cycle: 469693
Logic[0_0_0]_active_tasklets_2: 11286
Logic[0_0_0]_active_tasklets_5: 11135
Logic[0_0_0]_backpressure: 69615
Logic[0_0_0]_active_tasklets_8: 10563
Logic[0_0_0]_active_tasklets_11: 11300
Logic[0_0_0]_num_instructions: 268734
Logic[0_0_0]_active_tasklets_3: 11248
Logic[0_0_0]_active_tasklets_4: 11090
Logic[0_0_0]_active_tasklets_0: 99333
Logic[0_0_0]_active_tasklets_9: 10916
Logic[0_0_0]_active_tasklets_10: 11147
Logic[0_0_0]_active_tasklets_12: 12255
Logic[0_0_0]_active_tasklets_14: 14335
Logic[0_0_0]_active_tasklets_1: 66331
Logic[0_0_0]_active_tasklets_6: 11302
CycleRule[0_0_0]_cycle_rule: 43328
MemoryController[0_0_0]_memory_cycle: 2818158
MemoryScheduler[0_0_0]_num_fcfs: 2518
RowBuffer[0_0_0]_read_bytes: 18432
RowBuffer[0_0_0]_num_activations: 42
RowBuffer[0_0_0]_num_precharges: 41
RowBuffer[0_0_0]_num_writes: 256
RowBuffer[0_0_0]_write_bytes: 2048
RowBuffer[0_0_0]_num_reads: 2304
HostTransfer_h2d_cycle: 131585
HostTransfer_d2h_bytes: 2048
HostTransfer_transfer_cycle: 204593
HostTransfer_h2d_bytes: 17408
HostTransfer_num_h2d: 1
HostTransfer_xfer_model_fixed_bw: 2
HostTransfer_d2h_cycle: 73008
HostTransfer_num_d2h: 1
