ThreadScheduler[0_0_0]_breakdown_etc: 166714
ThreadScheduler[0_0_0]_breakdown_run: 403916
ThreadScheduler[0_0_0]_breakdown_dma: 31325
Logic[0_0_0]_active_tasklets_4: 16895
Logic[0_0_0]_active_tasklets_11: 16599
Logic[0_0_0]_active_tasklets_6: 16608
Logic[0_0_0]_active_tasklets_0: 150446
Logic[0_0_0]_active_tasklets_8: 15829
Logic[0_0_0]_active_tasklets_16: 207452
Logic[0_0_0]_active_tasklets_1: 99920
Logic[0_0_0]_num_instructions: 403916
Logic[0_0_0]_active_tasklets_2: 16810
Logic[0_0_0]_active_tasklets_5: 16817
Logic[0_0_0]_backpressure: 105219
Logic[0_0_0]_active_tasklets_7: 16640
Logic[0_0_0]_active_tasklets_12: 18705
Logic[0_0_0]_active_tasklets_13: 20026
Logic[0_0_0]_logic_cycle: 707174
Logic[0_0_0]_active_tasklets_3: 16928
Logic[0_0_0]_active_tasklets_9: 16213
Logic[0_0_0]_active_tasklets_10: 16515
Logic[0_0_0]_active_tasklets_14: 21229
Logic[0_0_0]_active_tasklets_15: 23542
CycleRule[0_0_0]_cycle_rule: 65552
MemoryController[0_0_0]_memory_cycle: 4243044
MemoryScheduler[0_0_0]_num_fcfs: 4201
RowBuffer[0_0_0]_write_bytes: 6144
RowBuffer[0_0_0]_num_reads: 3480
RowBuffer[0_0_0]_read_bytes: 27648
RowBuffer[0_0_0]_num_activations: 53
RowBuffer[0_0_0]_num_precharges: 52
RowBuffer[0_0_0]_num_writes: 774
HostTransfer_h2d_bytes: 25088
HostTransfer_num_h2d: 1
HostTransfer_xfer_model_fixed_bw: 2
HostTransfer_d2h_cycle: 219025
HostTransfer_d2h_bytes: 6144
HostTransfer_h2d_cycle: 189638
HostTransfer_num_d2h: 1
HostTransfer_transfer_cycle: 408663
